09-21 23:39:32.061  2257  2257 D StatusBar:     showMiuiAction=F enableFloat=T enableKeyguard=T floatTime=5000 messageCount=1 persistent=F customHeight=F
09-21 23:39:32.064  5532  5979 V h       : flags=106
09-21 23:39:32.065  5532  5979 V h       : ret=0
09-21 23:39:32.086  2257  2257 D StatusBar: No peeking: unimportant notification: 0|com.github.kr328.clash.foss|2131296550|null|10641
09-21 23:39:32.087  2257  2257 D StatusBar: updateHeadsUp wasHeadsUp=false shouldPeek=false alertAgain=true
09-21 23:39:32.553  2257  2561 D MobileSignalController: updateDataType mSelectedDataTypeIcon[0]=2131233307, mSelectedDataActivityIndex=6
09-21 23:39:32.553  2257  2561 D TelephonyIcons: getSignalStrengthIcon: slot=0, inetCondition=1, level=5, roaming=false, signalstrength=SignalStrength:{mCdma=CellSignalStrengthCdma: cdmaDbm=2147483647 cdmaEcio=2147483647 evdoDbm=2147483647 evdoEcio=2147483647 evdoSnr=2147483647 miuiLevel=0 level=0,mGsm=CellSignalStrengthGsm: rssi=2147483647 ber=2147483647 mTa=2147483647 miuiLevel=0 mLevel=0,mWcdma=CellSignalStrengthWcdma: ss=2147483647 ber=2147483647 rscp=2147483647 ecno=2147483647 miuiLevel=0 level=0,mTdscdma=CellSignalStrengthTdscdma: rssi=2147483647 ber=2147483647 rscp=2147483647 miuiLevel=0 level=0,mLte=CellSignalStrengthLte: rssi=-57 rsrp=-87 rsrq=-14 rssnr=-4 cqi=2147483647 ta=2147483647 miuiLevel=5 level=1,mNr=CellSignalStrengthNr:{ csiRsrp = 2147483647 csiRsrq = 2147483647 csiSinr = 2147483647 ssRsrp = 2147483647 ssRsrq = 2147483647 ssSinr = 2147483647 miuiLevel = 0 level = 0 },primary=CellSignalStrengthLte}
09-21 23:39:32.553  2257  2561 D TelephonyIcons: getDataActivity, slot=0, activity=3
09-21 23:39:32.554  2257  2561 D TelephonyIcons: null signal icon name: drawable/stat_sys_signal_null
09-21 23:39:32.555  2257  2561 D TelephonyIcons: getDataTypeIcon sub=0
09-21 23:39:32.555  2257  2257 D SignalClusterView: updateMobileTypeImage  0
09-21 23:39:32.568  2257  2257 I chatty  : uid=1000(system) com.android.systemui identical 5 lines
09-21 23:39:32.569  2257  2257 D SignalClusterView: updateMobileTypeImage  0
09-21 23:39:33.058  2257  2257 D StatusBar: onNotificationPosted key=0|com.github.kr328.clash.foss|2131296550|null|10641 isUpdate=true
09-21 23:39:33.059  2257  2257 D StatusBar: updateNotification old=StatusBarNotification(pkg=com.github.kr328.clash.foss user=UserHandle{0} id=2131296550 tag=null key=0|com.github.kr328.clash.foss|2131296550|null|10641: Notification(channel=clash_status_channel pri=0 contentView=null vibrate=null sound=null defaults=0x0 flags=0x6a color=0xff1e4376 vis=PRIVATE))
09-21 23:39:33.059  2257  2257 D StatusBar:     pkgName=com.github.kr328.clash.foss appUid=10641 sdk=30 imp=2 sysApp=F priApp=F hasShown=F float=F keyguard=F peek=F fullscreen=F
09-21 23:39:33.059  2257  2257 D StatusBar:     showMiuiAction=F enableFloat=T enableKeyguard=T floatTime=5000 messageCount=1 persistent=F customHeight=F
09-21 23:39:33.059  5532  5979 V h       : flags=106
09-21 23:39:33.060  5532  5979 V h       : ret=0
09-21 23:39:33.070  2257  2257 D StatusBar: No peeking: unimportant notification: 0|com.github.kr328.clash.foss|2131296550|null|10641
09-21 23:39:33.070  2257  2257 D StatusBar: updateHeadsUp wasHeadsUp=false shouldPeek=false alertAgain=true
09-21 23:39:34.061  2257  2257 D StatusBar: onNotificationPosted key=0|com.github.kr328.clash.foss|2131296550|null|10641 isUpdate=true
09-21 23:39:34.061  5532  5979 V h       : flags=106
09-21 23:39:34.061  2257  2257 D StatusBar: updateNotification old=StatusBarNotification(pkg=com.github.kr328.clash.foss user=UserHandle{0} id=2131296550 tag=null key=0|com.github.kr328.clash.foss|2131296550|null|10641: Notification(channel=clash_status_channel pri=0 contentView=null vibrate=null sound=null defaults=0x0 flags=0x6a color=0xff1e4376 vis=PRIVATE))
09-21 23:39:34.061  2257  2257 D StatusBar:     pkgName=com.github.kr328.clash.foss appUid=10641 sdk=30 imp=2 sysApp=F priApp=F hasShown=F float=F keyguard=F peek=F fullscreen=F
09-21 23:39:34.061  2257  2257 D StatusBar:     showMiuiAction=F enableFloat=T enableKeyguard=T floatTime=5000 messageCount=1 persistent=F customHeight=F
09-21 23:39:34.063  5532  5979 V h       : ret=0
09-21 23:39:34.071  2257  2257 D StatusBar: No peeking: unimportant notification: 0|com.github.kr328.clash.foss|2131296550|null|10641
09-21 23:39:34.071  2257  2257 D StatusBar: updateHeadsUp wasHeadsUp=false shouldPeek=false alertAgain=true
09-21 23:39:35.063  2257  2257 D StatusBar: onNotificationPosted key=0|com.github.kr328.clash.foss|2131296550|null|10641 isUpdate=true
09-21 23:39:35.063  2257  2257 D StatusBar: updateNotification old=StatusBarNotification(pkg=com.github.kr328.clash.foss user=UserHandle{0} id=2131296550 tag=null key=0|com.github.kr328.clash.foss|2131296550|null|10641: Notification(channel=clash_status_channel pri=0 contentView=null vibrate=null sound=null defaults=0x0 flags=0x6a color=0xff1e4376 vis=PRIVATE))
09-21 23:39:35.063  2257  2257 D StatusBar:     pkgName=com.github.kr328.clash.foss appUid=10641 sdk=30 imp=2 sysApp=F priApp=F hasShown=F float=F keyguard=F peek=F fullscreen=F
09-21 23:39:35.063  2257  2257 D StatusBar:     showMiuiAction=F enableFloat=T enableKeyguard=T floatTime=5000 messageCount=1 persistent=F customHeight=F
09-21 23:39:35.064  5532  5979 V h       : flags=106
09-21 23:39:35.065  5532  5979 V h       : ret=0
09-21 23:39:35.075  2257  2257 D StatusBar: No peeking: unimportant notification: 0|com.github.kr328.clash.foss|2131296550|null|10641
09-21 23:39:35.075  2257  2257 D StatusBar: updateHeadsUp wasHeadsUp=false shouldPeek=false alertAgain=true
09-21 23:39:36.064  2257  2257 D StatusBar: onNotificationPosted key=0|com.github.kr328.clash.foss|2131296550|null|10641 isUpdate=true
09-21 23:39:36.064  2257  2257 D StatusBar: updateNotification old=StatusBarNotification(pkg=com.github.kr328.clash.foss user=UserHandle{0} id=2131296550 tag=null key=0|com.github.kr328.clash.foss|2131296550|null|10641: Notification(channel=clash_status_channel pri=0 contentView=null vibrate=null sound=null defaults=0x0 flags=0x6a color=0xff1e4376 vis=PRIVATE))
09-21 23:39:36.064  2257  2257 D StatusBar:     pkgName=com.github.kr328.clash.foss appUid=10641 sdk=30 imp=2 sysApp=F priApp=F hasShown=F float=F keyguard=F peek=F fullscreen=F
09-21 23:39:36.064  2257  2257 D StatusBar:     showMiuiAction=F enableFloat=T enableKeyguard=T floatTime=5000 messageCount=1 persistent=F customHeight=F
09-21 23:39:36.065  5532  5979 V h       : flags=106
09-21 23:39:36.067  5532  5979 V h       : ret=0
09-21 23:39:36.093  2257  2257 D StatusBar: No peeking: unimportant notification: 0|com.github.kr328.clash.foss|2131296550|null|10641
09-21 23:39:36.093  2257  2257 D StatusBar: updateHeadsUp wasHeadsUp=false shouldPeek=false alertAgain=true
09-21 23:39:37.064  2257  2257 D StatusBar: onNotificationPosted key=0|com.github.kr328.clash.foss|2131296550|null|10641 isUpdate=true
09-21 23:39:37.064  2257  2257 D StatusBar: updateNotification old=StatusBarNotification(pkg=com.github.kr328.clash.foss user=UserHandle{0} id=2131296550 tag=null key=0|com.github.kr328.clash.foss|2131296550|null|10641: Notification(channel=clash_status_channel pri=0 contentView=null vibrate=null sound=null defaults=0x0 flags=0x6a color=0xff1e4376 vis=PRIVATE))
09-21 23:39:37.064  2257  2257 D StatusBar:     pkgName=com.github.kr328.clash.foss appUid=10641 sdk=30 imp=2 sysApp=F priApp=F hasShown=F float=F keyguard=F peek=F fullscreen=F
09-21 23:39:37.064  2257  2257 D StatusBar:     showMiuiAction=F enableFloat=T enableKeyguard=T floatTime=5000 messageCount=1 persistent=F customHeight=F
09-21 23:39:37.068  5532  5979 V h       : flags=106
09-21 23:39:37.068  5532  5979 V h       : ret=0
09-21 23:39:37.079  2257  2257 D StatusBar: No peeking: unimportant notification: 0|com.github.kr328.clash.foss|2131296550|null|10641
09-21 23:39:37.079  2257  2257 D StatusBar: updateHeadsUp wasHeadsUp=false shouldPeek=false alertAgain=true
09-21 23:39:38.065  2257  2257 D StatusBar: onNotificationPosted key=0|com.github.kr328.clash.foss|2131296550|null|10641 isUpdate=true
09-21 23:39:38.066  2257  2257 D StatusBar: updateNotification old=StatusBarNotification(pkg=com.github.kr328.clash.foss user=UserHandle{0} id=2131296550 tag=null key=0|com.github.kr328.clash.foss|2131296550|null|10641: Notification(channel=clash_status_channel pri=0 contentView=null vibrate=null sound=null defaults=0x0 flags=0x6a color=0xff1e4376 vis=PRIVATE))
09-21 23:39:38.066  2257  2257 D StatusBar:     pkgName=com.github.kr328.clash.foss appUid=10641 sdk=30 imp=2 sysApp=F priApp=F hasShown=F float=F keyguard=F peek=F fullscreen=F
09-21 23:39:38.066  2257  2257 D StatusBar:     showMiuiAction=F enableFloat=T enableKeyguard=T floatTime=5000 messageCount=1 persistent=F customHeight=F
09-21 23:39:38.066  5532  5979 V h       : flags=106
09-21 23:39:38.067  5532  5979 V h       : ret=0
09-21 23:39:38.080  2257  2257 D StatusBar: No peeking: unimportant notification: 0|com.github.kr328.clash.foss|2131296550|null|10641
09-21 23:39:38.080  2257  2257 D StatusBar: updateHeadsUp wasHeadsUp=false shouldPeek=false alertAgain=true
09-21 23:39:38.578  2257  2561 D MobileSignalController: updateDataType mSelectedDataTypeIcon[0]=2131233307, mSelectedDataActivityIndex=6
09-21 23:39:38.578  2257  2561 D TelephonyIcons: getSignalStrengthIcon: slot=0, inetCondition=1, level=5, roaming=false, signalstrength=SignalStrength:{mCdma=CellSignalStrengthCdma: cdmaDbm=2147483647 cdmaEcio=2147483647 evdoDbm=2147483647 evdoEcio=2147483647 evdoSnr=2147483647 miuiLevel=0 level=0,mGsm=CellSignalStrengthGsm: rssi=2147483647 ber=2147483647 mTa=2147483647 miuiLevel=0 mLevel=0,mWcdma=CellSignalStrengthWcdma: ss=2147483647 ber=2147483647 rscp=2147483647 ecno=2147483647 miuiLevel=0 level=0,mTdscdma=CellSignalStrengthTdscdma: rssi=2147483647 ber=2147483647 rscp=2147483647 miuiLevel=0 level=0,mLte=CellSignalStrengthLte: rssi=-57 rsrp=-87 rsrq=-14 rssnr=-4 cqi=2147483647 ta=2147483647 miuiLevel=5 level=1,mNr=CellSignalStrengthNr:{ csiRsrp = 2147483647 csiRsrq = 2147483647 csiSinr = 2147483647 ssRsrp = 2147483647 ssRsrq = 2147483647 ssSinr = 2147483647 miuiLevel = 0 level = 0 },primary=CellSignalStrengthLte}
09-21 23:39:38.578  2257  2561 D TelephonyIcons: getDataActivity, slot=0, activity=2
09-21 23:39:38.579  2257  2561 D TelephonyIcons: null signal icon name: drawable/stat_sys_signal_null
09-21 23:39:38.579  2257  2561 D TelephonyIcons: getDataTypeIcon sub=0
09-21 23:39:38.580  2257  2257 D SignalClusterView: updateMobileTypeImage  0
09-21 23:39:38.600  2257  2257 I chatty  : uid=1000(system) com.android.systemui identical 5 lines
09-21 23:39:38.600  2257  2257 D SignalClusterView: updateMobileTypeImage  0
09-21 23:39:38.946  2009  2026 D MessageMonitor: Dump Looper message took 1ms
09-21 23:39:39.067  2257  2257 D StatusBar: onNotificationPosted key=0|com.github.kr328.clash.foss|2131296550|null|10641 isUpdate=true
09-21 23:39:39.069  2257  2257 D StatusBar: updateNotification old=StatusBarNotification(pkg=com.github.kr328.clash.foss user=UserHandle{0} id=2131296550 tag=null key=0|com.github.kr328.clash.foss|2131296550|null|10641: Notification(channel=clash_status_channel pri=0 contentView=null vibrate=null sound=null defaults=0x0 flags=0x6a color=0xff1e4376 vis=PRIVATE))
09-21 23:39:39.069  2257  2257 D StatusBar:     pkgName=com.github.kr328.clash.foss appUid=10641 sdk=30 imp=2 sysApp=F priApp=F hasShown=F float=F keyguard=F peek=F fullscreen=F
09-21 23:39:39.069  2257  2257 D StatusBar:     showMiuiAction=F enableFloat=T enableKeyguard=T floatTime=5000 messageCount=1 persistent=F customHeight=F
09-21 23:39:39.069  5532  5979 V h       : flags=106
09-21 23:39:39.069  5532  5979 V h       : ret=0
09-21 23:39:39.081  2257  2257 D StatusBar: No peeking: unimportant notification: 0|com.github.kr328.clash.foss|2131296550|null|10641
09-21 23:39:39.081  2257  2257 D StatusBar: updateHeadsUp wasHeadsUp=false shouldPeek=false alertAgain=true
09-21 23:39:39.201  2257  2561 D MobileSignalController: onSignalStrengthsChanged: SignalStrength:{mCdma=CellSignalStrengthCdma: cdmaDbm=2147483647 cdmaEcio=2147483647 evdoDbm=2147483647 evdoEcio=2147483647 evdoSnr=2147483647 miuiLevel=0 level=0,mGsm=CellSignalStrengthGsm: rssi=2147483647 ber=2147483647 mTa=2147483647 miuiLevel=0 mLevel=0,mWcdma=CellSignalStrengthWcdma: ss=2147483647 ber=2147483647 rscp=2147483647 ecno=2147483647 miuiLevel=0 level=0,mTdscdma=CellSignalStrengthTdscdma: rssi=2147483647 ber=2147483647 rscp=2147483647 miuiLevel=0 level=0,mLte=CellSignalStrengthLte: rssi=-63 rsrp=-85 rsrq=-11 rssnr=-12 cqi=2147483647 ta=2147483647 miuiLevel=5 level=1,mNr=CellSignalStrengthNr:{ csiRsrp = 2147483647 csiRsrq = 2147483647 csiSinr = 2147483647 ssRsrp = 2147483647 ssRsrq = 2147483647 ssSinr = 2147483647 miuiLevel = 0 level = 0 },primary=CellSignalStrengthLte}
09-21 23:39:39.201  2257  2561 D NetworkController.MobileSignalController(5): 4G level = 5
09-21 23:39:39.205  2684  2772 I QcrilOemhookMsgTunnel: [0]processOemHookIndication length=22
09-21 23:39:39.208  2257  2561 D MobileSignalController: updateDataType mSelectedDataTypeIcon[0]=2131233307, mSelectedDataActivityIndex=6
09-21 23:39:39.208  2257  2561 D TelephonyIcons: getSignalStrengthIcon: slot=0, inetCondition=1, level=5, roaming=false, signalstrength=SignalStrength:{mCdma=CellSignalStrengthCdma: cdmaDbm=2147483647 cdmaEcio=2147483647 evdoDbm=2147483647 evdoEcio=2147483647 evdoSnr=2147483647 miuiLevel=0 level=0,mGsm=CellSignalStrengthGsm: rssi=2147483647 ber=2147483647 mTa=2147483647 miuiLevel=0 mLevel=0,mWcdma=CellSignalStrengthWcdma: ss=2147483647 ber=2147483647 rscp=2147483647 ecno=2147483647 miuiLevel=0 level=0,mTdscdma=CellSignalStrengthTdscdma: rssi=2147483647 ber=2147483647 rscp=2147483647 miuiLevel=0 level=0,mLte=CellSignalStrengthLte: rssi=-63 rsrp=-85 rsrq=-11 rssnr=-12 cqi=2147483647 ta=2147483647 miuiLevel=5 level=1,mNr=CellSignalStrengthNr:{ csiRsrp = 2147483647 csiRsrq = 2147483647 csiSinr = 2147483647 ssRsrp = 2147483647 ssRsrq = 2147483647 ssSinr = 2147483647 miuiLevel = 0 level = 0 },primary=CellSignalStrengthLte}
09-21 23:39:39.208  2257  2561 D TelephonyIcons: getDataActivity, slot=0, activity=2
09-21 23:39:39.209  2257  2561 D TelephonyIcons: null signal icon name: drawable/stat_sys_signal_null
09-21 23:39:39.209  2257  2561 D TelephonyIcons: getDataTypeIcon sub=0
09-21 23:39:39.211  2257  2257 D SignalClusterView: updateMobileTypeImage  0
09-21 23:39:39.212  2257  2257 I chatty  : uid=1000(system) com.android.systemui identical 2 lines
09-21 23:39:39.212  2257  2257 D SignalClusterView: updateMobileTypeImage  0
09-21 23:39:39.221  2009  5030 W ActivityManager: Sending non-protected broadcast miui.action.metok.LAC_CHANGED from system 2709:com.android.phone/1001 pkg com.android.phone. Callers=
09-21 23:39:39.230  2257  2257 D SignalClusterView: updateMobileTypeImage  0
09-21 23:39:39.231  2257  2257 I chatty  : uid=1000(system) com.android.systemui identical 1 line
09-21 23:39:39.231  2257  2257 D SignalClusterView: updateMobileTypeImage  0
09-21 23:39:39.244  2257  2561 D MobileSignalController: onServiceStateChanged: {mVoiceRegState=0(IN_SERVICE), mDataRegState=0(IN_SERVICE), mChannelNumber=1350, duplexMode()=1, mCellBandwidths=[], mVoiceOperatorAlphaLong=CHINA MOBILE, mVoiceOperatorAlphaShort=CMCC, mDataOperatorAlphaLong=CHINA MOBILE, mDataOperatorAlphaShort=CMCC, isManualNetworkSelection=false(automatic), getRilVoiceRadioTechnology=14(LTE), getRilDataRadioTechnology=14(LTE), mCssIndicator=supported, mNetworkId=-1, mSystemId=-1, mNetworkId=-1, mSystemId=-1, mCdmaRoamingIndicator=-1, mCdmaDefaultRoamingIndicator=-1, mIsEmergencyOnly=false, isUsingCarrierAggregation=false, mLteEarfcnRsrpBoost=0, mNetworkRegistrationInfos=[NetworkRegistrationInfo{ domain=CS transportType=WWAN registrationState=HOME roamingType=NOT_ROAMING accessNetworkTechnology=LTE rejectCause=0 emergencyEnabled=false availableServices=[VOICE,SMS,VIDEO] cellIdentity=CellIdentityLte:{ mBandwidth=2147483647 mMcc=460 mMnc=00 mAlphaLong=CMCC mAlphaShort=CMCC} voiceSpecificInfo=VoiceSpecificRegistrationInfo { mCssSupported=true mRoamingIndicator=1 mSystemIsInPrl=-1 mDefaultRoamingIndicator=-1} dataSpecificInfo=null nrState=NONE}, NetworkRegistrationInfo{ domain=PS transportType=WWAN registrationState=HOME roamingType=NOT_ROAMING accessNetworkTechnology=LTE rejectCause=0 emergencyEnabled=false availableServices=[DATA] cellIdentity=CellIdentityLte:{ mBandwidth=2147483647 mMcc=460 mMnc=00 mAlphaLong=CMCC mAlphaShort=CMCC} voiceSpecificInfo=null dataSpecificInfo=android.telephony.DataSpecificRegistrationInfo :{ maxDataCalls = 20 isDcNrRestricted = false isNrAvailable = false isEnDcAvailable = false LteVopsSupportInfo :  mVopsSupport = 2 mEmcBearerSupport = 3 mIsUsingCarrierAggregation = false } nrState=NONE}], mNrFrequencyRange=-1, mOperatorAlphaLongRaw=CHINA MOBILE, mOperatorAlphaShortRaw=CMCC, mIsIwlanPreferred=false}, data type = 13
09-21 23:39:39.244  2257  2561 D NetworkController.MobileSignalController(5): 4G level = 5
09-21 23:39:39.248  2709  2709 D ServiceStateProvider: subId=5
09-21 23:39:39.249  2257  2257 D KeyguardUpdateMonitor: received broadcast android.intent.action.SERVICE_STATE
09-21 23:39:39.247  8068 16954 D AppOpsAdapter: using permission notify! 32
09-21 23:39:39.250  2257  2257 V KeyguardUpdateMonitor: action android.intent.action.SERVICE_STATE serviceState={mVoiceRegState=0(IN_SERVICE), mDataRegState=0(IN_SERVICE), mChannelNumber=1350, duplexMode()=1, mCellBandwidths=[], mVoiceOperatorAlphaLong=CHINA MOBILE, mVoiceOperatorAlphaShort=CMCC, mDataOperatorAlphaLong=CHINA MOBILE, mDataOperatorAlphaShort=CMCC, isManualNetworkSelection=false(automatic), getRilVoiceRadioTechnology=14(LTE), getRilDataRadioTechnology=14(LTE), mCssIndicator=supported, mNetworkId=-1, mSystemId=-1, mNetworkId=-1, mSystemId=-1, mCdmaRoamingIndicator=-1, mCdmaDefaultRoamingIndicator=-1, mIsEmergencyOnly=false, isUsingCarrierAggregation=false, mLteEarfcnRsrpBoost=0, mNetworkRegistrationInfos=[NetworkRegistrationInfo{ domain=CS transportType=WWAN registrationState=HOME roamingType=NOT_ROAMING accessNetworkTechnology=LTE rejectCause=0 emergencyEnabled=false availableServices=[VOICE,SMS,VIDEO] cellIdentity=CellIdentityLte:{ mBandwidth=2147483647 mMcc=460 mMnc=00 mAlphaLong=CMCC mAlphaShort=CMCC} voiceSpecificInfo=VoiceSpecificRegistrationInfo { mCssSupported=true mRoamingIndicator=1 mSystemIsInPrl=-1 mDefaultRoamingIndicator=-1} dataSpecificInfo=null nrState=NONE}, NetworkRegistrationInfo{ domain=PS transportType=WWAN registrationState=HOME roamingType=NOT_ROAMING accessNetworkTechnology=LTE rejectCause=0 emergencyEnabled=false availableServices=[DATA] cellIdentity=CellIdentityLte:{ mBandwidth=2147483647 mMcc=460 mMnc=00 mAlphaLong=CMCC mAlphaShort=CMCC} voiceSpecificInfo=null dataSpecificInfo=android.telephony.DataSpecificRegistrationInfo :{ maxDataCalls = 20 isDcNrRestricted = false isNrAvailable = false isEnDcAvailable = false LteVopsSupportInfo :  mVopsSupport = 2 mEmcBearerSupport = 3 mIsUsingCarrierAggregation = false } nrState=NONE}], mNrFrequencyRange=-1, mOperatorAlphaLongRaw=CHINA MOBILE, mOperatorAlphaShortRaw=CMCC, mIsIwlanPreferred=false} subId=5
09-21 23:39:39.250 12696 12696 D AutoReg_RegistrationTracker: Try to register since ACTION_SERVICE_STATE_CHANGED
09-21 23:39:39.250  2643  3688 D QCNEJ/WwanInfoRelay: onServiceStateChanged: dataState: 2 DDS:5 Notify service state update
09-21 23:39:39.251  2257  2257 D KeyguardUpdateMonitor: handleServiceStateChange(subId=5, serviceState={mVoiceRegState=0(IN_SERVICE), mDataRegState=0(IN_SERVICE), mChannelNumber=1350, duplexMode()=1, mCellBandwidths=[], mVoiceOperatorAlphaLong=CHINA MOBILE, mVoiceOperatorAlphaShort=CMCC, mDataOperatorAlphaLong=CHINA MOBILE, mDataOperatorAlphaShort=CMCC, isManualNetworkSelection=false(automatic), getRilVoiceRadioTechnology=14(LTE), getRilDataRadioTechnology=14(LTE), mCssIndicator=supported, mNetworkId=-1, mSystemId=-1, mNetworkId=-1, mSystemId=-1, mCdmaRoamingIndicator=-1, mCdmaDefaultRoamingIndicator=-1, mIsEmergencyOnly=false, isUsingCarrierAggregation=false, mLteEarfcnRsrpBoost=0, mNetworkRegistrationInfos=[NetworkRegistrationInfo{ domain=CS transportType=WWAN registrationState=HOME roamingType=NOT_ROAMING accessNetworkTechnology=LTE rejectCause=0 emergencyEnabled=false availableServices=[VOICE,SMS,VIDEO] cellIdentity=CellIdentityLte:{ mBandwidth=2147483647 mMcc=460 mMnc=00 mAlphaLong=CMCC mAlphaShort=CMCC} voiceSpecificInfo=VoiceSpecificRegistrationInfo { mCssSupported=true mRoamingIndicator=1 mSystemIsInPrl=-1 mDefaultRoamingIndicator=-1} dataSpecificInfo=null nrState=NONE}, NetworkRegistrationInfo{ domain=PS transportType=WWAN registrationState=HOME roamingType=NOT_ROAMING accessNetworkTechnology=LTE rejectCause=0 emergencyEnabled=false availableServices=[DATA] cellIdentity=CellIdentityLte:{ mBandwidth=2147483647 mMcc=460 mMnc=00 mAlphaLong=CMCC mAlphaShort=CMCC} voiceSpecificInfo=null dataSpecificInfo=android.telephony.DataSpecificRegistrationInfo :{ maxDataCalls = 20 isDcNrRestricted = false isNrAvailable = false isEnDcAvailable = false LteVopsSupportInfo :  mVopsSupport = 2 mEmcBearerSupport = 3 mIsUsingCarrierAggregation = false } nrState=NONE}], mNrFrequencyRange=-1, mOperatorAlphaLongRaw=CHINA MOBILE, mOperatorAlphaShortRaw=CMCC, mIsIwlanPreferred=false}
09-21 23:39:39.255  8068 16954 D AppOpsAdapter: using permission notify! 32
09-21 23:39:39.265  8068 16954 D AppOpsAdapter: using permission notify! 32
09-21 23:39:39.435 30867 26010 I AlarmManager: setExactAndAllowWhileIdle [name: GCM_HB_ALARM type: 2 triggerAtMillis: 685876451]
09-21 23:39:39.437 25893 25893 I chromium: [INFO:CONSOLE(1209)] ": 2481", source: file:///android_asset/www/index.html (1209)
09-21 23:39:39.438 30867 26010 I AlarmManager: setExactAndAllowWhileIdle [name: GCM_HB_ALARM type: 2 triggerAtMillis: 685876453]
09-21 23:39:39.438 25893 25893 I chromium: [INFO:CONSOLE(1188)] "", source: file:///android_asset/www/index.html (1188)
09-21 23:39:39.439 25893 25893 I chromium: [INFO:CONSOLE(1498)] ": 2,4,7,2,4,7,2,4,7", source: file:///android_asset/www/index.html (1498)
09-21 23:39:39.439 25893 25893 I chromium: [INFO:CONSOLE(1506)] ": 2157,4053,6424", source: file:///android_asset/www/index.html (1506)
09-21 23:39:39.439 25893 25893 I chromium: [INFO:CONSOLE(1128)] "", source: file:///android_asset/www/index.html (1128)
09-21 23:39:39.439   563   563 I hwservicemanager: getTransport: Cannot find entry vendor.qti.hardware.servicetracker@1.0::IServicetracker/default in either framework or device manifest.
09-21 23:39:39.439 25893 25893 I chromium: [INFO:CONSOLE(1498)] ": 6,7,3,6,7,3,6,7,3", source: file:///android_asset/www/index.html (1498)
09-21 23:39:39.439 25893 25893 I chromium: [INFO:CONSOLE(1506)] ": 2000,4253,6015", source: file:///android_asset/www/index.html (1506)
09-21 23:39:39.431   781   781 W memtrack@1.0-se: type=1400 audit(0.0:374435): avc: denied { search } for name="kgsl" dev="sysfs" ino=55657 scontext=u:r:hal_memtrack_default:s0 tcontext=u:object_r:sysfs_kgsl:s0 tclass=dir permissive=0
09-21 23:39:39.442 25893 25893 I chromium: [INFO:CONSOLE(3764)] "BGM", source: file:///android_asset/www/index.html (3764)
09-21 23:39:39.431   781   781 W memtrack@1.0-se: type=1400 audit(0.0:374436): avc: denied { search } for name="kgsl" dev="sysfs" ino=55657 scontext=u:r:hal_memtrack_default:s0 tcontext=u:object_r:sysfs_kgsl:s0 tclass=dir permissive=0
09-21 23:39:39.458 25893 25893 I chromium: [INFO:CONSOLE(3799)] "BGM", source: file:///android_asset/www/index.html (3799)
09-21 23:39:39.471 25893 25957 I AAudio  : AAudioStreamBuilder_openStream() called ----------------------------------------
09-21 23:39:39.471 25893 25957 I AudioStreamBuilder: rate   =  48000, channels  = 2, format   = 5, sharing = SH, dir = OUTPUT
09-21 23:39:39.471 25893 25957 I AudioStreamBuilder: device =      0, sessionId = -1, perfMode = 12, callback: ON with frames = 144
09-21 23:39:39.471 25893 25957 I AudioStreamBuilder: usage  =      1, contentType = 0, inputPreset = 0, allowedCapturePolicy = 0
09-21 23:39:39.471 25893 25957 D         : PlayerBase::PlayerBase()
09-21 23:39:39.472   841  2181 D         : PlayerBase::PlayerBase()
09-21 23:39:39.473   841  2181 D APM_AudioPolicyManager: getOutputForAttrInt() attributes={ Content type: AUDIO_CONTENT_TYPE_MUSIC Usage: AUDIO_USAGE_MEDIA Source: AUDIO_SOURCE_DEFAULT Flags: 0x500 Tags:  } stream=AUDIO_STREAM_MUSIC session 12153 selectedDeviceId 0
09-21 23:39:39.473   841  2181 D APM_AudioPolicyManager: getOutputForAttrInt() device {type:0x2,@:}, sampling rate 48000, format 0x1, channel mask 0x3, flags 0x4001 stream AUDIO_STREAM_MUSIC
09-21 23:39:39.474   841  2181 V AudioPolicyManagerCustom: getPackageName: No packages for calling UID
09-21 23:39:39.474   765   997 D audio_hw_primary: adev_get_parameters:vr_audio_mode_on
09-21 23:39:39.474   765   997 I audio_hw_primary: getting vr mode to 0
09-21 23:39:39.474   765   997 D audio_hw_primary: adev_get_parameters: exit: returns - vr_audio_mode_on=false
09-21 23:39:39.474   841  2181 I hash_map_utils: key: 'vr_audio_mode_on' value: ''
09-21 23:39:39.474   841  2181 I AudioPolicyManagerCustom: VR mode is 0, switch to primary output if request is for fast|raw
09-21 23:39:39.474   841  2181 I AudioFlinger: openOutput() this 0x74eba56600, module 10 Device 0x2, SamplingRate 48000, Format 0x000001, Channels 0x3, flags 0x4001
09-21 23:39:39.475   765   997 D audio_hw_primary: adev_open_output_stream: enter: format(0x1) sample_rate(48000) channel_mask(0x3) devices(0x2) flags(0x4001)        stream_handle(0xed220800) address()
09-21 23:39:39.475   765   997 I audio_hw_utils: audio_extn_utils_update_stream_output_app_type_cfg Allowing 24 and above bits playback on speaker ONLY at default sampling rate
09-21 23:39:39.475   765   997 D audio_hw_primary: adev_open_output_stream: Stream (0xed220800) picks up usecase (mmap-playback)
09-21 23:39:39.476   841  2181 V AudioPolicyManagerCustom: checkAndSetVolume() set volumeSource 1 volume index 11 for device 0x00
09-21 23:39:39.476 25893 25893 I AssistStructure: Flattened final assist data: 5636 bytes, containing 1 windows, 10 views
09-21 23:39:39.476   841  2181 V AudioPolicyManagerCustom: checkAndSetVolume() set volumeSource 2 volume index 4 for device 0x00
09-21 23:39:39.476   841 26974 I AudioFlinger: AudioFlinger's thread 0x74ebb28800 tid=26974 ready to run
09-21 23:39:39.476   841  2181 V AudioPolicyManagerCustom: checkAndSetVolume() set volumeSource 3 volume index 4 for device 0x00
09-21 23:39:39.477   841  2181 V AudioPolicyManagerCustom: checkAndSetVolume() set volumeSource 4 volume index 5 for device 0x00
09-21 23:39:39.478   841  2181 V AudioPolicyManagerCustom: checkAndSetVolume() set volumeSource 5 volume index 0 for device 0x00
09-21 23:39:39.478   563   563 I hwservicemanager: getTransport: Cannot find entry vendor.qti.hardware.servicetracker@1.0::IServicetracker/default in either framework or device manifest.
09-21 23:39:39.478   765   997 D audio_hw_primary: out_set_volume: called with left_vol=0.031623, right_vol=0.031623
09-21 23:39:39.478   841  2181 V AudioPolicyManagerCustom: checkAndSetVolume() set volumeSource 6 volume index 6 for device 0x00
09-21 23:39:39.479  2009  2009 D CompatibilityInfo: mCompatibilityFlags - 0
09-21 23:39:39.479  2009  2009 D CompatibilityInfo: applicationDensity - 440
09-21 23:39:39.479  2009  2009 D CompatibilityInfo: applicationScale - 1.0
09-21 23:39:39.480   563   563 I hwservicemanager: getTransport: Cannot find entry vendor.qti.hardware.servicetracker@1.0::IServicetracker/default in either framework or device manifest.
09-21 23:39:39.480   841  2181 V AudioPolicyManagerCustom: checkAndSetVolume() set volumeSource 7 volume index 4 for device 0x00
09-21 23:39:39.481   841  2181 V AudioPolicyManagerCustom: checkAndSetVolume() set volumeSource 8 volume index 12 for device 0x00
09-21 23:39:39.481   841  2181 V AudioPolicyManagerCustom: checkAndSetVolume() cannot set stream 8 volume with force use = 0 for comm
09-21 23:39:39.481   841  2181 V AudioPolicyManagerCustom: checkAndSetVolume() set volumeSource 9 volume index 7 for device 0x00
09-21 23:39:39.483   841  2181 V AudioPolicyManagerCustom: checkAndSetVolume() set volumeSource 10 volume index 4 for device 0x00
09-21 23:39:39.484   841  2181 V AudioPolicyManagerCustom: checkAndSetVolume() set volumeSource 11 volume index 5 for device 0x00
09-21 23:39:39.484   841  2181 V AudioPolicyManagerCustom: checkAndSetVolume() set volumeSource 12 volume index 6 for device 0x00
09-21 23:39:39.485   841  2181 V AudioPolicyManagerCustom: checkAndSetVolume() set volumeSource 13 volume index 0 for device 0x00
09-21 23:39:39.485   841  2181 V AudioPolicyManagerCustom: checkAndSetVolume() set volumeSource 14 volume index 0 for device 0x00
09-21 23:39:39.487   841  2181 V AudioPolicyManagerCustom: getOutputForDevice() returns new direct output 533
09-21 23:39:39.487   841  2181 D APM_AudioPolicyManager: getOutputForAttrInt returns output 533 selectedDeviceId 3
09-21 23:39:39.487   841  2181 D AAudioServiceEndpointMMAP: open() mMapClient.uid = 1041, pid = 841 => portHandle = 1550
09-21 23:39:39.487   841  2181 D AAudioServiceEndpointMMAP: open() deviceId = 3, sessionId = -1
09-21 23:39:39.489   765   997 D audio_hw_primary: out_create_mmap_buffer
09-21 23:39:39.489   765   997 D audio_hw_primary: out_create_mmap_buffer: Opening PCM device card_id(0) device_id(33), channels 2
09-21 23:39:39.491 30867 30867 W AutofillChimeraService: Pending fill request while another request in the same session was triggered. [CONTEXT service_id=177 ]
09-21 23:39:39.492   765   997 I audio_hw_primary: mmap_time_offset_micros = 0 for output
09-21 23:39:39.492   765   997 D audio_hw_primary: out_create_mmap_buffer: got mmap buffer address 0xef67d000 info->buffer_size_frames -1536
09-21 23:39:39.492   841  2181 D AAudioServiceEndpointMMAP: open() createMmapBuffer() buffer_size = 1536 fr, burst_size 48 fr, Sharable FD: Yes
09-21 23:39:39.492   841  2181 D AAudioServiceEndpointMMAP: open() actual rate = 48000, channels = 2, deviceId = 3, capacity = 1536
09-21 23:39:39.492   841  2181 D AAudioServiceEndpointMMAP: open() format = 0x00000001, frame size = 4, burst size = 48
09-21 23:39:39.492   841  2181 D AudioStreamInternal_Service: open() original HW burst = 48, minMicros = 2000 => SW burst = 96
09-21 23:39:39.493 25893 25957 D AudioStreamInternal_Client: open() original HW burst = 96, minMicros = 2000 => SW burst = 96
09-21 23:39:39.494 25893 25957 I AAudio  : AAudioStreamBuilder_openStream() returns 0 = AAUDIO_OK for s#3 ----------------
09-21 23:39:39.494 25893 25957 D AAudio  : AAudioStream_requestStart(s#3) called --------------
09-21 23:39:39.495   765   997 D audio_hw_primary: start_output_stream: enter: stream(0xed220800)usecase(13: mmap-playback) devices(0x2) is_haptic_usecase(0)
09-21 23:39:39.495   765   997 D audio_hw_primary: select_devices for use case (mmap-playback)
09-21 23:39:39.495   765   997 I msm8974_platform: platform_check_and_set_codec_backend_cfg:becf: afe: bitwidth 16, samplerate 48000 channels 2, backend_idx 4 usecase = 13 device (speaker)
09-21 23:39:39.495   765   997 D msm8974_platform: platform_split_snd_device: snd_device(2) num devices(1) new_snd_devices(0)
09-21 23:39:39.495   765   997 I msm8974_platform: platform_check_and_set_codec_backend_cfg: new_snd_devices[0] is 2
09-21 23:39:39.495   765   997 I msm8974_platform: platform_check_codec_backend_cfg:becf: afe: bitwidth 16, samplerate 48000 channels 2, backend_idx 4 usecase = 13 device (speaker)
09-21 23:39:39.495   765   997 D msm8974_platform: platform_check_codec_backend_cfg:becf: afe: playback on codec device not supporting native playback set default Sample Rate(48k)
09-21 23:39:39.495   765   997 I msm8974_platform: platform_check_codec_backend_cfg:becf: afe: Codec selected backend: 4 updated bit width: 24 and sample rate: 48000
09-21 23:39:39.495   765   997 D audio_hw_primary: check_usecases_codec_backend:becf: force routing 0
09-21 23:39:39.495   765   997 E msm8974_platform: platform_check_backends_match: Invalid snd_device = 
09-21 23:39:39.495   765   997 D audio_hw_primary: check_usecases_codec_backend:becf: (112) check_usecases curr device: speaker, usecase device: backends match 0
09-21 23:39:39.491   800   800 W perf@2.0-servic: type=1400 audit(0.0:374437): avc: denied { search } for name="765" dev="proc" ino=52751944 scontext=u:r:hal_perf_default:s0 tcontext=u:r:hal_audio_default:s0 tclass=dir permissive=0
09-21 23:39:39.495   765   997 D audio_hw_primary: check_usecases_codec_backend:becf: check_usecases num.of Usecases to switch 0
09-21 23:39:39.495   765   997 D msm8974_platform: platform_split_snd_device: snd_device(2) num devices(0) new_snd_devices(0)
09-21 23:39:39.495   765   997 D hardware_info: hw_info_append_hw_type : device_name = speaker
09-21 23:39:39.495   765   997 D msm8974_platform: platform_split_snd_device: snd_device(2) num devices(0) new_snd_devices(0)
09-21 23:39:39.495   765   997 D audio_hw_primary: enable_snd_device: snd_device(2: speaker)
09-21 23:39:39.495   765   997 I soundtrigger: audio_extn_sound_trigger_update_device_status: device 0x2 of type 0 for Event 1, with Raise=0
09-21 23:39:39.495   765   997 E audio_route: Path: speaker, length: 6
09-21 23:39:39.495   765   997 E audio_route:   id=0: ctl=DSP1 Firmware
09-21 23:39:39.495   765   997 E audio_route:     id=0 value=9
09-21 23:39:39.495   765   997 E audio_route:   id=1: ctl=PCM Source
09-21 23:39:39.495   765   997 E audio_route:     id=0 value=2
09-21 23:39:39.495   765   997 E audio_route:   id=2: ctl=ASP TX1 Source
09-21 23:39:39.495   765   997 E audio_route:     id=0 value=6
09-21 23:39:39.495   765   997 E audio_route:   id=3: ctl=ASP TX2 Source
09-21 23:39:39.491   800   800 W perf@2.0-servic: type=1400 audit(0.0:374438): avc: denied { search } for name="765" dev="proc" ino=52751944 scontext=u:r:hal_perf_default:s0 tcontext=u:r:hal_audio_default:s0 tclass=dir permissive=0
09-21 23:39:39.495   765   997 E audio_route:     id=0 value=6
09-21 23:39:39.495   765   997 E audio_route:   id=4: ctl=ASPTX Ref
09-21 23:39:39.495   765   997 E audio_route:     id=0 value=1
09-21 23:39:39.495   765   997 E audio_route:   id=5: ctl=DSP Block Bypass
09-21 23:39:39.495   765   997 E audio_route:     id=0 value=0
09-21 23:39:39.495   765   997 D audio_route: Apply path: speaker
09-21 23:39:39.495   765   997 D audio_route: audio_route_apply_and_update_path name speaker
09-21 23:39:39.500   765   997 I audio_hw_utils: audio_extn_utils_update_stream_output_app_type_cfg Allowing 24 and above bits playback on speaker ONLY at default sampling rate
09-21 23:39:39.500   765   997 E soundtrigger: audio_extn_sound_trigger_update_stream_status: invalid input device 0x0, for event 3
09-21 23:39:39.500   765   997 D soundtrigger: audio_extn_sound_trigger_update_stream_status: uc_info->id 13 of type 0 for Event 3, with Raise=0
09-21 23:39:39.500   765   997 D audio_hw_utils: audio_extn_utils_send_app_type_cfg: usecase->out_snd_device speaker
09-21 23:39:39.500   765   997 D msm8974_platform: platform_split_snd_device: snd_device(2) num devices(0) new_snd_devices(0)
09-21 23:39:39.500   765   997 D msm8974_platform: platform_split_snd_device: snd_device(2) num devices(1) new_snd_devices(0)
09-21 23:39:39.500   765   997 D audio_hw_utils: audio_extn_btsco_get_sample_rate:Not a BT SCO device, need not update sampling rate
09-21 23:39:39.500   765   997 D ACDB-LOADER: ACDB -> send_audio_cal, acdb_id = 10011, path = 0, app id = 0x11131, sample rate = 48000
09-21 23:39:39.500   765   997 D ACDB-LOADER: ACDB -> send_asm_topology
09-21 23:39:39.500   765   997 D ACDB-LOADER: ACDB -> ACDB_CMD_GET_AUDPROC_STREAM_TOPOLOGY_ID
09-21 23:39:39.500   765   997 D ACDB-LOADER: ACDB -> send_adm_topology
09-21 23:39:39.500   765   997 D ACDB-LOADER: ACDB -> ACDB_CMD_GET_AUDPROC_COMMON_TOPOLOGY_ID
09-21 23:39:39.500   765   997 D ACDB-LOADER: ACDB -> send_audtable
09-21 23:39:39.500   765   997 D ACDB-LOADER: ACDB -> ACDB_CMD_GET_AUDPROC_INSTANCE_COMMON_TABLE_SIZE
09-21 23:39:39.500   765   997 D ACDB-LOADER: ACDB -> ACDB_CMD_GET_AUDPROC_INSTANCE_COMMON_TABLE
09-21 23:39:39.500   765   997 D ACDB-LOADER: ACDB -> AUDIO_SET_AUDPROC_CAL cal_type[11] acdb_id[10011] app_type[69937]
09-21 23:39:39.500   765   997 D ACDB-LOADER: ACDB -> send_audvoltable
09-21 23:39:39.500   765   997 D ACDB-LOADER: ACDB -> ACDB_CMD_GET_AUDPROC_INSTANCE_GAIN_DEP_STEP_TABLE_SIZE
09-21 23:39:39.500   765   997 D ACDB-LOADER: ACDB -> ACDB_CMD_GET_AUDPROC_INSTANCE_GAIN_DEP_STEP_TABLE, vol index 0
09-21 23:39:39.500   765   997 D ACDB-LOADER: ACDB -> AUDIO_SET_VOL_CAL cal type = 12
09-21 23:39:39.500   765   997 D ACDB-LOADER: ACDB -> ACDB_CMD_GET_AUDPROC_INSTANCE_STREAM_TABLE_SIZE
09-21 23:39:39.500   765   997 D ACDB-LOADER: ACDB -> send_audstrmtable
09-21 23:39:39.500   765   997 D ACDB-LOADER: ACDB -> ACDB_CMD_GET_AUDPROC_INSTANCE_STREAM_TABLE
09-21 23:39:39.500   765   997 D ACDB-LOADER: ACDB -> audstrm_cal->cal_type.cal_data.cal_size = 20
09-21 23:39:39.500   765   997 D ACDB-LOADER: ACDB -> send_afe_topology
09-21 23:39:39.500   765   997 D ACDB-LOADER: ACDB -> ACDB_CMD_GET_AFE_TOPOLOGY_ID
09-21 23:39:39.500   765   997 D ACDB-LOADER: ACDB -> GET_AFE_TOPOLOGY_ID for adcd_id 10011, Topology Id 112fc
09-21 23:39:39.500   765   997 D ACDB-LOADER: ACDB -> send_afe_cal
09-21 23:39:39.500   765   997 D ACDB-LOADER: ACDB -> ACDB_CMD_GET_AFE_INSTANCE_COMMON_TABLE_SIZE
09-21 23:39:39.500   765   997 D         : Failed to fetch the lookup information of the device 0000271B 
09-21 23:39:39.500   765   997 D ACDB-LOADER: Error: ACDB_CMD_GET_AFE_INSTANCE_COMMON_TABLE_SIZE Returned = -19
09-21 23:39:39.500   765   997 D ACDB-LOADER: ACDB -> ACDB_CMD_GET_AFE_INSTANCE_COMMON_TABLE
09-21 23:39:39.501   765   997 D         : Failed to fetch the lookup information of the device 0000271B 
09-21 23:39:39.501   765   997 D ACDB-LOADER: Error: ACDB AFE returned = -19
09-21 23:39:39.501   765   997 D ACDB-LOADER: ACDB -> AUDIO_SET_AFE_CAL cal_type[16] acdb_id[10011]
09-21 23:39:39.501   765   997 D ACDB-LOADER: ACDB -> send_hw_delay : acdb_id = 10011 path = 0
09-21 23:39:39.501   765   997 D ACDB-LOADER: ACDB -> ACDB_AVSYNC_INFO: ACDB_CMD_GET_DEVICE_PROPERTY
09-21 23:39:39.501   765   997 D msm8974_platform: platform_split_snd_device: snd_device(2) num devices(0) new_snd_devices(0)
09-21 23:39:39.501   765   997 I msm8974_platform: platform_get_custom_mtmx_params: no matching param with id 0 ip_ch 2 op_ch 2 uc_id 13 snd_dev 2
09-21 23:39:39.501   765   997 D audio_hw_primary: enable_audio_route: apply mixer and update path: mmap-playback speaker
09-21 23:39:39.501   765   997 E audio_route: Path: mmap-playback speaker, length: 1
09-21 23:39:39.501   765   997 E audio_route:   id=0: ctl=QUAT_MI2S_RX Audio Mixer MultiMedia16
09-21 23:39:39.501   765   997 E audio_route:     id=0 value=1
09-21 23:39:39.501   765   997 E audio_route:     id=1 value=1
09-21 23:39:39.501   765   997 D audio_route: Apply path: mmap-playback speaker
09-21 23:39:39.501   765   997 D audio_route: audio_route_apply_and_update_path name mmap-playback speaker
09-21 23:39:39.503   563   563 I hwservicemanager: getTransport: Cannot find entry vendor.qti.hardware.servicetracker@1.0::IServicetracker/default in either framework or device manifest.
09-21 23:39:39.504  2009  5794 D CompatibilityInfo: mCompatibilityFlags - 0
09-21 23:39:39.504  2009  5794 D CompatibilityInfo: applicationDensity - 440
09-21 23:39:39.505  2009  5794 D CompatibilityInfo: applicationScale - 1.0
09-21 23:39:39.505   765   997 D send_data_to_xlog: send_misound_data_to_xlog: enter: usecase(13)
09-21 23:39:39.505   765   997 D audio_hw_primary: select_devices: done
09-21 23:39:39.505   765   997 D audio_hw_primary: start_output_stream: Opening PCM device card_id(0) device_id(33) format(0)
09-21 23:39:39.505   765   997 D audio_hw_primary: start_output_stream: Starting MMAP stream
09-21 23:39:39.505   563   563 I hwservicemanager: getTransport: Cannot find entry vendor.qti.hardware.servicetracker@1.0::IServicetracker/default in either framework or device manifest.
09-21 23:39:39.506 30932 30932 D BoundBrokerSvc: onBind: Intent { act=com.google.android.mdd.service.START dat=chimera-action: cmp=com.google.android.gms/.chimera.GmsBoundBrokerService }
09-21 23:39:39.506 30932 30932 D BoundBrokerSvc: Loading bound service for intent: Intent { act=com.google.android.mdd.service.START dat=chimera-action: cmp=com.google.android.gms/.chimera.GmsBoundBrokerService }
09-21 23:39:39.526   765   997 D audio_hw_cirrus_playback: audio_extn_cirrus_post_apply_controls: snd_device = 2
09-21 23:39:39.527   765   997 D audio_hw_primary: start_output_stream: exit
09-21 23:39:39.527   765   997 D audio_hw_primary: check_and_set_karaok_parameters: is karaok rx device 0, is karaok tx device 0
09-21 23:39:39.529   841 26975 D AAudioServiceStreamBase: run() MMAP entering >>>>>>>>>>>>>> TIMESTAMPS
09-21 23:39:39.529   841  1239 D APM_AudioPolicyManager: getOutputForAttrInt() attributes={ Content type: AUDIO_CONTENT_TYPE_MUSIC Usage: AUDIO_USAGE_MEDIA Source: AUDIO_SOURCE_DEFAULT Flags: 0x500 Tags:  } stream=AUDIO_STREAM_MUSIC session 12153 selectedDeviceId 3
09-21 23:39:39.529   841  1239 D APM_AudioPolicyManager: getOutputForAttrInt() device {type:0x2,@:}, sampling rate 48000, format 0x1, channel mask 0x3, flags 0x4001 stream AUDIO_STREAM_MUSIC
09-21 23:39:39.530   841 26976 D AAudioServiceEndpointPlay: callbackLoop() entering >>>>>>>>>>>>>>> MIXER
09-21 23:39:39.530   841 26976 D AudioStreamInternal_Service: onEventFromServer - got AAUDIO_SERVICE_EVENT_STARTED
09-21 23:39:39.530   841  1239 V AudioPolicyManagerCustom: getPackageName: colorpop8.text  uid 10762
09-21 23:39:39.530   765   997 D audio_hw_primary: adev_get_parameters:vr_audio_mode_on
09-21 23:39:39.530   765   997 I audio_hw_primary: getting vr mode to 0
09-21 23:39:39.530   765   997 D audio_hw_primary: adev_get_parameters: exit: returns - vr_audio_mode_on=false
09-21 23:39:39.530   841  1239 I hash_map_utils: key: 'vr_audio_mode_on' value: ''
09-21 23:39:39.530   841  1239 I AudioPolicyManagerCustom: VR mode is 0, switch to primary output if request is for fast|raw
09-21 23:39:39.531   841  1239 V AudioPolicyManagerCustom: getOutputForDevice() reusing direct output 533 for session 12153
09-21 23:39:39.531   841  1239 D APM_AudioPolicyManager: getOutputForAttrInt returns output 533 selectedDeviceId 3
09-21 23:39:39.532   841  1148 D APM_AudioPolicyManager: startOutput portId 1551
09-21 23:39:39.532   841  1148 D APM_AudioPolicyManager: startOutput() output 533, stream 3, session 12153
09-21 23:39:39.532   841  1148 D APM_AudioPolicyManager: setOutputDevices device {type:0x2,@:} delayMs 0 force 1
09-21 23:39:39.532   841  1148 D APM_AudioPolicyManager: setOutputDevices changing device to {type:0x2,@:}
09-21 23:39:39.532   765   998 D msm8974_platform: platform_split_snd_device: snd_device(2) num devices(1) new_snd_devices(0)
09-21 23:39:39.532   765   998 D ACDB-LOADER: ACDB -> send_audvoltable
09-21 23:39:39.532   765   998 D ACDB-LOADER: ACDB -> ACDB_CMD_GET_AUDPROC_INSTANCE_GAIN_DEP_STEP_TABLE_SIZE
09-21 23:39:39.532   765   998 D ACDB-LOADER: ACDB -> ACDB_CMD_GET_AUDPROC_INSTANCE_GAIN_DEP_STEP_TABLE, vol index 5
09-21 23:39:39.532   765   998 D ACDB-LOADER: ACDB -> AUDIO_SET_VOL_CAL cal type = 40
09-21 23:39:39.533   765   997 D audio_hw_primary: out_set_parameters: enter: usecase(13: mmap-playback) kvpairs: routing=2
09-21 23:39:39.533   765   997 D audio_hw_primary: select_devices for use case (mmap-playback)
09-21 23:39:39.534   841  1148 D APM_AudioPolicyManager: setOutputDevices() AF::createAudioPatch returned 0 patchHandle 1044 num_sources 1 num_sinks 1
09-21 23:39:39.534   841  1148 V AudioPolicyManagerCustom: checkAndSetVolume() set volumeSource 1 volume index 11 for device 0x02
09-21 23:39:39.534   841  1148 V AudioPolicyManagerCustom: checkAndSetVolume() set volumeSource 2 volume index 4 for device 0x02
09-21 23:39:39.534   841  1148 V AudioPolicyManagerCustom: checkAndSetVolume() set volumeSource 3 volume index 4 for device 0x02
09-21 23:39:39.534   841  1148 V AudioPolicyManagerCustom: checkAndSetVolume() set volumeSource 4 volume index 5 for device 0x02
09-21 23:39:39.534   841  1148 V AudioPolicyManagerCustom: checkAndSetVolume() set volumeSource 5 volume index 0 for device 0x02
09-21 23:39:39.534   841  1148 V AudioPolicyManagerCustom: checkAndSetVolume() set volumeSource 6 volume index 6 for device 0x02
09-21 23:39:39.534   841  1148 V AudioPolicyManagerCustom: checkAndSetVolume() set volumeSource 7 volume index 4 for device 0x02
09-21 23:39:39.534   841  1148 V AudioPolicyManagerCustom: checkAndSetVolume() set volumeSource 8 volume index 12 for device 0x02
09-21 23:39:39.534   841  1148 V AudioPolicyManagerCustom: checkAndSetVolume() cannot set stream 8 volume with force use = 0 for comm
09-21 23:39:39.534   841  1148 V AudioPolicyManagerCustom: checkAndSetVolume() set volumeSource 9 volume index 7 for device 0x02
09-21 23:39:39.534   841  1148 V AudioPolicyManagerCustom: checkAndSetVolume() set volumeSource 10 volume index 4 for device 0x02
09-21 23:39:39.534   841  1148 V AudioPolicyManagerCustom: checkAndSetVolume() set volumeSource 11 volume index 5 for device 0x02
09-21 23:39:39.534   841  1148 V AudioPolicyManagerCustom: checkAndSetVolume() set volumeSource 12 volume index 6 for device 0x02
09-21 23:39:39.534   841  1148 V AudioPolicyManagerCustom: checkAndSetVolume() set volumeSource 13 volume index 0 for device 0x02
09-21 23:39:39.534   841  1148 V AudioPolicyManagerCustom: checkAndSetVolume() set volumeSource 14 volume index 0 for device 0x02
09-21 23:39:39.534   841  1148 V AudioPolicyManagerCustom: checkAndSetVolume() set volumeSource 4 volume index 5 for device 0x02
09-21 23:39:39.535   841 26977 D AAudioServiceStreamBase: run() Shared entering >>>>>>>>>>>>>> TIMESTAMPS
09-21 23:39:39.535 25893 25957 D         : PlayerBase::start() from IPlayer
09-21 23:39:39.535 25893 25957 D AAudio  : AAudioStream_requestStart(s#3) returned 0 ---------
09-21 23:39:39.536   765  2178 D audio_hw_primary: out_set_volume: called with left_vol=0.031623, right_vol=0.031623
09-21 23:39:39.536  2237  3197 D Avrcp_ext: AudioManager Player: ID:8039 -- type:android.media.SoundPool -- u/pid:10025/6894 -- state:idle -- attr:AudioAttributes: usage=USAGE_ASSISTANCE_SONIFICATION content=CONTENT_TYPE_SONIFICATION flags=0x800 tags= bundle=null
09-21 23:39:39.536  2237  3197 D Avrcp_ext: AudioManager Player: ID:15 -- type:android.media.SoundPool -- u/pid:1000/2009 -- state:idle -- attr:AudioAttributes: usage=USAGE_ASSISTANCE_SONIFICATION content=CONTENT_TYPE_SONIFICATION flags=0x800 tags= bundle=null
09-21 23:39:39.536  2237  3197 D Avrcp_ext: AudioManager Player: ID:47 -- type:android.media.SoundPool -- u/pid:1027/5044 -- state:idle -- attr:AudioAttributes: usage=USAGE_NOTIFICATION content=CONTENT_TYPE_SONIFICATION flags=0x800 tags= bundle=null
09-21 23:39:39.536  2237  3197 D Avrcp_ext: AudioManager Player: ID:9295 -- type:android.media.MediaPlayer -- u/pid:1000/2257 -- state:stopped -- attr:AudioAttributes: usage=USAGE_NOTIFICATION content=CONTENT_TYPE_SONIFICATION flags=0x800 tags= bundle=null
09-21 23:39:39.536  2237  3197 D Avrcp_ext: AudioManager Player: ID:10607 -- type:android.media.MediaPlayer -- u/pid:1000/2257 -- state:stopped -- attr:AudioAttributes: usage=USAGE_NOTIFICATION content=CONTENT_TYPE_SONIFICATION flags=0x800 tags= bundle=null
09-21 23:39:39.536  2237  3197 D Avrcp_ext: AudioManager Player: ID:13423 -- type:android.media.SoundPool -- u/pid:10090/24625 -- state:idle -- attr:AudioAttributes: usage=USAGE_VOICE_COMMUNICATION content=CONTENT_TYPE_SPEECH flags=0x800 tags= bundle=null
09-21 23:39:39.536  2237  3197 D Avrcp_ext: AudioManager Player: ID:23 -- type:android.media.SoundPool -- u/pid:1000/2257 -- state:idle -- attr:AudioAttributes: usage=USAGE_ASSISTANCE_SONIFICATION content=CONTENT_TYPE_SONIFICATION flags=0x800 tags= bundle=null
09-21 23:39:39.536  2237  3197 D Avrcp_ext: AudioManager Player: ID:13431 -- type:android.media.SoundPool -- u/pid:10090/24625 -- state:idle -- attr:AudioAttributes: usage=USAGE_VOICEASSIST content=CONTENT_TYPE_VOICEASSIST flags=0x800 tags= bundle=null
09-21 23:39:39.536  2237  3197 D Avrcp_ext: AudioManager Player: ID:13503 -- type:AAudio -- u/pid:10762/25893 -- state:started -- attr:AudioAttributes: usage=USAGE_MEDIA content=CONTENT_TYPE_UNKNOWN flags=0x0 tags= bundle=null
09-21 23:39:39.537  2237  3197 D Avrcp_ext: AudioManager isPlaying: true, mA2dpState: 11, isMusiActive: true
09-21 23:39:39.537  2237  3197 V Avrcp_ext: updateCurrentMediaState: mMediaController: null
09-21 23:39:39.537  2237  3197 V Avrcp_ext: isMusicActive: true getBluetoothPlayState: 2
09-21 23:39:39.537  2237  3197 V Avrcp_ext: updateCurrentMediaState: isPlaying = false
09-21 23:39:39.537  2237  3197 V Avrcp_ext: updateCurrentMediaState: mMediaController or getPlaybackState() null
09-21 23:39:39.538  2237  3197 V Avrcp_ext: Media update: id -1-1? [MediaAttributes: none] : [MediaAttributes: none]
09-21 23:39:39.538  2237  3197 V Avrcp_ext: newPlayStatus:2mReportedPlayStatus:1
09-21 23:39:39.538  2237  3197 V Avrcp_ext: updatePlaybackState, state: PlaybackState {state=2, position=-1, buffered position=0, speed=0.0, updated=685306553, actions=0, custom actions=[], active item id=-1, error=null} device: null
09-21 23:39:39.538  2237  3197 V Avrcp_ext: Device: no name: 
09-21 23:39:39.538  2237  3197 I chatty  : uid=1002(bluetooth) BluetoothAvrcpH identical 3 lines
09-21 23:39:39.538  2237  3197 V Avrcp_ext: Device: no name: 
