09-21 23:39:06.060  2257  2257 D StatusBar: updateHeadsUp wasHeadsUp=false shouldPeek=false alertAgain=true
09-21 23:39:06.909   768  3174 I vendor.qti.bluetooth@1.0-ibs_handler: ProcessIbsCmd: Received IBS_WAKE_IND: 0xFD
09-21 23:39:06.909   768  3174 D vendor.qti.bluetooth@1.0-ibs_handler: SerialClockVote: vote for UART CLK ON
09-21 23:39:06.910   768  3174 D vendor.qti.bluetooth@1.0-wake_lock: Acquire wakelock is acquired 
09-21 23:39:06.910   768  3174 I vendor.qti.bluetooth@1.0-ibs_handler: ProcessIbsCmd: Writing IBS_WAKE_ACK
09-21 23:39:06.911  2237  3177 V bt_stack: [VERBOSE1:btm_ble_gap.cc(1923)] btm_ble_process_ext_adv_pkt: bda=1c:ea:ac:7f:4f:13
09-21 23:39:06.911  2237  3177 V bt_stack: [VERBOSE1:btm_ble_gap.cc(1847)] btm_ble_process_adv_addr: bda=1c:ea:ac:7f:4f:13
09-21 23:39:06.911  2237  3177 V bt_stack: [VERBOSE1:btm_ble_gap.cc(2052)]  Waiting for scan response 1c:ea:ac:7f:4f:13
09-21 23:39:06.911  2237  3177 V bt_stack: [VERBOSE1:btm_ble_gap.cc(1923)] btm_ble_process_ext_adv_pkt: bda=1c:ea:ac:7f:4f:13
09-21 23:39:06.911  2237  3177 V bt_stack: [VERBOSE1:btm_ble_gap.cc(1847)] btm_ble_process_adv_addr: bda=1c:ea:ac:7f:4f:13
09-21 23:39:06.912  2237  2370 D BluetoothUtils: blockedByLocationOff callingUid=1002
09-21 23:39:06.913  2237  2370 I BluetoothUtils: packagename is android.uid.bluetooth:1002 ,and its permission is false
09-21 23:39:06.915 25358 25428 D MiuiMiHomeConnectController: result.getRssi = -9300:00:00:7F:4F:13
09-21 23:39:06.951   768  3174 I vendor.qti.bluetooth@1.0-ibs_handler: ProcessIbsCmd: Received IBS_SLEEP_IND: 0xFE
09-21 23:39:06.951   768  3174 D vendor.qti.bluetooth@1.0-ibs_handler: SerialClockVote: vote for UART CLK OFF
09-21 23:39:07.042  2257  2257 D StatusBar: onNotificationPosted key=0|com.github.kr328.clash.foss|2131296550|null|10641 isUpdate=true
09-21 23:39:07.043  2257  2257 D StatusBar: updateNotification old=StatusBarNotification(pkg=com.github.kr328.clash.foss user=UserHandle{0} id=2131296550 tag=null key=0|com.github.kr328.clash.foss|2131296550|null|10641: Notification(channel=clash_status_channel pri=0 contentView=null vibrate=null sound=null defaults=0x0 flags=0x6a color=0xff1e4376 vis=PRIVATE))
09-21 23:39:07.043  2257  2257 D StatusBar:     pkgName=com.github.kr328.clash.foss appUid=10641 sdk=30 imp=2 sysApp=F priApp=F hasShown=F float=F keyguard=F peek=F fullscreen=F
09-21 23:39:07.043  2257  2257 D StatusBar:     showMiuiAction=F enableFloat=T enableKeyguard=T floatTime=5000 messageCount=1 persistent=F customHeight=F
09-21 23:39:07.048  5532  5979 V h       : flags=106
09-21 23:39:07.048  5532  5979 V h       : ret=0
09-21 23:39:07.062  2257  2257 D StatusBar: No peeking: unimportant notification: 0|com.github.kr328.clash.foss|2131296550|null|10641
09-21 23:39:07.062  2257  2257 D StatusBar: updateHeadsUp wasHeadsUp=false shouldPeek=false alertAgain=true
09-21 23:39:07.101   768  2923 D vendor.qti.bluetooth@1.0-wake_lock: Release wakelock is released 
09-21 23:39:08.043  2257  2257 D StatusBar: onNotificationPosted key=0|com.github.kr328.clash.foss|2131296550|null|10641 isUpdate=true
09-21 23:39:08.044  2257  2257 D StatusBar: updateNotification old=StatusBarNotification(pkg=com.github.kr328.clash.foss user=UserHandle{0} id=2131296550 tag=null key=0|com.github.kr328.clash.foss|2131296550|null|10641: Notification(channel=clash_status_channel pri=0 contentView=null vibrate=null sound=null defaults=0x0 flags=0x6a color=0xff1e4376 vis=PRIVATE))
09-21 23:39:08.044  2257  2257 D StatusBar:     pkgName=com.github.kr328.clash.foss appUid=10641 sdk=30 imp=2 sysApp=F priApp=F hasShown=F float=F keyguard=F peek=F fullscreen=F
09-21 23:39:08.044  2257  2257 D StatusBar:     showMiuiAction=F enableFloat=T enableKeyguard=T floatTime=5000 messageCount=1 persistent=F customHeight=F
09-21 23:39:08.047  5532  5979 V h       : flags=106
09-21 23:39:08.048  5532  5979 V h       : ret=0
09-21 23:39:08.064  2257  2257 D StatusBar: No peeking: unimportant notification: 0|com.github.kr328.clash.foss|2131296550|null|10641
09-21 23:39:08.064  2257  2257 D StatusBar: updateHeadsUp wasHeadsUp=false shouldPeek=false alertAgain=true
09-21 23:39:09.045  2257  2257 D StatusBar: onNotificationPosted key=0|com.github.kr328.clash.foss|2131296550|null|10641 isUpdate=true
09-21 23:39:09.045  5532  5979 V h       : flags=106
09-21 23:39:09.046  2257  2257 D StatusBar: updateNotification old=StatusBarNotification(pkg=com.github.kr328.clash.foss user=UserHandle{0} id=2131296550 tag=null key=0|com.github.kr328.clash.foss|2131296550|null|10641: Notification(channel=clash_status_channel pri=0 contentView=null vibrate=null sound=null defaults=0x0 flags=0x6a color=0xff1e4376 vis=PRIVATE))
09-21 23:39:09.046  2257  2257 D StatusBar:     pkgName=com.github.kr328.clash.foss appUid=10641 sdk=30 imp=2 sysApp=F priApp=F hasShown=F float=F keyguard=F peek=F fullscreen=F
09-21 23:39:09.046  2257  2257 D StatusBar:     showMiuiAction=F enableFloat=T enableKeyguard=T floatTime=5000 messageCount=1 persistent=F customHeight=F
09-21 23:39:09.046  5532  5979 V h       : ret=0
09-21 23:39:09.066  2257  2257 D StatusBar: No peeking: unimportant notification: 0|com.github.kr328.clash.foss|2131296550|null|10641
09-21 23:39:09.066  2257  2257 D StatusBar: updateHeadsUp wasHeadsUp=false shouldPeek=false alertAgain=true
09-21 23:39:09.310   768  3174 I vendor.qti.bluetooth@1.0-ibs_handler: ProcessIbsCmd: Received IBS_WAKE_IND: 0xFD
09-21 23:39:09.310   768  3174 D vendor.qti.bluetooth@1.0-ibs_handler: SerialClockVote: vote for UART CLK ON
09-21 23:39:09.311   768  3174 D vendor.qti.bluetooth@1.0-wake_lock: Acquire wakelock is acquired 
09-21 23:39:09.311   768  3174 I vendor.qti.bluetooth@1.0-ibs_handler: ProcessIbsCmd: Writing IBS_WAKE_ACK
09-21 23:39:09.312  2237  3177 V bt_stack: [VERBOSE1:btm_ble_gap.cc(1923)] btm_ble_process_ext_adv_pkt: bda=34:fa:1c:17:4f:9f
09-21 23:39:09.312  2237  3177 V bt_stack: [VERBOSE1:btm_ble_gap.cc(1847)] btm_ble_process_adv_addr: bda=34:fa:1c:17:4f:9f
09-21 23:39:09.312  2237  3177 V bt_stack: [VERBOSE1:btm_ble_gap.cc(2052)]  Waiting for scan response 34:fa:1c:17:4f:9f
09-21 23:39:09.341  2237  3177 V bt_stack: [VERBOSE1:btm_ble_gap.cc(1923)] btm_ble_process_ext_adv_pkt: bda=1c:ea:ac:7f:4f:13
09-21 23:39:09.341  2237  3177 V bt_stack: [VERBOSE1:btm_ble_gap.cc(1847)] btm_ble_process_adv_addr: bda=1c:ea:ac:7f:4f:13
09-21 23:39:09.341  2237  3177 V bt_stack: [VERBOSE1:btm_ble_gap.cc(2052)]  Waiting for scan response 1c:ea:ac:7f:4f:13
09-21 23:39:09.381   768  3174 I vendor.qti.bluetooth@1.0-ibs_handler: ProcessIbsCmd: Received IBS_SLEEP_IND: 0xFE
09-21 23:39:09.381   768  3174 D vendor.qti.bluetooth@1.0-ibs_handler: SerialClockVote: vote for UART CLK OFF
09-21 23:39:09.531   768  2923 D vendor.qti.bluetooth@1.0-wake_lock: Release wakelock is released 
09-21 23:39:10.043  2257  2257 D StatusBar: onNotificationPosted key=0|com.github.kr328.clash.foss|2131296550|null|10641 isUpdate=true
09-21 23:39:10.044  2257  2257 D StatusBar: updateNotification old=StatusBarNotification(pkg=com.github.kr328.clash.foss user=UserHandle{0} id=2131296550 tag=null key=0|com.github.kr328.clash.foss|2131296550|null|10641: Notification(channel=clash_status_channel pri=0 contentView=null vibrate=null sound=null defaults=0x0 flags=0x6a color=0xff1e4376 vis=PRIVATE))
09-21 23:39:10.044  2257  2257 D StatusBar:     pkgName=com.github.kr328.clash.foss appUid=10641 sdk=30 imp=2 sysApp=F priApp=F hasShown=F float=F keyguard=F peek=F fullscreen=F
09-21 23:39:10.044  2257  2257 D StatusBar:     showMiuiAction=F enableFloat=T enableKeyguard=T floatTime=5000 messageCount=1 persistent=F customHeight=F
09-21 23:39:10.046  5532  5979 V h       : flags=106
09-21 23:39:10.047  5532  5979 V h       : ret=0
09-21 23:39:10.067  2257  2257 D StatusBar: No peeking: unimportant notification: 0|com.github.kr328.clash.foss|2131296550|null|10641
09-21 23:39:10.067  2257  2257 D StatusBar: updateHeadsUp wasHeadsUp=false shouldPeek=false alertAgain=true
09-21 23:39:11.046  2257  2257 D StatusBar: onNotificationPosted key=0|com.github.kr328.clash.foss|2131296550|null|10641 isUpdate=true
09-21 23:39:11.046  2257  2257 D StatusBar: updateNotification old=StatusBarNotification(pkg=com.github.kr328.clash.foss user=UserHandle{0} id=2131296550 tag=null key=0|com.github.kr328.clash.foss|2131296550|null|10641: Notification(channel=clash_status_channel pri=0 contentView=null vibrate=null sound=null defaults=0x0 flags=0x6a color=0xff1e4376 vis=PRIVATE))
09-21 23:39:11.046  2257  2257 D StatusBar:     pkgName=com.github.kr328.clash.foss appUid=10641 sdk=30 imp=2 sysApp=F priApp=F hasShown=F float=F keyguard=F peek=F fullscreen=F
09-21 23:39:11.046  2257  2257 D StatusBar:     showMiuiAction=F enableFloat=T enableKeyguard=T floatTime=5000 messageCount=1 persistent=F customHeight=F
09-21 23:39:11.047  5532  5979 V h       : flags=106
09-21 23:39:11.047  5532  5979 V h       : ret=0
09-21 23:39:11.068  2257  2257 D StatusBar: No peeking: unimportant notification: 0|com.github.kr328.clash.foss|2131296550|null|10641
09-21 23:39:11.068  2257  2257 D StatusBar: updateHeadsUp wasHeadsUp=false shouldPeek=false alertAgain=true
09-21 23:39:11.121  2257  2561 D MobileSignalController: onSignalStrengthsChanged: SignalStrength:{mCdma=CellSignalStrengthCdma: cdmaDbm=2147483647 cdmaEcio=2147483647 evdoDbm=2147483647 evdoEcio=2147483647 evdoSnr=2147483647 miuiLevel=0 level=0,mGsm=CellSignalStrengthGsm: rssi=2147483647 ber=2147483647 mTa=2147483647 miuiLevel=0 mLevel=0,mWcdma=CellSignalStrengthWcdma: ss=2147483647 ber=2147483647 rscp=2147483647 ecno=2147483647 miuiLevel=0 level=0,mTdscdma=CellSignalStrengthTdscdma: rssi=2147483647 ber=2147483647 rscp=2147483647 miuiLevel=0 level=0,mLte=CellSignalStrengthLte: rssi=-53 rsrp=-87 rsrq=-13 rssnr=0 cqi=2147483647 ta=2147483647 miuiLevel=5 level=1,mNr=CellSignalStrengthNr:{ csiRsrp = 2147483647 csiRsrq = 2147483647 csiSinr = 2147483647 ssRsrp = 2147483647 ssRsrq = 2147483647 ssSinr = 2147483647 miuiLevel = 0 level = 0 },primary=CellSignalStrengthLte}
09-21 23:39:11.121  2257  2561 D NetworkController.MobileSignalController(5): 4G level = 5
09-21 23:39:11.130  2257  2561 D MobileSignalController: updateDataType mSelectedDataTypeIcon[0]=2131233307, mSelectedDataActivityIndex=6
09-21 23:39:11.131  2257  2561 D TelephonyIcons: getSignalStrengthIcon: slot=0, inetCondition=1, level=5, roaming=false, signalstrength=SignalStrength:{mCdma=CellSignalStrengthCdma: cdmaDbm=2147483647 cdmaEcio=2147483647 evdoDbm=2147483647 evdoEcio=2147483647 evdoSnr=2147483647 miuiLevel=0 level=0,mGsm=CellSignalStrengthGsm: rssi=2147483647 ber=2147483647 mTa=2147483647 miuiLevel=0 mLevel=0,mWcdma=CellSignalStrengthWcdma: ss=2147483647 ber=2147483647 rscp=2147483647 ecno=2147483647 miuiLevel=0 level=0,mTdscdma=CellSignalStrengthTdscdma: rssi=2147483647 ber=2147483647 rscp=2147483647 miuiLevel=0 level=0,mLte=CellSignalStrengthLte: rssi=-53 rsrp=-87 rsrq=-13 rssnr=0 cqi=2147483647 ta=2147483647 miuiLevel=5 level=1,mNr=CellSignalStrengthNr:{ csiRsrp = 2147483647 csiRsrq = 2147483647 csiSinr = 2147483647 ssRsrp = 2147483647 ssRsrq = 2147483647 ssSinr = 2147483647 miuiLevel = 0 level = 0 },primary=CellSignalStrengthLte}
09-21 23:39:11.131  2257  2561 D TelephonyIcons: getDataActivity, slot=0, activity=3
09-21 23:39:11.132  2257  2561 D TelephonyIcons: null signal icon name: drawable/stat_sys_signal_null
09-21 23:39:11.132  2257  2561 D TelephonyIcons: getDataTypeIcon sub=0
09-21 23:39:11.132  2257  2257 D SignalClusterView: updateMobileTypeImage  0
09-21 23:39:11.150  2257  2257 I chatty  : uid=1000(system) com.android.systemui identical 5 lines
09-21 23:39:11.150  2257  2257 D SignalClusterView: updateMobileTypeImage  0
09-21 23:39:11.435  2009  5020 D MessageMonitor: Dump Looper message took 0ms
09-21 23:39:11.449 24147 25351 W chromium: [WARNING:cookie_manager.cc(530)] SetCanonicalCookie for incognitoMojoCookieManager
09-21 23:39:11.554 30867 26931 E memtrack: Couldn't load memtrack module
09-21 23:39:11.554 30867 26931 W android.os.Debug: failed to get memory consumption info: -1
09-21 23:39:12.047  2257  2257 D StatusBar: onNotificationPosted key=0|com.github.kr328.clash.foss|2131296550|null|10641 isUpdate=true
09-21 23:39:12.048  5532  5979 V h       : flags=106
09-21 23:39:12.048  2257  2257 D StatusBar: updateNotification old=StatusBarNotification(pkg=com.github.kr328.clash.foss user=UserHandle{0} id=2131296550 tag=null key=0|com.github.kr328.clash.foss|2131296550|null|10641: Notification(channel=clash_status_channel pri=0 contentView=null vibrate=null sound=null defaults=0x0 flags=0x6a color=0xff1e4376 vis=PRIVATE))
09-21 23:39:12.048  2257  2257 D StatusBar:     pkgName=com.github.kr328.clash.foss appUid=10641 sdk=30 imp=2 sysApp=F priApp=F hasShown=F float=F keyguard=F peek=F fullscreen=F
09-21 23:39:12.048  2257  2257 D StatusBar:     showMiuiAction=F enableFloat=T enableKeyguard=T floatTime=5000 messageCount=1 persistent=F customHeight=F
09-21 23:39:12.048  5532  5979 V h       : ret=0
09-21 23:39:12.072  2257  2257 D StatusBar: No peeking: unimportant notification: 0|com.github.kr328.clash.foss|2131296550|null|10641
09-21 23:39:12.072  2257  2257 D StatusBar: updateHeadsUp wasHeadsUp=false shouldPeek=false alertAgain=true
09-21 23:39:12.470 30932 26932 E memtrack: Couldn't load memtrack module
09-21 23:39:12.470 30932 26932 W android.os.Debug: failed to get memory consumption info: -1
09-21 23:39:12.979   768  3174 I vendor.qti.bluetooth@1.0-ibs_handler: ProcessIbsCmd: Received IBS_WAKE_IND: 0xFD
09-21 23:39:12.979   768  3174 D vendor.qti.bluetooth@1.0-ibs_handler: SerialClockVote: vote for UART CLK ON
09-21 23:39:12.979   768  3174 D vendor.qti.bluetooth@1.0-wake_lock: Acquire wakelock is acquired 
09-21 23:39:12.980   768  3174 I vendor.qti.bluetooth@1.0-ibs_handler: ProcessIbsCmd: Writing IBS_WAKE_ACK
09-21 23:39:12.981  2237  3177 V bt_stack: [VERBOSE1:btm_ble_gap.cc(1923)] btm_ble_process_ext_adv_pkt: bda=34:fa:1c:17:4f:9f
09-21 23:39:12.981  2237  3177 V bt_stack: [VERBOSE1:btm_ble_gap.cc(1847)] btm_ble_process_adv_addr: bda=34:fa:1c:17:4f:9f
09-21 23:39:12.981  2237  3177 V bt_stack: [VERBOSE1:btm_ble_gap.cc(2052)]  Waiting for scan response 34:fa:1c:17:4f:9f
09-21 23:39:12.981  2237  3177 V bt_stack: [VERBOSE1:btm_ble_gap.cc(1923)] btm_ble_process_ext_adv_pkt: bda=34:fa:1c:17:4f:9f
09-21 23:39:12.981  2237  3177 V bt_stack: [VERBOSE1:btm_ble_gap.cc(1847)] btm_ble_process_adv_addr: bda=34:fa:1c:17:4f:9f
09-21 23:39:12.982  2237  2370 D BluetoothUtils: blockedByLocationOff callingUid=1002
09-21 23:39:12.984  2237  2370 I BluetoothUtils: packagename is android.uid.bluetooth:1002 ,and its permission is false
09-21 23:39:12.986  2237  3177 V bt_stack: [VERBOSE1:btm_ble_gap.cc(1923)] btm_ble_process_ext_adv_pkt: bda=1c:ea:ac:7f:4f:13
09-21 23:39:12.986 25358 25428 D MiuiMiHomeConnectController: result.getRssi = -8900:00:00:17:4F:9F
09-21 23:39:12.986  2237  3177 V bt_stack: [VERBOSE1:btm_ble_gap.cc(1847)] btm_ble_process_adv_addr: bda=1c:ea:ac:7f:4f:13
09-21 23:39:12.986  2237  3177 V bt_stack: [VERBOSE1:btm_ble_gap.cc(2052)]  Waiting for scan response 1c:ea:ac:7f:4f:13
09-21 23:39:12.986  2237  3177 V bt_stack: [VERBOSE1:btm_ble_gap.cc(1923)] btm_ble_process_ext_adv_pkt: bda=1c:ea:ac:7f:4f:13
09-21 23:39:12.986  2237  3177 V bt_stack: [VERBOSE1:btm_ble_gap.cc(1847)] btm_ble_process_adv_addr: bda=1c:ea:ac:7f:4f:13
09-21 23:39:12.987  2237  2370 D BluetoothUtils: blockedByLocationOff callingUid=1002
09-21 23:39:12.987  2237  2370 I BluetoothUtils: packagename is android.uid.bluetooth:1002 ,and its permission is false
09-21 23:39:12.989 25358 25428 D MiuiMiHomeConnectController: result.getRssi = -9500:00:00:7F:4F:13
09-21 23:39:13.025   768  3174 I vendor.qti.bluetooth@1.0-ibs_handler: ProcessIbsCmd: Received IBS_SLEEP_IND: 0xFE
09-21 23:39:13.025   768  3174 D vendor.qti.bluetooth@1.0-ibs_handler: SerialClockVote: vote for UART CLK OFF
09-21 23:39:13.046  2257  2257 D StatusBar: onNotificationPosted key=0|com.github.kr328.clash.foss|2131296550|null|10641 isUpdate=true
09-21 23:39:13.047  2257  2257 D StatusBar: updateNotification old=StatusBarNotification(pkg=com.github.kr328.clash.foss user=UserHandle{0} id=2131296550 tag=null key=0|com.github.kr328.clash.foss|2131296550|null|10641: Notification(channel=clash_status_channel pri=0 contentView=null vibrate=null sound=null defaults=0x0 flags=0x6a color=0xff1e4376 vis=PRIVATE))
09-21 23:39:13.047  2257  2257 D StatusBar:     pkgName=com.github.kr328.clash.foss appUid=10641 sdk=30 imp=2 sysApp=F priApp=F hasShown=F float=F keyguard=F peek=F fullscreen=F
09-21 23:39:13.047  2257  2257 D StatusBar:     showMiuiAction=F enableFloat=T enableKeyguard=T floatTime=5000 messageCount=1 persistent=F customHeight=F
09-21 23:39:13.048  5532  5979 V h       : flags=106
09-21 23:39:13.049  5532  5979 V h       : ret=0
09-21 23:39:13.074  2257  2257 D StatusBar: No peeking: unimportant notification: 0|com.github.kr328.clash.foss|2131296550|null|10641
09-21 23:39:13.074  2257  2257 D StatusBar: updateHeadsUp wasHeadsUp=false shouldPeek=false alertAgain=true
09-21 23:39:13.175   768  2923 D vendor.qti.bluetooth@1.0-wake_lock: Release wakelock is released 
09-21 23:39:14.048  2257  2257 D StatusBar: onNotificationPosted key=0|com.github.kr328.clash.foss|2131296550|null|10641 isUpdate=true
09-21 23:39:14.048  2257  2257 D StatusBar: updateNotification old=StatusBarNotification(pkg=com.github.kr328.clash.foss user=UserHandle{0} id=2131296550 tag=null key=0|com.github.kr328.clash.foss|2131296550|null|10641: Notification(channel=clash_status_channel pri=0 contentView=null vibrate=null sound=null defaults=0x0 flags=0x6a color=0xff1e4376 vis=PRIVATE))
09-21 23:39:14.048  2257  2257 D StatusBar:     pkgName=com.github.kr328.clash.foss appUid=10641 sdk=30 imp=2 sysApp=F priApp=F hasShown=F float=F keyguard=F peek=F fullscreen=F
09-21 23:39:14.048  2257  2257 D StatusBar:     showMiuiAction=F enableFloat=T enableKeyguard=T floatTime=5000 messageCount=1 persistent=F customHeight=F
09-21 23:39:14.049  5532  5979 V h       : flags=106
09-21 23:39:14.050  5532  5979 V h       : ret=0
09-21 23:39:14.075  2257  2257 D StatusBar: No peeking: unimportant notification: 0|com.github.kr328.clash.foss|2131296550|null|10641
09-21 23:39:14.075  2257  2257 D StatusBar: updateHeadsUp wasHeadsUp=false shouldPeek=false alertAgain=true
09-21 23:39:14.330  4411  4558 I MicroMsg.flutter.MemoryKit: #0 logger.cc-0:0 : Memory Check Results: vmSize: 41451520, usedVMSize: 28317200, maxVMSize: 41451520, maxUsedVMSize: 38034384, avgVMSize: 38179558.59541985, avgUsedVMSize: 28734180.48854962, currentUsedVMSize: 26961792, maxCurrentVMSize: 39751680, maxCurrentVMUsedSize: 37530944, avgCurrentVMSize: 36833694.29007634, avgCurrentVMUsedSize: 27802380.24427481, imageCount: 0, imageSize: 0, pictureCount: 1, pictureSize: 136, usedGpuMemory: 146544, avgUsedGpuMemory: 10151880.458015267, maxUsedGpuMemory: 34959000, isolateCount: 2, mainIsolateCount: 1, workerIsolateCount: 0, engineCount: 1, 
09-21 23:39:15.047  2257  2257 D StatusBar: onNotificationPosted key=0|com.github.kr328.clash.foss|2131296550|null|10641 isUpdate=true
09-21 23:39:15.047  2257  2257 D StatusBar: updateNotification old=StatusBarNotification(pkg=com.github.kr328.clash.foss user=UserHandle{0} id=2131296550 tag=null key=0|com.github.kr328.clash.foss|2131296550|null|10641: Notification(channel=clash_status_channel pri=0 contentView=null vibrate=null sound=null defaults=0x0 flags=0x6a color=0xff1e4376 vis=PRIVATE))
09-21 23:39:15.047  2257  2257 D StatusBar:     pkgName=com.github.kr328.clash.foss appUid=10641 sdk=30 imp=2 sysApp=F priApp=F hasShown=F float=F keyguard=F peek=F fullscreen=F
09-21 23:39:15.047  2257  2257 D StatusBar:     showMiuiAction=F enableFloat=T enableKeyguard=T floatTime=5000 messageCount=1 persistent=F customHeight=F
09-21 23:39:15.048  5532  5979 V h       : flags=106
09-21 23:39:15.048  5532  5979 V h       : ret=0
09-21 23:39:15.057  2257  2257 D StatusBar: No peeking: unimportant notification: 0|com.github.kr328.clash.foss|2131296550|null|10641
09-21 23:39:15.057  2257  2257 D StatusBar: updateHeadsUp wasHeadsUp=false shouldPeek=false alertAgain=true
09-21 23:39:15.093  2257  2257 D KeyguardUpdateMonitor: received broadcast android.intent.action.BATTERY_CHANGED
09-21 23:39:15.094  5044  5044 D NfcService: Received android.intent.action.BATTERY_CHANGED
09-21 23:39:15.094  5532  5532 I BatteryInfoReceiver: ACTION_BATTERY_CHANGED
09-21 23:39:15.095  5532  5532 I PowerSaveService: onReceive: android.intent.action.BATTERY_CHANGED
09-21 23:39:15.095  5532  5532 I PowerNoticeUI: handleBatteryChanged oldPlugType 2 mPlugType 2 oldBatteryLevel 57 mBatteryLevel 57 temperature 357
09-21 23:39:15.096 17734 17763 D PowerKeeper.FrozenApp: onBatteryChanged plug=true mBatteryPlugged=2
09-21 23:39:15.096 17734 17773 D PowerCheckerService: onBatteryChanged, mBatteryLevel = 57, status = 2, level = 57, plug = 2, scale = 100
09-21 23:39:16.050  2257  2257 D StatusBar: onNotificationPosted key=0|com.github.kr328.clash.foss|2131296550|null|10641 isUpdate=true
09-21 23:39:16.051  2257  2257 D StatusBar: updateNotification old=StatusBarNotification(pkg=com.github.kr328.clash.foss user=UserHandle{0} id=2131296550 tag=null key=0|com.github.kr328.clash.foss|2131296550|null|10641: Notification(channel=clash_status_channel pri=0 contentView=null vibrate=null sound=null defaults=0x0 flags=0x6a color=0xff1e4376 vis=PRIVATE))
09-21 23:39:16.051  2257  2257 D StatusBar:     pkgName=com.github.kr328.clash.foss appUid=10641 sdk=30 imp=2 sysApp=F priApp=F hasShown=F float=F keyguard=F peek=F fullscreen=F
09-21 23:39:16.051  2257  2257 D StatusBar:     showMiuiAction=F enableFloat=T enableKeyguard=T floatTime=5000 messageCount=1 persistent=F customHeight=F
09-21 23:39:16.052  5532  5979 V h       : flags=106
09-21 23:39:16.053  5532  5979 V h       : ret=0
09-21 23:39:16.078  2257  2257 D StatusBar: No peeking: unimportant notification: 0|com.github.kr328.clash.foss|2131296550|null|10641
09-21 23:39:16.078  2257  2257 D StatusBar: updateHeadsUp wasHeadsUp=false shouldPeek=false alertAgain=true
09-21 23:39:16.871  2257  2561 D MobileSignalController: onSignalStrengthsChanged: SignalStrength:{mCdma=CellSignalStrengthCdma: cdmaDbm=2147483647 cdmaEcio=2147483647 evdoDbm=2147483647 evdoEcio=2147483647 evdoSnr=2147483647 miuiLevel=0 level=0,mGsm=CellSignalStrengthGsm: rssi=2147483647 ber=2147483647 mTa=2147483647 miuiLevel=0 mLevel=0,mWcdma=CellSignalStrengthWcdma: ss=2147483647 ber=2147483647 rscp=2147483647 ecno=2147483647 miuiLevel=0 level=0,mTdscdma=CellSignalStrengthTdscdma: rssi=2147483647 ber=2147483647 rscp=2147483647 miuiLevel=0 level=0,mLte=CellSignalStrengthLte: rssi=-55 rsrp=-87 rsrq=-11 rssnr=60 cqi=2147483647 ta=2147483647 miuiLevel=5 level=3,mNr=CellSignalStrengthNr:{ csiRsrp = 2147483647 csiRsrq = 2147483647 csiSinr = 2147483647 ssRsrp = 2147483647 ssRsrq = 2147483647 ssSinr = 2147483647 miuiLevel = 0 level = 0 },primary=CellSignalStrengthLte}
09-21 23:39:16.872  2257  2561 D NetworkController.MobileSignalController(5): 4G level = 5
09-21 23:39:16.960  2257  2561 D MobileSignalController: onSignalStrengthsChanged: SignalStrength:{mCdma=CellSignalStrengthCdma: cdmaDbm=2147483647 cdmaEcio=2147483647 evdoDbm=2147483647 evdoEcio=2147483647 evdoSnr=2147483647 miuiLevel=0 level=0,mGsm=CellSignalStrengthGsm: rssi=2147483647 ber=2147483647 mTa=2147483647 miuiLevel=0 mLevel=0,mWcdma=CellSignalStrengthWcdma: ss=2147483647 ber=2147483647 rscp=2147483647 ecno=2147483647 miuiLevel=0 level=0,mTdscdma=CellSignalStrengthTdscdma: rssi=2147483647 ber=2147483647 rscp=2147483647 miuiLevel=0 level=0,mLte=CellSignalStrengthLte: rssi=-67 rsrp=-87 rsrq=-12 rssnr=60 cqi=2147483647 ta=2147483647 miuiLevel=5 level=3,mNr=CellSignalStrengthNr:{ csiRsrp = 2147483647 csiRsrq = 2147483647 csiSinr = 2147483647 ssRsrp = 2147483647 ssRsrq = 2147483647 ssSinr = 2147483647 miuiLevel = 0 level = 0 },primary=CellSignalStrengthLte}
09-21 23:39:16.960  2257  2561 D NetworkController.MobileSignalController(5): 4G level = 5
09-21 23:39:16.961  2684  2772 I QcrilOemhookMsgTunnel: [0]processOemHookIndication length=22
09-21 23:39:16.980  2009  5063 W ActivityManager: Sending non-protected broadcast miui.action.metok.LAC_CHANGED from system 2709:com.android.phone/1001 pkg com.android.phone. Callers=
09-21 23:39:17.001  2257  2561 D MobileSignalController: onServiceStateChanged: {mVoiceRegState=0(IN_SERVICE), mDataRegState=0(IN_SERVICE), mChannelNumber=1350, duplexMode()=1, mCellBandwidths=[], mVoiceOperatorAlphaLong=CHINA MOBILE, mVoiceOperatorAlphaShort=CMCC, mDataOperatorAlphaLong=CHINA MOBILE, mDataOperatorAlphaShort=CMCC, isManualNetworkSelection=false(automatic), getRilVoiceRadioTechnology=14(LTE), getRilDataRadioTechnology=14(LTE), mCssIndicator=supported, mNetworkId=-1, mSystemId=-1, mNetworkId=-1, mSystemId=-1, mCdmaRoamingIndicator=-1, mCdmaDefaultRoamingIndicator=-1, mIsEmergencyOnly=false, isUsingCarrierAggregation=false, mLteEarfcnRsrpBoost=0, mNetworkRegistrationInfos=[NetworkRegistrationInfo{ domain=CS transportType=WWAN registrationState=HOME roamingType=NOT_ROAMING accessNetworkTechnology=LTE rejectCause=0 emergencyEnabled=false availableServices=[VOICE,SMS,VIDEO] cellIdentity=CellIdentityLte:{ mBandwidth=2147483647 mMcc=460 mMnc=00 mAlphaLong=CMCC mAlphaShort=CMCC} voiceSpecificInfo=VoiceSpecificRegistrationInfo { mCssSupported=true mRoamingIndicator=1 mSystemIsInPrl=-1 mDefaultRoamingIndicator=-1} dataSpecificInfo=null nrState=NONE}, NetworkRegistrationInfo{ domain=PS transportType=WWAN registrationState=HOME roamingType=NOT_ROAMING accessNetworkTechnology=LTE rejectCause=0 emergencyEnabled=false availableServices=[DATA] cellIdentity=CellIdentityLte:{ mBandwidth=2147483647 mMcc=460 mMnc=00 mAlphaLong=CMCC mAlphaShort=CMCC} voiceSpecificInfo=null dataSpecificInfo=android.telephony.DataSpecificRegistrationInfo :{ maxDataCalls = 20 isDcNrRestricted = false isNrAvailable = false isEnDcAvailable = false LteVopsSupportInfo :  mVopsSupport = 2 mEmcBearerSupport = 3 mIsUsingCarrierAggregation = false } nrState=NONE}], mNrFrequencyRange=-1, mOperatorAlphaLongRaw=CHINA MOBILE, mOperatorAlphaShortRaw=CMCC, mIsIwlanPreferred=false}, data type = 13
09-21 23:39:17.001  2257  2561 D NetworkController.MobileSignalController(5): 4G level = 5
09-21 23:39:17.003  8068 16954 D AppOpsAdapter: using permission notify! 32
09-21 23:39:17.004  2709  2709 D ServiceStateProvider: subId=5
09-21 23:39:17.006  2257  2257 D KeyguardUpdateMonitor: received broadcast android.intent.action.SERVICE_STATE
09-21 23:39:17.006  2643  3688 D QCNEJ/WwanInfoRelay: onServiceStateChanged: dataState: 2 DDS:5 Notify service state update
09-21 23:39:17.007  2257  2257 V KeyguardUpdateMonitor: action android.intent.action.SERVICE_STATE serviceState={mVoiceRegState=0(IN_SERVICE), mDataRegState=0(IN_SERVICE), mChannelNumber=1350, duplexMode()=1, mCellBandwidths=[], mVoiceOperatorAlphaLong=CHINA MOBILE, mVoiceOperatorAlphaShort=CMCC, mDataOperatorAlphaLong=CHINA MOBILE, mDataOperatorAlphaShort=CMCC, isManualNetworkSelection=false(automatic), getRilVoiceRadioTechnology=14(LTE), getRilDataRadioTechnology=14(LTE), mCssIndicator=supported, mNetworkId=-1, mSystemId=-1, mNetworkId=-1, mSystemId=-1, mCdmaRoamingIndicator=-1, mCdmaDefaultRoamingIndicator=-1, mIsEmergencyOnly=false, isUsingCarrierAggregation=false, mLteEarfcnRsrpBoost=0, mNetworkRegistrationInfos=[NetworkRegistrationInfo{ domain=CS transportType=WWAN registrationState=HOME roamingType=NOT_ROAMING accessNetworkTechnology=LTE rejectCause=0 emergencyEnabled=false availableServices=[VOICE,SMS,VIDEO] cellIdentity=CellIdentityLte:{ mBandwidth=2147483647 mMcc=460 mMnc=00 mAlphaLong=CMCC mAlphaShort=CMCC} voiceSpecificInfo=VoiceSpecificRegistrationInfo { mCssSupported=true mRoamingIndicator=1 mSystemIsInPrl=-1 mDefaultRoamingIndicator=-1} dataSpecificInfo=null nrState=NONE}, NetworkRegistrationInfo{ domain=PS transportType=WWAN registrationState=HOME roamingType=NOT_ROAMING accessNetworkTechnology=LTE rejectCause=0 emergencyEnabled=false availableServices=[DATA] cellIdentity=CellIdentityLte:{ mBandwidth=2147483647 mMcc=460 mMnc=00 mAlphaLong=CMCC mAlphaShort=CMCC} voiceSpecificInfo=null dataSpecificInfo=android.telephony.DataSpecificRegistrationInfo :{ maxDataCalls = 20 isDcNrRestricted = false isNrAvailable = false isEnDcAvailable = false LteVopsSupportInfo :  mVopsSupport = 2 mEmcBearerSupport = 3 mIsUsingCarrierAggregation = false } nrState=NONE}], mNrFrequencyRange=-1, mOperatorAlphaLongRaw=CHINA MOBILE, mOperatorAlphaShortRaw=CMCC, mIsIwlanPreferred=false} subId=5
09-21 23:39:17.008 12696 12696 D AutoReg_RegistrationTracker: Try to register since ACTION_SERVICE_STATE_CHANGED
09-21 23:39:17.008  2257  2257 D KeyguardUpdateMonitor: handleServiceStateChange(subId=5, serviceState={mVoiceRegState=0(IN_SERVICE), mDataRegState=0(IN_SERVICE), mChannelNumber=1350, duplexMode()=1, mCellBandwidths=[], mVoiceOperatorAlphaLong=CHINA MOBILE, mVoiceOperatorAlphaShort=CMCC, mDataOperatorAlphaLong=CHINA MOBILE, mDataOperatorAlphaShort=CMCC, isManualNetworkSelection=false(automatic), getRilVoiceRadioTechnology=14(LTE), getRilDataRadioTechnology=14(LTE), mCssIndicator=supported, mNetworkId=-1, mSystemId=-1, mNetworkId=-1, mSystemId=-1, mCdmaRoamingIndicator=-1, mCdmaDefaultRoamingIndicator=-1, mIsEmergencyOnly=false, isUsingCarrierAggregation=false, mLteEarfcnRsrpBoost=0, mNetworkRegistrationInfos=[NetworkRegistrationInfo{ domain=CS transportType=WWAN registrationState=HOME roamingType=NOT_ROAMING accessNetworkTechnology=LTE rejectCause=0 emergencyEnabled=false availableServices=[VOICE,SMS,VIDEO] cellIdentity=CellIdentityLte:{ mBandwidth=2147483647 mMcc=460 mMnc=00 mAlphaLong=CMCC mAlphaShort=CMCC} voiceSpecificInfo=VoiceSpecificRegistrationInfo { mCssSupported=true mRoamingIndicator=1 mSystemIsInPrl=-1 mDefaultRoamingIndicator=-1} dataSpecificInfo=null nrState=NONE}, NetworkRegistrationInfo{ domain=PS transportType=WWAN registrationState=HOME roamingType=NOT_ROAMING accessNetworkTechnology=LTE rejectCause=0 emergencyEnabled=false availableServices=[DATA] cellIdentity=CellIdentityLte:{ mBandwidth=2147483647 mMcc=460 mMnc=00 mAlphaLong=CMCC mAlphaShort=CMCC} voiceSpecificInfo=null dataSpecificInfo=android.telephony.DataSpecificRegistrationInfo :{ maxDataCalls = 20 isDcNrRestricted = false isNrAvailable = false isEnDcAvailable = false LteVopsSupportInfo :  mVopsSupport = 2 mEmcBearerSupport = 3 mIsUsingCarrierAggregation = false } nrState=NONE}], mNrFrequencyRange=-1, mOperatorAlphaLongRaw=CHINA MOBILE, mOperatorAlphaShortRaw=CMCC, mIsIwlanPreferred=false}
09-21 23:39:17.012  8068 16954 D AppOpsAdapter: using permission notify! 32
09-21 23:39:17.020  8068 16954 D AppOpsAdapter: using permission notify! 32
09-21 23:39:17.047  2257  2257 D StatusBar: onNotificationPosted key=0|com.github.kr328.clash.foss|2131296550|null|10641 isUpdate=true
09-21 23:39:17.047  2257  2257 D StatusBar: updateNotification old=StatusBarNotification(pkg=com.github.kr328.clash.foss user=UserHandle{0} id=2131296550 tag=null key=0|com.github.kr328.clash.foss|2131296550|null|10641: Notification(channel=clash_status_channel pri=0 contentView=null vibrate=null sound=null defaults=0x0 flags=0x6a color=0xff1e4376 vis=PRIVATE))
09-21 23:39:17.047  2257  2257 D StatusBar:     pkgName=com.github.kr328.clash.foss appUid=10641 sdk=30 imp=2 sysApp=F priApp=F hasShown=F float=F keyguard=F peek=F fullscreen=F
09-21 23:39:17.047  2257  2257 D StatusBar:     showMiuiAction=F enableFloat=T enableKeyguard=T floatTime=5000 messageCount=1 persistent=F customHeight=F
09-21 23:39:17.048  5532  5979 V h       : flags=106
09-21 23:39:17.048  5532  5979 V h       : ret=0
09-21 23:39:17.060  2257  2257 D StatusBar: No peeking: unimportant notification: 0|com.github.kr328.clash.foss|2131296550|null|10641
09-21 23:39:17.060  2257  2257 D StatusBar: updateHeadsUp wasHeadsUp=false shouldPeek=false alertAgain=true
09-21 23:39:18.051  2257  2257 D StatusBar: onNotificationPosted key=0|com.github.kr328.clash.foss|2131296550|null|10641 isUpdate=true
09-21 23:39:18.052  5532  5979 V h       : flags=106
09-21 23:39:18.052  2257  2257 D StatusBar: updateNotification old=StatusBarNotification(pkg=com.github.kr328.clash.foss user=UserHandle{0} id=2131296550 tag=null key=0|com.github.kr328.clash.foss|2131296550|null|10641: Notification(channel=clash_status_channel pri=0 contentView=null vibrate=null sound=null defaults=0x0 flags=0x6a color=0xff1e4376 vis=PRIVATE))
09-21 23:39:18.052  2257  2257 D StatusBar:     pkgName=com.github.kr328.clash.foss appUid=10641 sdk=30 imp=2 sysApp=F priApp=F hasShown=F float=F keyguard=F peek=F fullscreen=F
09-21 23:39:18.052  2257  2257 D StatusBar:     showMiuiAction=F enableFloat=T enableKeyguard=T floatTime=5000 messageCount=1 persistent=F customHeight=F
09-21 23:39:18.053  5532  5979 V h       : ret=0
09-21 23:39:18.062  2257  2257 D StatusBar: No peeking: unimportant notification: 0|com.github.kr328.clash.foss|2131296550|null|10641
09-21 23:39:18.062  2257  2257 D StatusBar: updateHeadsUp wasHeadsUp=false shouldPeek=false alertAgain=true
09-21 23:39:19.050  2257  2257 D StatusBar: onNotificationPosted key=0|com.github.kr328.clash.foss|2131296550|null|10641 isUpdate=true
09-21 23:39:19.050  2257  2257 D StatusBar: updateNotification old=StatusBarNotification(pkg=com.github.kr328.clash.foss user=UserHandle{0} id=2131296550 tag=null key=0|com.github.kr328.clash.foss|2131296550|null|10641: Notification(channel=clash_status_channel pri=0 contentView=null vibrate=null sound=null defaults=0x0 flags=0x6a color=0xff1e4376 vis=PRIVATE))
09-21 23:39:19.050  2257  2257 D StatusBar:     pkgName=com.github.kr328.clash.foss appUid=10641 sdk=30 imp=2 sysApp=F priApp=F hasShown=F float=F keyguard=F peek=F fullscreen=F
09-21 23:39:19.050  2257  2257 D StatusBar:     showMiuiAction=F enableFloat=T enableKeyguard=T floatTime=5000 messageCount=1 persistent=F customHeight=F
09-21 23:39:19.051  5532  5979 V h       : flags=106
09-21 23:39:19.051  5532  5979 V h       : ret=0
09-21 23:39:19.066  2257  2257 D StatusBar: No peeking: unimportant notification: 0|com.github.kr328.clash.foss|2131296550|null|10641
09-21 23:39:19.066  2257  2257 D StatusBar: updateHeadsUp wasHeadsUp=false shouldPeek=false alertAgain=true
09-21 23:39:19.548 25893 25957 D AAudio  : AAudioStream_requestStop(s#2) called
09-21 23:39:19.549 25893 26734 D AudioStreamInternalPlay_Client: callbackLoop() exiting, result = 144, isActive() = 1 <<<<<<<<<<<<<<
09-21 23:39:19.637   841 26733 D AAudioServiceStreamBase: run() Shared exiting after 927 loops <<<<<<<<<<<<<< TIMESTAMPS
09-21 23:39:19.638   765  2178 D audio_hw_primary: out_set_volume: called with left_vol=0.031623, right_vol=0.031623
09-21 23:39:19.639   841 26732 D AAudioServiceEndpointPlay: callbackLoop() exiting, enabled = 0, state = 4, result = 96 <<<<<<<<<<<<< MIXER
09-21 23:39:19.642   765   997 D msm8974_platform: platform_split_snd_device: snd_device(2) num devices(1) new_snd_devices(0)
09-21 23:39:19.642   765   997 D ACDB-LOADER: ACDB -> send_audvoltable
09-21 23:39:19.642   765   997 D ACDB-LOADER: ACDB -> ACDB_CMD_GET_AUDPROC_INSTANCE_GAIN_DEP_STEP_TABLE_SIZE
09-21 23:39:19.642   765   997 D ACDB-LOADER: ACDB -> ACDB_CMD_GET_AUDPROC_INSTANCE_GAIN_DEP_STEP_TABLE, vol index 0
09-21 23:39:19.642   765   997 D ACDB-LOADER: ACDB -> AUDIO_SET_VOL_CAL cal type = 40
09-21 23:39:19.644   841  1148 D APM_AudioPolicyManager: stopOutput portId 1547
09-21 23:39:19.644   765   997 D audio_hw_primary: out_set_volume: called with left_vol=0.031623, right_vol=0.031623
09-21 23:39:19.644   841  1148 D APM_AudioPolicyManager: stopOutput() output 525, stream 3, session 12145
09-21 23:39:19.644   841  1148 D APM_AudioPolicyManager: setOutputDevices device {type:0x2,@:} delayMs 0 force 0
09-21 23:39:19.644   841  1148 D APM_AudioPolicyManager: setOutputDevices setting same device {type:0x2,@:} or null device, force=0, patch handle=1548
09-21 23:39:19.644   841  1148 D APM_AudioPolicyManager: getNewOutputDevices selected devices AUDIO_DEVICE_NONE
09-21 23:39:19.644   841  1148 D APM_AudioPolicyManager: setOutputDevices device AUDIO_DEVICE_NONE delayMs 0 force 0
09-21 23:39:19.644   841  1148 D APM_AudioPolicyManager: setOutputDevices setting same device AUDIO_DEVICE_NONE or null device, force=0, patch handle=1548
09-21 23:39:19.645   841  1148 D APM_AudioPolicyManager: releaseOutput() 525
09-21 23:39:19.645   765  2178 D msm8974_platform: platform_split_snd_device: snd_device(2) num devices(1) new_snd_devices(0)
09-21 23:39:19.680   841 26731 D AAudioServiceStreamBase: run() MMAP exiting after 1655 loops <<<<<<<<<<<<<< TIMESTAMPS
09-21 23:39:19.682   765   997 D audio_hw_primary: stop_output_stream: enter: usecase(13: mmap-playback)
09-21 23:39:19.682   765   997 D audio_hw_primary: disable_audio_route: reset and update mixer path: mmap-playback speaker
09-21 23:39:19.682   765   997 V audio_route: Reset path: mmap-playback speaker
09-21 23:39:19.682   765   997 D audio_route: audio_route_reset_and_update_path name mmap-playback speaker
09-21 23:39:19.731   765   997 E soundtrigger: audio_extn_sound_trigger_update_stream_status: invalid input device 0x0, for event 2
09-21 23:39:19.731   765   997 D soundtrigger: audio_extn_sound_trigger_update_stream_status: uc_info->id 13 of type 0 for Event 2, with Raise=0
09-21 23:39:19.731   765   997 D msm8974_platform: platform_split_snd_device: snd_device(2) num devices(0) new_snd_devices(0)
09-21 23:39:19.731   765   997 I msm8974_platform: platform_get_custom_mtmx_params: no matching param with id 0 ip_ch 2 op_ch 2 uc_id 13 snd_dev 2
09-21 23:39:19.731   765   997 D hardware_info: hw_info_append_hw_type : device_name = speaker
09-21 23:39:19.731   765   997 D audio_hw_primary: disable_snd_device: snd_device(2: speaker)
09-21 23:39:19.731   765   997 D msm8974_platform: platform_split_snd_device: snd_device(2) num devices(0) new_snd_devices(41)
09-21 23:39:19.731   765   997 V audio_route: Reset path: speaker
09-21 23:39:19.731   765   997 D audio_route: audio_route_reset_and_update_path name speaker
09-21 23:39:19.739   765   997 I soundtrigger: audio_extn_sound_trigger_update_device_status: device 0x2 of type 0 for Event 0, with Raise=0
09-21 23:39:19.739   765   997 D audio_hw_primary: stop_output_stream: exit: status(0)
09-21 23:39:19.739 25893 25957 D         : PlayerBase::stop() from IPlayer
09-21 23:39:19.740 25893 25957 D AudioStreamInternal_Client: onEventFromServer - got AAUDIO_SERVICE_EVENT_STOPPED
09-21 23:39:19.741  2237  3197 D Avrcp_ext: AudioManager Player: ID:8039 -- type:android.media.SoundPool -- u/pid:10025/6894 -- state:idle -- attr:AudioAttributes: usage=USAGE_ASSISTANCE_SONIFICATION content=CONTENT_TYPE_SONIFICATION flags=0x800 tags= bundle=null
09-21 23:39:19.741  2237  3197 D Avrcp_ext: AudioManager Player: ID:15 -- type:android.media.SoundPool -- u/pid:1000/2009 -- state:idle -- attr:AudioAttributes: usage=USAGE_ASSISTANCE_SONIFICATION content=CONTENT_TYPE_SONIFICATION flags=0x800 tags= bundle=null
09-21 23:39:19.741  2237  3197 D Avrcp_ext: AudioManager Player: ID:47 -- type:android.media.SoundPool -- u/pid:1027/5044 -- state:idle -- attr:AudioAttributes: usage=USAGE_NOTIFICATION content=CONTENT_TYPE_SONIFICATION flags=0x800 tags= bundle=null
09-21 23:39:19.741  2237  3197 D Avrcp_ext: AudioManager Player: ID:9295 -- type:android.media.MediaPlayer -- u/pid:1000/2257 -- state:stopped -- attr:AudioAttributes: usage=USAGE_NOTIFICATION content=CONTENT_TYPE_SONIFICATION flags=0x800 tags= bundle=null
09-21 23:39:19.741  2237  3197 D Avrcp_ext: AudioManager Player: ID:10607 -- type:android.media.MediaPlayer -- u/pid:1000/2257 -- state:stopped -- attr:AudioAttributes: usage=USAGE_NOTIFICATION content=CONTENT_TYPE_SONIFICATION flags=0x800 tags= bundle=null
09-21 23:39:19.741  2237  3197 D Avrcp_ext: AudioManager Player: ID:13423 -- type:android.media.SoundPool -- u/pid:10090/24625 -- state:idle -- attr:AudioAttributes: usage=USAGE_VOICE_COMMUNICATION content=CONTENT_TYPE_SPEECH flags=0x800 tags= bundle=null
09-21 23:39:19.742  2237  3197 D Avrcp_ext: AudioManager Player: ID:23 -- type:android.media.SoundPool -- u/pid:1000/2257 -- state:idle -- attr:AudioAttributes: usage=USAGE_ASSISTANCE_SONIFICATION content=CONTENT_TYPE_SONIFICATION flags=0x800 tags= bundle=null
09-21 23:39:19.742  2237  3197 D Avrcp_ext: AudioManager Player: ID:13431 -- type:android.media.SoundPool -- u/pid:10090/24625 -- state:idle -- attr:AudioAttributes: usage=USAGE_VOICEASSIST content=CONTENT_TYPE_VOICEASSIST flags=0x800 tags= bundle=null
09-21 23:39:19.742  2237  3197 D Avrcp_ext: AudioManager Player: ID:13495 -- type:AAudio -- u/pid:10762/25893 -- state:stopped -- attr:AudioAttributes: usage=USAGE_MEDIA content=CONTENT_TYPE_UNKNOWN flags=0x0 tags= bundle=null
09-21 23:39:19.742  2237  3197 D Avrcp_ext: AudioManager isPlaying: false, mA2dpState: 11, isMusiActive: false
09-21 23:39:19.742  2237  3197 V Avrcp_ext: updateCurrentMediaState: mMediaController: null
09-21 23:39:19.742  2237  3197 V Avrcp_ext: isMusicActive: false getBluetoothPlayState: 2
09-21 23:39:19.742  2237  3197 V Avrcp_ext: updateCurrentMediaState: isPlaying = false
09-21 23:39:19.742  2237  3197 V Avrcp_ext: updateCurrentMediaState: mMediaController or getPlaybackState() null
09-21 23:39:19.742  2237  3197 V Avrcp_ext: Media update: id -1-1? [MediaAttributes: none] : [MediaAttributes: none]
09-21 23:39:19.742  2237  3197 V Avrcp_ext: newPlayStatus:2mReportedPlayStatus:1
09-21 23:39:19.742  2237  3197 V Avrcp_ext: updatePlaybackState, state: PlaybackState {state=2, position=-1, buffered position=0, speed=0.0, updated=685286757, actions=0, custom actions=[], active item id=-1, error=null} device: null
09-21 23:39:19.742  2237  3197 V Avrcp_ext: Device: no name: 
09-21 23:39:19.743  2237  3197 I chatty  : uid=1002(bluetooth) BluetoothAvrcpH identical 3 lines
09-21 23:39:19.743  2237  3197 V Avrcp_ext: Device: no name: 
09-21 23:39:19.743  2237  3197 V Avrcp_ext: updatePlayerStateAndPosition, old=PlaybackState {state=2, position=-1, buffered position=0, speed=0.0, updated=685250407, actions=0, custom actions=[], active item id=-1, error=null}, state=PlaybackState {state=2, position=-1, buffered position=0, speed=0.0, updated=685286757, actions=0, custom actions=[], active item id=-1, error=null}
09-21 23:39:19.743  2237  3197 V Avrcp_ext: old state = PlaybackState {state=2, position=-1, buffered position=0, speed=0.0, updated=685250407, actions=0, custom actions=[], active item id=-1, error=null}, new state= PlaybackState {state=2, position=-1, buffered position=0, speed=0.0, updated=685286757, actions=0, custom actions=[], active item id=-1, error=null}
09-21 23:39:19.743  2237  3197 D HeadsetService: getHeadsetService(): returning com.android.bluetooth.hfp.HeadsetService@52f159a
09-21 23:39:19.744  2237  3197 D HeadsetService:  isAudioOn: The number of audio connected devices 0
09-21 23:39:19.744  2237  3197 D HeadsetService: isScoOrCallActive(): Call Active:falseCall is Ringing:falseSCO is Active:false
09-21 23:39:19.744  2237  3197 D HeadsetService:  isAudioOn: The number of audio connected devices 0
09-21 23:39:19.745  2237  3197 I Avrcp_ext: updatePlayStatusForDevice: device: null
09-21 23:39:19.745  2237  3197 V Avrcp_ext: updatePlaybackState (1): old=PlaybackState {state=2, position=-1, buffered position=0, speed=0.0, updated=685250407, actions=0, custom actions=[], active item id=-1, error=null}(2), new=PlaybackState {state=2, position=-1, buffered position=0, speed=0.0, updated=685286757, actions=0, custom actions=[], active item id=-1, error=null}(2)
09-21 23:39:19.745  2237  3197 I Avrcp_ext: Exit updatePlayStatusForDevice
09-21 23:39:19.745  2237  3197 D HeadsetService:  isAudioOn: The number of audio connected devices 0
09-21 23:39:19.745  2237  3197 D HeadsetService: isScoOrCallActive(): Call Active:falseCall is Ringing:falseSCO is Active:false
09-21 23:39:19.745  2237  3197 D HeadsetService:  isAudioOn: The number of audio connected devices 0
09-21 23:39:19.745  2237  3197 I Avrcp_ext: updatePlayStatusForDevice: device: null
09-21 23:39:19.745  2237  3197 V Avrcp_ext: updatePlaybackState (1): old=PlaybackState {state=2, position=-1, buffered position=0, speed=0.0, updated=685250407, actions=0, custom actions=[], active item id=-1, error=null}(2), new=PlaybackState {state=2, position=-1, buffered position=0, speed=0.0, updated=685286757, actions=0, custom actions=[], active item id=-1, error=null}(2)
09-21 23:39:19.745  2237  3197 I Avrcp_ext: Exit updatePlayStatusForDevice
09-21 23:39:19.745  2237  3197 D HeadsetService:  isAudioOn: The number of audio connected devices 0
09-21 23:39:19.745  2237  3197 D HeadsetService: isScoOrCallActive(): Call Active:falseCall is Ringing:falseSCO is Active:false
09-21 23:39:19.745  2237  3197 D HeadsetService:  isAudioOn: The number of audio connected devices 0
09-21 23:39:19.745  2237  3197 I Avrcp_ext: updatePlayStatusForDevice: device: null
09-21 23:39:19.745  2237  3197 V Avrcp_ext: updatePlaybackState (1): old=PlaybackState {state=2, position=-1, buffered position=0, speed=0.0, updated=685250407, actions=0, custom actions=[], active item id=-1, error=null}(2), new=PlaybackState {state=2, position=-1, buffered position=0, speed=0.0, updated=685286757, actions=0, custom actions=[], active item id=-1, error=null}(2)
09-21 23:39:19.746  2237  3197 I Avrcp_ext: Exit updatePlayStatusForDevice
09-21 23:39:19.746  2237  3197 D HeadsetService:  isAudioOn: The number of audio connected devices 0
09-21 23:39:19.746  2237  3197 D HeadsetService: isScoOrCallActive(): Call Active:falseCall is Ringing:falseSCO is Active:false
09-21 23:39:19.746  2237  3197 D HeadsetService:  isAudioOn: The number of audio connected devices 0
09-21 23:39:19.746  2237  3197 I Avrcp_ext: updatePlayStatusForDevice: device: null
09-21 23:39:19.746  2237  3197 V Avrcp_ext: updatePlaybackState (1): old=PlaybackState {state=2, position=-1, buffered position=0, speed=0.0, updated=685250407, actions=0, custom actions=[], active item id=-1, error=null}(2), new=PlaybackState {state=2, position=-1, buffered position=0, speed=0.0, updated=685286757, actions=0, custom actions=[], active item id=-1, error=null}(2)
09-21 23:39:19.746  2237  3197 I Avrcp_ext: Exit updatePlayStatusForDevice
09-21 23:39:19.746  2237  3197 D HeadsetService:  isAudioOn: The number of audio connected devices 0
09-21 23:39:19.746  2237  3197 D HeadsetService: isScoOrCallActive(): Call Active:falseCall is Ringing:falseSCO is Active:false
09-21 23:39:19.746  2237  3197 D HeadsetService:  isAudioOn: The number of audio connected devices 0
09-21 23:39:19.746  2237  3197 I Avrcp_ext: updatePlayStatusForDevice: device: null
09-21 23:39:19.746  2237  3197 V Avrcp_ext: updatePlaybackState (1): old=PlaybackState {state=2, position=-1, buffered position=0, speed=0.0, updated=685250407, actions=0, custom actions=[], active item id=-1, error=null}(2), new=PlaybackState {state=2, position=-1, buffered position=0, speed=0.0, updated=685286757, actions=0, custom actions=[], active item id=-1, error=null}(2)
09-21 23:39:19.746  2237  3197 I Avrcp_ext: Exit updatePlayStatusForDevice
09-21 23:39:19.746  2237  3197 D Avrcp_ext: Enter sendPlayPosNotificationRsp
09-21 23:39:19.746  2237  3197 D Avrcp_ext: sendPlayPosNotificationRsp: Not registered or requesting.
09-21 23:39:19.746  2237  3197 D Avrcp_ext: Enter sendPlayPosNotificationRsp
09-21 23:39:19.746  2237  3197 D Avrcp_ext: sendPlayPosNotificationRsp: Not registered or requesting.
09-21 23:39:19.746  2237  3197 D Avrcp_ext: Enter sendPlayPosNotificationRsp
09-21 23:39:19.746  2237  3197 D Avrcp_ext: sendPlayPosNotificationRsp: Not registered or requesting.
09-21 23:39:19.747  2237  3197 D Avrcp_ext: Enter sendPlayPosNotificationRsp
09-21 23:39:19.747  2237  3197 D Avrcp_ext: sendPlayPosNotificationRsp: Not registered or requesting.
09-21 23:39:19.747  2237  3197 D Avrcp_ext: Enter sendPlayPosNotificationRsp
09-21 23:39:19.747  2237  3197 D Avrcp_ext: sendPlayPosNotificationRsp: Not registered or requesting.
09-21 23:39:19.747  2237  3197 V Avrcp_ext: Exit updatePlayerStateAndPosition
09-21 23:39:20.054  2257  2257 D StatusBar: onNotificationPosted key=0|com.github.kr328.clash.foss|2131296550|null|10641 isUpdate=true
09-21 23:39:20.054  2257  2257 D StatusBar: updateNotification old=StatusBarNotification(pkg=com.github.kr328.clash.foss user=UserHandle{0} id=2131296550 tag=null key=0|com.github.kr328.clash.foss|2131296550|null|10641: Notification(channel=clash_status_channel pri=0 contentView=null vibrate=null sound=null defaults=0x0 flags=0x6a color=0xff1e4376 vis=PRIVATE))
09-21 23:39:20.054  2257  2257 D StatusBar:     pkgName=com.github.kr328.clash.foss appUid=10641 sdk=30 imp=2 sysApp=F priApp=F hasShown=F float=F keyguard=F peek=F fullscreen=F
09-21 23:39:20.054  2257  2257 D StatusBar:     showMiuiAction=F enableFloat=T enableKeyguard=T floatTime=5000 messageCount=1 persistent=F customHeight=F
09-21 23:39:20.054  5532  5979 V h       : flags=106
09-21 23:39:20.055  5532  5979 V h       : ret=0
09-21 23:39:20.067  2257  2257 D StatusBar: No peeking: unimportant notification: 0|com.github.kr328.clash.foss|2131296550|null|10641
09-21 23:39:20.067  2257  2257 D StatusBar: updateHeadsUp wasHeadsUp=false shouldPeek=false alertAgain=true
