09-21 23:38:45.296  2237  3177 V bt_stack: [VERBOSE1:btm_ble_gap.cc(1923)] btm_ble_process_ext_adv_pkt: bda=1c:ea:ac:7f:4f:13
09-21 23:38:45.296  2237  3177 V bt_stack: [VERBOSE1:btm_ble_gap.cc(1847)] btm_ble_process_adv_addr: bda=1c:ea:ac:7f:4f:13
09-21 23:38:45.296  2237  3177 V bt_stack: [VERBOSE1:btm_ble_gap.cc(2052)]  Waiting for scan response 1c:ea:ac:7f:4f:13
09-21 23:38:45.335   768  3174 I vendor.qti.bluetooth@1.0-ibs_handler: ProcessIbsCmd: Received IBS_SLEEP_IND: 0xFE
09-21 23:38:45.335   768  3174 D vendor.qti.bluetooth@1.0-ibs_handler: SerialClockVote: vote for UART CLK OFF
09-21 23:38:45.448  5016 14122 W MiuiPerfServiceClient: interceptAndQueuing:25893|colorpop8.text|203|51|unknown|null|colorpop8.text/colorpop8.text.MainActivity|483414383722830|Slow issue draw commands|10
09-21 23:38:45.485   768  2923 D vendor.qti.bluetooth@1.0-wake_lock: Release wakelock is released 
09-21 23:38:46.030  2257  2257 D StatusBar: onNotificationPosted key=0|com.github.kr328.clash.foss|2131296550|null|10641 isUpdate=true
09-21 23:38:46.031  2257  2257 D StatusBar: updateNotification old=StatusBarNotification(pkg=com.github.kr328.clash.foss user=UserHandle{0} id=2131296550 tag=null key=0|com.github.kr328.clash.foss|2131296550|null|10641: Notification(channel=clash_status_channel pri=0 contentView=null vibrate=null sound=null defaults=0x0 flags=0x6a color=0xff1e4376 vis=PRIVATE))
09-21 23:38:46.031  2257  2257 D StatusBar:     pkgName=com.github.kr328.clash.foss appUid=10641 sdk=30 imp=2 sysApp=F priApp=F hasShown=F float=F keyguard=F peek=F fullscreen=F
09-21 23:38:46.031  2257  2257 D StatusBar:     showMiuiAction=F enableFloat=T enableKeyguard=T floatTime=5000 messageCount=1 persistent=F customHeight=F
09-21 23:38:46.031  5532  5979 V h       : flags=106
09-21 23:38:46.032  5532  5979 V h       : ret=0
09-21 23:38:46.058  2257  2257 D StatusBar: No peeking: unimportant notification: 0|com.github.kr328.clash.foss|2131296550|null|10641
09-21 23:38:46.058  2257  2257 D StatusBar: updateHeadsUp wasHeadsUp=false shouldPeek=false alertAgain=true
09-21 23:38:46.389 25893 25893 I chromium: [INFO:CONSOLE(1117)] "", source: file:///android_asset/www/index.html (1117)
09-21 23:38:47.030  2257  2257 D StatusBar: onNotificationPosted key=0|com.github.kr328.clash.foss|2131296550|null|10641 isUpdate=true
09-21 23:38:47.030  2257  2257 D StatusBar: updateNotification old=StatusBarNotification(pkg=com.github.kr328.clash.foss user=UserHandle{0} id=2131296550 tag=null key=0|com.github.kr328.clash.foss|2131296550|null|10641: Notification(channel=clash_status_channel pri=0 contentView=null vibrate=null sound=null defaults=0x0 flags=0x6a color=0xff1e4376 vis=PRIVATE))
09-21 23:38:47.030  2257  2257 D StatusBar:     pkgName=com.github.kr328.clash.foss appUid=10641 sdk=30 imp=2 sysApp=F priApp=F hasShown=F float=F keyguard=F peek=F fullscreen=F
09-21 23:38:47.030  2257  2257 D StatusBar:     showMiuiAction=F enableFloat=T enableKeyguard=T floatTime=5000 messageCount=1 persistent=F customHeight=F
09-21 23:38:47.031  5532  5979 V h       : flags=106
09-21 23:38:47.032  5532  5979 V h       : ret=0
09-21 23:38:47.058  2257  2257 D StatusBar: No peeking: unimportant notification: 0|com.github.kr328.clash.foss|2131296550|null|10641
09-21 23:38:47.058  2257  2257 D StatusBar: updateHeadsUp wasHeadsUp=false shouldPeek=false alertAgain=true
09-21 23:38:47.386 25893 25893 I chromium: [INFO:CONSOLE(3723)] "BGM", source: file:///android_asset/www/index.html (3723)
09-21 23:38:47.404 25893 25893 I chromium: [INFO:CONSOLE(3757)] "BGM", source: file:///android_asset/www/index.html (3757)
09-21 23:38:47.451  5016 14122 W MiuiPerfServiceClient: interceptAndQueuing:25893|colorpop8.text|323|66|unknown|null|colorpop8.text/colorpop8.text.MainActivity|483417759202047|Slow issue draw commands|17
09-21 23:38:48.030  2257  2257 D StatusBar: onNotificationPosted key=0|com.github.kr328.clash.foss|2131296550|null|10641 isUpdate=true
09-21 23:38:48.031  2257  2257 D StatusBar: updateNotification old=StatusBarNotification(pkg=com.github.kr328.clash.foss user=UserHandle{0} id=2131296550 tag=null key=0|com.github.kr328.clash.foss|2131296550|null|10641: Notification(channel=clash_status_channel pri=0 contentView=null vibrate=null sound=null defaults=0x0 flags=0x6a color=0xff1e4376 vis=PRIVATE))
09-21 23:38:48.031  2257  2257 D StatusBar:     pkgName=com.github.kr328.clash.foss appUid=10641 sdk=30 imp=2 sysApp=F priApp=F hasShown=F float=F keyguard=F peek=F fullscreen=F
09-21 23:38:48.031  2257  2257 D StatusBar:     showMiuiAction=F enableFloat=T enableKeyguard=T floatTime=5000 messageCount=1 persistent=F customHeight=F
09-21 23:38:48.033  5532  5979 V h       : flags=106
09-21 23:38:48.033  5532  5979 V h       : ret=0
09-21 23:38:48.061  2257  2257 D StatusBar: No peeking: unimportant notification: 0|com.github.kr328.clash.foss|2131296550|null|10641
09-21 23:38:48.062  2257  2257 D StatusBar: updateHeadsUp wasHeadsUp=false shouldPeek=false alertAgain=true
09-21 23:38:48.548 25893 25893 I chromium: [INFO:CONSOLE(1209)] ": 2481", source: file:///android_asset/www/index.html (1209)
09-21 23:38:48.549 25893 25893 I chromium: [INFO:CONSOLE(3824)] ": 2481", source: file:///android_asset/www/index.html (3824)
09-21 23:38:48.549 25893 25893 I chromium: [INFO:CONSOLE(1209)] ": 2481", source: file:///android_asset/www/index.html (1209)
09-21 23:38:48.549 25893 25893 I chromium: [INFO:CONSOLE(1188)] "", source: file:///android_asset/www/index.html (1188)
09-21 23:38:48.911   669  2330 I netd    : firewallSetUidRule(2, 10128, 2) <0.04ms>
09-21 23:38:48.939  2009  2549 D NtpTrustedTime: currentTimeMillis() cache hit
09-21 23:38:48.940   669  2330 I netd    : trafficSwapActiveStatsMap() <0.29ms>
09-21 23:38:48.944   669  2330 I netd    : tetherGetStats() <2.21ms>
09-21 23:38:48.983  2317  3063 I ClashForAndroid: [TCP] 172.19.0.1:38426 --> 120.232.51.242 match GeoIP(CN) using DIRECT
09-21 23:38:49.000  2009  2549 D NtpTrustedTime: currentTimeMillis() cache hit
09-21 23:38:49.002  5532  7636 D TrafficManageService: onReceive: intent.action = com.android.server.action.NETWORK_STATS_UPDATED
09-21 23:38:49.002  5532  7636 D TrafficManageService-TrafficSimManager: notifyByNetChange: gooooo
09-21 23:38:49.027  2257  2257 D StatusBar: onNotificationPosted key=0|com.github.kr328.clash.foss|2131296550|null|10641 isUpdate=true
09-21 23:38:49.028  2257  2257 D StatusBar: updateNotification old=StatusBarNotification(pkg=com.github.kr328.clash.foss user=UserHandle{0} id=2131296550 tag=null key=0|com.github.kr328.clash.foss|2131296550|null|10641: Notification(channel=clash_status_channel pri=0 contentView=null vibrate=null sound=null defaults=0x0 flags=0x6a color=0xff1e4376 vis=PRIVATE))
09-21 23:38:49.028  2257  2257 D StatusBar:     pkgName=com.github.kr328.clash.foss appUid=10641 sdk=30 imp=2 sysApp=F priApp=F hasShown=F float=F keyguard=F peek=F fullscreen=F
09-21 23:38:49.028  2257  2257 D StatusBar:     showMiuiAction=F enableFloat=T enableKeyguard=T floatTime=5000 messageCount=1 persistent=F customHeight=F
09-21 23:38:49.030  5532  5979 V h       : flags=106
09-21 23:38:49.030  5532  5979 V h       : ret=0
09-21 23:38:49.044  2257  2257 D StatusBar: No peeking: unimportant notification: 0|com.github.kr328.clash.foss|2131296550|null|10641
09-21 23:38:49.045  2257  2257 D StatusBar: updateHeadsUp wasHeadsUp=false shouldPeek=false alertAgain=true
09-21 23:38:49.281  4411  4464 W BpBinder: Slow Binder: BpBinder transact took 278 ms, interface=android.net.INetworkStatsSession, code=4 oneway=false
09-21 23:38:49.286  5532  7636 W BpBinder: Slow Binder: BpBinder transact took 283 ms, interface=android.net.INetworkStatsSession, code=2 oneway=false
09-21 23:38:49.286  5532  7636 D TrafficManageService-TrafficSimManager: getMonthDataUsageUsed: new_get = 75242445461
09-21 23:38:49.290  5532  7636 D TrafficManageService-TrafficSimManager: checkNormalTrafficStatus: 
09-21 23:38:49.989  2257  2561 D MobileSignalController: onSignalStrengthsChanged: SignalStrength:{mCdma=CellSignalStrengthCdma: cdmaDbm=2147483647 cdmaEcio=2147483647 evdoDbm=2147483647 evdoEcio=2147483647 evdoSnr=2147483647 miuiLevel=0 level=0,mGsm=CellSignalStrengthGsm: rssi=2147483647 ber=2147483647 mTa=2147483647 miuiLevel=0 mLevel=0,mWcdma=CellSignalStrengthWcdma: ss=2147483647 ber=2147483647 rscp=2147483647 ecno=2147483647 miuiLevel=0 level=0,mTdscdma=CellSignalStrengthTdscdma: rssi=2147483647 ber=2147483647 rscp=2147483647 miuiLevel=0 level=0,mLte=CellSignalStrengthLte: rssi=-53 rsrp=-86 rsrq=-11 rssnr=12 cqi=2147483647 ta=2147483647 miuiLevel=5 level=2,mNr=CellSignalStrengthNr:{ csiRsrp = 2147483647 csiRsrq = 2147483647 csiSinr = 2147483647 ssRsrp = 2147483647 ssRsrq = 2147483647 ssSinr = 2147483647 miuiLevel = 0 level = 0 },primary=CellSignalStrengthLte}
09-21 23:38:49.989  2257  2561 D NetworkController.MobileSignalController(5): 4G level = 5
09-21 23:38:50.032  2257  2257 D StatusBar: onNotificationPosted key=0|com.github.kr328.clash.foss|2131296550|null|10641 isUpdate=true
09-21 23:38:50.033  2257  2257 D StatusBar: updateNotification old=StatusBarNotification(pkg=com.github.kr328.clash.foss user=UserHandle{0} id=2131296550 tag=null key=0|com.github.kr328.clash.foss|2131296550|null|10641: Notification(channel=clash_status_channel pri=0 contentView=null vibrate=null sound=null defaults=0x0 flags=0x6a color=0xff1e4376 vis=PRIVATE))
09-21 23:38:50.033  2257  2257 D StatusBar:     pkgName=com.github.kr328.clash.foss appUid=10641 sdk=30 imp=2 sysApp=F priApp=F hasShown=F float=F keyguard=F peek=F fullscreen=F
09-21 23:38:50.033  2257  2257 D StatusBar:     showMiuiAction=F enableFloat=T enableKeyguard=T floatTime=5000 messageCount=1 persistent=F customHeight=F
09-21 23:38:50.034  5532  5979 V h       : flags=106
09-21 23:38:50.035  5532  5979 V h       : ret=0
09-21 23:38:50.048  2257  2257 D StatusBar: No peeking: unimportant notification: 0|com.github.kr328.clash.foss|2131296550|null|10641
09-21 23:38:50.049  2257  2257 D StatusBar: updateHeadsUp wasHeadsUp=false shouldPeek=false alertAgain=true
09-21 23:38:51.032  2257  2257 D StatusBar: onNotificationPosted key=0|com.github.kr328.clash.foss|2131296550|null|10641 isUpdate=true
09-21 23:38:51.032  5532  5979 V h       : flags=106
09-21 23:38:51.032  2257  2257 D StatusBar: updateNotification old=StatusBarNotification(pkg=com.github.kr328.clash.foss user=UserHandle{0} id=2131296550 tag=null key=0|com.github.kr328.clash.foss|2131296550|null|10641: Notification(channel=clash_status_channel pri=0 contentView=null vibrate=null sound=null defaults=0x0 flags=0x6a color=0xff1e4376 vis=PRIVATE))
09-21 23:38:51.032  2257  2257 D StatusBar:     pkgName=com.github.kr328.clash.foss appUid=10641 sdk=30 imp=2 sysApp=F priApp=F hasShown=F float=F keyguard=F peek=F fullscreen=F
09-21 23:38:51.032  2257  2257 D StatusBar:     showMiuiAction=F enableFloat=T enableKeyguard=T floatTime=5000 messageCount=1 persistent=F customHeight=F
09-21 23:38:51.033  5532  5979 V h       : ret=0
09-21 23:38:51.050  2257  2257 D StatusBar: No peeking: unimportant notification: 0|com.github.kr328.clash.foss|2131296550|null|10641
09-21 23:38:51.050  2257  2257 D StatusBar: updateHeadsUp wasHeadsUp=false shouldPeek=false alertAgain=true
09-21 23:38:51.378  2257  2561 D MobileSignalController: updateDataType mSelectedDataTypeIcon[0]=2131233307, mSelectedDataActivityIndex=6
09-21 23:38:51.378  2257  2561 D TelephonyIcons: getSignalStrengthIcon: slot=0, inetCondition=1, level=5, roaming=false, signalstrength=SignalStrength:{mCdma=CellSignalStrengthCdma: cdmaDbm=2147483647 cdmaEcio=2147483647 evdoDbm=2147483647 evdoEcio=2147483647 evdoSnr=2147483647 miuiLevel=0 level=0,mGsm=CellSignalStrengthGsm: rssi=2147483647 ber=2147483647 mTa=2147483647 miuiLevel=0 mLevel=0,mWcdma=CellSignalStrengthWcdma: ss=2147483647 ber=2147483647 rscp=2147483647 ecno=2147483647 miuiLevel=0 level=0,mTdscdma=CellSignalStrengthTdscdma: rssi=2147483647 ber=2147483647 rscp=2147483647 miuiLevel=0 level=0,mLte=CellSignalStrengthLte: rssi=-53 rsrp=-86 rsrq=-11 rssnr=12 cqi=2147483647 ta=2147483647 miuiLevel=5 level=2,mNr=CellSignalStrengthNr:{ csiRsrp = 2147483647 csiRsrq = 2147483647 csiSinr = 2147483647 ssRsrp = 2147483647 ssRsrq = 2147483647 ssSinr = 2147483647 miuiLevel = 0 level = 0 },primary=CellSignalStrengthLte}
09-21 23:38:51.378  2257  2561 D TelephonyIcons: getDataActivity, slot=0, activity=0
09-21 23:38:51.379  2257  2561 D TelephonyIcons: null signal icon name: drawable/stat_sys_signal_null
09-21 23:38:51.379  2257  2561 D TelephonyIcons: getDataTypeIcon sub=0
09-21 23:38:51.380  2257  2257 D SignalClusterView: updateMobileTypeImage  0
09-21 23:38:51.397  2257  2257 I chatty  : uid=1000(system) com.android.systemui identical 5 lines
09-21 23:38:51.397  2257  2257 D SignalClusterView: updateMobileTypeImage  0
09-21 23:38:51.949  2009  5063 D CompatibilityInfo: mCompatibilityFlags - 0
09-21 23:38:51.949  2009  5063 D CompatibilityInfo: applicationDensity - 440
09-21 23:38:51.949  2009  5063 D CompatibilityInfo: applicationScale - 1.0
09-21 23:38:52.000  2009  5063 D CompatibilityInfo: mCompatibilityFlags - 0
09-21 23:38:52.000  2009  5063 D CompatibilityInfo: applicationDensity - 440
09-21 23:38:52.000  2009  5063 D CompatibilityInfo: applicationScale - 1.0
09-21 23:38:52.001   563   563 I hwservicemanager: getTransport: Cannot find entry vendor.qti.hardware.servicetracker@1.0::IServicetracker/default in either framework or device manifest.
09-21 23:38:52.029  2257  2257 D StatusBar: onNotificationPosted key=0|com.github.kr328.clash.foss|2131296550|null|10641 isUpdate=true
09-21 23:38:52.029  2257  2257 D StatusBar: updateNotification old=StatusBarNotification(pkg=com.github.kr328.clash.foss user=UserHandle{0} id=2131296550 tag=null key=0|com.github.kr328.clash.foss|2131296550|null|10641: Notification(channel=clash_status_channel pri=0 contentView=null vibrate=null sound=null defaults=0x0 flags=0x6a color=0xff1e4376 vis=PRIVATE))
09-21 23:38:52.029  2257  2257 D StatusBar:     pkgName=com.github.kr328.clash.foss appUid=10641 sdk=30 imp=2 sysApp=F priApp=F hasShown=F float=F keyguard=F peek=F fullscreen=F
09-21 23:38:52.029  2257  2257 D StatusBar:     showMiuiAction=F enableFloat=T enableKeyguard=T floatTime=5000 messageCount=1 persistent=F customHeight=F
09-21 23:38:52.030  5532  5979 V h       : flags=106
09-21 23:38:52.030  5532  5979 V h       : ret=0
09-21 23:38:52.051  2257  2257 D StatusBar: No peeking: unimportant notification: 0|com.github.kr328.clash.foss|2131296550|null|10641
09-21 23:38:52.052  2257  2257 D StatusBar: updateHeadsUp wasHeadsUp=false shouldPeek=false alertAgain=true
09-21 23:38:52.384  2257  2561 D MobileSignalController: updateDataType mSelectedDataTypeIcon[0]=2131233307, mSelectedDataActivityIndex=6
09-21 23:38:52.384  2257  2561 D TelephonyIcons: getSignalStrengthIcon: slot=0, inetCondition=1, level=5, roaming=false, signalstrength=SignalStrength:{mCdma=CellSignalStrengthCdma: cdmaDbm=2147483647 cdmaEcio=2147483647 evdoDbm=2147483647 evdoEcio=2147483647 evdoSnr=2147483647 miuiLevel=0 level=0,mGsm=CellSignalStrengthGsm: rssi=2147483647 ber=2147483647 mTa=2147483647 miuiLevel=0 mLevel=0,mWcdma=CellSignalStrengthWcdma: ss=2147483647 ber=2147483647 rscp=2147483647 ecno=2147483647 miuiLevel=0 level=0,mTdscdma=CellSignalStrengthTdscdma: rssi=2147483647 ber=2147483647 rscp=2147483647 miuiLevel=0 level=0,mLte=CellSignalStrengthLte: rssi=-53 rsrp=-86 rsrq=-11 rssnr=12 cqi=2147483647 ta=2147483647 miuiLevel=5 level=2,mNr=CellSignalStrengthNr:{ csiRsrp = 2147483647 csiRsrq = 2147483647 csiSinr = 2147483647 ssRsrp = 2147483647 ssRsrq = 2147483647 ssSinr = 2147483647 miuiLevel = 0 level = 0 },primary=CellSignalStrengthLte}
09-21 23:38:52.384  2257  2561 D TelephonyIcons: getDataActivity, slot=0, activity=3
09-21 23:38:52.385  2257  2561 D TelephonyIcons: null signal icon name: drawable/stat_sys_signal_null
09-21 23:38:52.385  2257  2561 D TelephonyIcons: getDataTypeIcon sub=0
09-21 23:38:52.386  2257  2257 D SignalClusterView: updateMobileTypeImage  0
09-21 23:38:52.399  2257  2257 I chatty  : uid=1000(system) com.android.systemui identical 5 lines
09-21 23:38:52.399  2257  2257 D SignalClusterView: updateMobileTypeImage  0
09-21 23:38:53.033  2257  2257 D StatusBar: onNotificationPosted key=0|com.github.kr328.clash.foss|2131296550|null|10641 isUpdate=true
09-21 23:38:53.034  2257  2257 D StatusBar: updateNotification old=StatusBarNotification(pkg=com.github.kr328.clash.foss user=UserHandle{0} id=2131296550 tag=null key=0|com.github.kr328.clash.foss|2131296550|null|10641: Notification(channel=clash_status_channel pri=0 contentView=null vibrate=null sound=null defaults=0x0 flags=0x6a color=0xff1e4376 vis=PRIVATE))
09-21 23:38:53.034  2257  2257 D StatusBar:     pkgName=com.github.kr328.clash.foss appUid=10641 sdk=30 imp=2 sysApp=F priApp=F hasShown=F float=F keyguard=F peek=F fullscreen=F
09-21 23:38:53.034  2257  2257 D StatusBar:     showMiuiAction=F enableFloat=T enableKeyguard=T floatTime=5000 messageCount=1 persistent=F customHeight=F
09-21 23:38:53.035  5532  5979 V h       : flags=106
09-21 23:38:53.035  5532  5979 V h       : ret=0
09-21 23:38:53.054  2257  2257 D StatusBar: No peeking: unimportant notification: 0|com.github.kr328.clash.foss|2131296550|null|10641
09-21 23:38:53.054  2257  2257 D StatusBar: updateHeadsUp wasHeadsUp=false shouldPeek=false alertAgain=true
09-21 23:38:53.172  2009  5063 D MessageMonitor: Dump Looper message took 0ms
09-21 23:38:53.331  2009  2038 D CompatibilityInfo: mCompatibilityFlags - 0
09-21 23:38:53.331  2009  2038 D CompatibilityInfo: applicationDensity - 440
09-21 23:38:53.331  2009  2038 D CompatibilityInfo: applicationScale - 1.0
09-21 23:38:53.410   563   563 I hwservicemanager: getTransport: Cannot find entry vendor.qti.hardware.servicetracker@1.0::IServicetracker/default in either framework or device manifest.
09-21 23:38:53.412  2009  5063 D CompatibilityInfo: mCompatibilityFlags - 0
09-21 23:38:53.412  2009  5063 D CompatibilityInfo: applicationDensity - 440
09-21 23:38:53.412  2009  5063 D CompatibilityInfo: applicationScale - 1.0
09-21 23:38:53.413   563   563 I hwservicemanager: getTransport: Cannot find entry vendor.qti.hardware.servicetracker@1.0::IServicetracker/default in either framework or device manifest.
09-21 23:38:53.481   781   781 W memtrack@1.0-se: type=1400 audit(0.0:374432): avc: denied { search } for name="kgsl" dev="sysfs" ino=55657 scontext=u:r:hal_memtrack_default:s0 tcontext=u:object_r:sysfs_kgsl:s0 tclass=dir permissive=0
09-21 23:38:53.481   781   781 W memtrack@1.0-se: type=1400 audit(0.0:374433): avc: denied { search } for name="kgsl" dev="sysfs" ino=55657 scontext=u:r:hal_memtrack_default:s0 tcontext=u:object_r:sysfs_kgsl:s0 tclass=dir permissive=0
09-21 23:38:53.492 18418 18418 W id.AlipayGphon: Accessing hidden field Landroid/view/Choreographer;->USE_VSYNC:Z (greylist-max-p, reflection, denied)
09-21 23:38:53.496   563   563 I hwservicemanager: getTransport: Cannot find entry vendor.qti.hardware.servicetracker@1.0::IServicetracker/default in either framework or device manifest.
09-21 23:38:53.498   563   563 I chatty  : uid=1000(system) hwservicemanage identical 1 line
09-21 23:38:53.533   563   563 I hwservicemanager: getTransport: Cannot find entry vendor.qti.hardware.servicetracker@1.0::IServicetracker/default in either framework or device manifest.
09-21 23:38:53.558   670   670 D Zygote  : Forked child process 26799
09-21 23:38:53.559   669  2330 D OemNetd : setPidForPackage: packageName=com.eg.android.AlipayGphone, pid=26799, pid=10146
09-21 23:38:53.560  2009  2039 I ActivityManager: Start proc 26799:com.eg.android.AlipayGphone:tools/u0a146 for broadcast {com.eg.android.AlipayGphone/com.alipay.mobile.common.logging.process.LogReceiverInToolsProcess} caller=com.eg.android.AlipayGphone
09-21 23:38:53.565 26799 26799 E payGphone:tool: Not starting debugger since process cannot load the jdwp agent.
09-21 23:38:53.573  2009  2549 D CompatibilityInfo: mCompatibilityFlags - 0
09-21 23:38:53.573  2009  2549 D CompatibilityInfo: applicationDensity - 440
09-21 23:38:53.573  2009  2549 D CompatibilityInfo: applicationScale - 1.0
09-21 23:38:53.577  2009  2549 D CompatibilityInfo: mCompatibilityFlags - 0
09-21 23:38:53.577  2009  2549 D CompatibilityInfo: applicationDensity - 440
09-21 23:38:53.577  2009  2549 D CompatibilityInfo: applicationScale - 1.0
09-21 23:38:53.595 18372 26820 W IdleConnectionHandler: Removing a connection that never existed!
09-21 23:38:53.618 18372 26824 W IdleConnectionHandler: Removing a connection that never existed!
09-21 23:38:53.647  2317  2428 I ClashForAndroid: [TCP] 172.19.0.1:37738 --> 183.204.37.211 match GeoIP(CN) using DIRECT
09-21 23:38:53.719  2317  2425 I ClashForAndroid: [TCP] 172.19.0.1:45898 --> 203.209.230.39 match GeoIP(CN) using DIRECT
09-21 23:38:53.922 26799 26799 I Perf    : Connecting to perf service.
09-21 23:38:53.934 26799 26799 I LaunchCoverageUtil: can not call coverage api
09-21 23:38:54.014 26799 26799 I mpaas_cppbase: [0921/233854.014607:DEBUG:init.cpp(24)] Init mpaas_cppbase native...
09-21 23:38:54.027 26799 26799 I Logging : LoggerFactoryBinder.nativeInit invoked
09-21 23:38:54.032  2257  2257 D StatusBar: onNotificationPosted key=0|com.github.kr328.clash.foss|2131296550|null|10641 isUpdate=true
09-21 23:38:54.033  2257  2257 D StatusBar: updateNotification old=StatusBarNotification(pkg=com.github.kr328.clash.foss user=UserHandle{0} id=2131296550 tag=null key=0|com.github.kr328.clash.foss|2131296550|null|10641: Notification(channel=clash_status_channel pri=0 contentView=null vibrate=null sound=null defaults=0x0 flags=0x6a color=0xff1e4376 vis=PRIVATE))
09-21 23:38:54.033  2257  2257 D StatusBar:     pkgName=com.github.kr328.clash.foss appUid=10641 sdk=30 imp=2 sysApp=F priApp=F hasShown=F float=F keyguard=F peek=F fullscreen=F
09-21 23:38:54.033  2257  2257 D StatusBar:     showMiuiAction=F enableFloat=T enableKeyguard=T floatTime=5000 messageCount=1 persistent=F customHeight=F
09-21 23:38:54.033  5532  5979 V h       : flags=106
09-21 23:38:54.034  5532  5979 V h       : ret=0
09-21 23:38:54.055  2257  2257 D StatusBar: No peeking: unimportant notification: 0|com.github.kr328.clash.foss|2131296550|null|10641
09-21 23:38:54.055  2257  2257 D StatusBar: updateHeadsUp wasHeadsUp=false shouldPeek=false alertAgain=true
09-21 23:38:54.071 26799 26799 W payGphone:tool: Accessing hidden field Landroid/content/ContentResolver;->mTargetSdkVersion:I (greylist-max-o, reflection, denied)
09-21 23:38:54.349 26799 26799 W payGphone:tool: Unsupported class loader
09-21 23:38:54.353 26799 26799 W payGphone:tool: Skipping duplicate class check due to unsupported classloader
09-21 23:38:54.395   563   563 I hwservicemanager: getTransport: Cannot find entry vendor.qti.hardware.servicetracker@1.0::IServicetracker/default in either framework or device manifest.
09-21 23:38:54.409 26799 26870 I ANTKV   : setBrokenConfig 1, 1
09-21 23:38:54.409 26799 26870 I ANTKV   : setZeroFillConfig 1, 0
09-21 23:38:54.409 26799 26870 I ANTKV   : FormatFileUtils updateConfigs configs=3, sync_file=1, sync_memory=1
09-21 23:38:54.433 26799 26806 I payGphone:tool: Method exceeds compiler instruction limit: 32857 in java.util.Map com.alipay.fusion.interferepoint.point.generated.InterferePointInitHelper.getPropertyMap()
09-21 23:38:54.457 26799 26799 I FeatureParser: can't find cepheus.xml in assets/device_features/,it may be in /system/etc/device_features
09-21 23:38:54.460 26799 26799 E libc    : Access denied finding property "ro.vendor.df.effect.conflict"
09-21 23:38:54.451 26799 26799 W payGphone:tools: type=1400 audit(0.0:374434): avc: denied { read } for name="u:object_r:vendor_displayfeature_prop:s0" dev="tmpfs" ino=27700 scontext=u:r:untrusted_app:s0:c146,c256,c512,c768 tcontext=u:object_r:vendor_displayfeature_prop:s0 tclass=file permissive=0
09-21 23:38:54.516  2009  5020 E DatabaseUtils: Writing exception to parcel
09-21 23:38:54.516  2009  5020 E DatabaseUtils: java.lang.SecurityException: com.eg.android.AlipayGphone was not granted  this permission: android.permission.WRITE_SETTINGS.
09-21 23:38:54.516  2009  5020 E DatabaseUtils: 	at android.provider.Settings.isCallingPackageAllowedToPerformAppOpsProtectedOperation(Settings.java:15431)
09-21 23:38:54.516  2009  5020 E DatabaseUtils: 	at android.provider.Settings.checkAndNoteWriteSettingsOperation(Settings.java:15311)
09-21 23:38:54.516  2009  5020 E DatabaseUtils: 	at com.android.providers.settings.SettingsProvider.mutateSystemSetting(SettingsProvider.java:1714)
09-21 23:38:54.516  2009  5020 E DatabaseUtils: 	at com.android.providers.settings.SettingsProvider.insertSystemSetting(SettingsProvider.java:1689)
09-21 23:38:54.516  2009  5020 E DatabaseUtils: 	at com.android.providers.settings.SettingsProvider.call(SettingsProvider.java:443)
09-21 23:38:54.516  2009  5020 E DatabaseUtils: 	at android.content.ContentProvider.call(ContentProvider.java:2177)
09-21 23:38:54.516  2009  5020 E DatabaseUtils: 	at android.content.ContentProvider$Transport.call(ContentProvider.java:477)
09-21 23:38:54.516  2009  5020 E DatabaseUtils: 	at android.content.ContentProviderNative.onTransact(ContentProviderNative.java:277)
09-21 23:38:54.516  2009  5020 E DatabaseUtils: 	at android.os.Binder.execTransactInternal(Binder.java:1021)
09-21 23:38:54.516  2009  5020 E DatabaseUtils: 	at android.os.Binder.execTransact(Binder.java:994)
09-21 23:38:54.529   563   563 I hwservicemanager: getTransport: Cannot find entry vendor.qti.hardware.servicetracker@1.0::IServicetracker/default in either framework or device manifest.
09-21 23:38:54.535   563   563 I hwservicemanager: getTransport: Cannot find entry vendor.qti.hardware.servicetracker@1.0::IServicetracker/default in either framework or device manifest.
09-21 23:38:54.562  2009  5063 D CompatibilityInfo: mCompatibilityFlags - 0
09-21 23:38:54.562  2009  5063 D CompatibilityInfo: applicationDensity - 440
09-21 23:38:54.562  2009  5063 D CompatibilityInfo: applicationScale - 1.0
09-21 23:38:54.563   563   563 I hwservicemanager: getTransport: Cannot find entry vendor.qti.hardware.servicetracker@1.0::IServicetracker/default in either framework or device manifest.
09-21 23:38:54.589  2009  5020 I ActivityManager: Killing 22413:com.xiaomi.simactivate.service/u0a128 (adj 995): empty #17
09-21 23:38:54.584   563   563 I hwservicemanager: getTransport: Cannot find entry vendor.qti.hardware.servicetracker@1.0::IServicetracker/default in either framework or device manifest.
09-21 23:38:54.628   670   670 I Zygote  : Process 22413 exited due to signal 9 (Killed)
09-21 23:38:54.629   563   563 I hwservicemanager: getTransport: Cannot find entry vendor.qti.hardware.servicetracker@1.0::IServicetracker/default in either framework or device manifest.
09-21 23:38:54.630 20187 32007 D MyLog   : -->log(1): [Tid:6005] [KeepAliveManager] -->onProcessDied(), pid=22413, uid=10128
09-21 23:38:54.631  2009  2040 I libprocessgroup: Successfully killed process cgroup uid 10128 pid 22413 in 41ms
09-21 23:38:54.632  2009  2156 I MiuiNetworkPolicy: removeUidState uid = 10128
09-21 23:38:54.632 17734 17751 D UidObserver: onUidGone entry uid = 10128
09-21 23:38:54.884 26799 26893 E Perf    : Fail to get file list drbundle.jar
09-21 23:38:54.885 26799 26893 E Perf    : getFolderSize() : Exception_1 = java.lang.NullPointerException: Attempt to get length of null array
09-21 23:38:54.983   768  3174 I vendor.qti.bluetooth@1.0-ibs_handler: ProcessIbsCmd: Received IBS_WAKE_IND: 0xFD
09-21 23:38:54.983   768  3174 D vendor.qti.bluetooth@1.0-ibs_handler: SerialClockVote: vote for UART CLK ON
09-21 23:38:54.984   768  3174 D vendor.qti.bluetooth@1.0-wake_lock: Acquire wakelock is acquired 
09-21 23:38:54.984   768  3174 I vendor.qti.bluetooth@1.0-ibs_handler: ProcessIbsCmd: Writing IBS_WAKE_ACK
09-21 23:38:54.985  2237  3177 V bt_stack: [VERBOSE1:btm_ble_gap.cc(1923)] btm_ble_process_ext_adv_pkt: bda=34:fa:1c:17:4f:9f
09-21 23:38:54.985  2237  3177 V bt_stack: [VERBOSE1:btm_ble_gap.cc(1847)] btm_ble_process_adv_addr: bda=34:fa:1c:17:4f:9f
09-21 23:38:54.985  2237  3177 V bt_stack: [VERBOSE1:btm_ble_gap.cc(2052)]  Waiting for scan response 34:fa:1c:17:4f:9f
09-21 23:38:54.985  2237  3177 V bt_stack: [VERBOSE1:btm_ble_gap.cc(1923)] btm_ble_process_ext_adv_pkt: bda=34:fa:1c:17:4f:9f
09-21 23:38:54.985  2237  3177 V bt_stack: [VERBOSE1:btm_ble_gap.cc(1847)] btm_ble_process_adv_addr: bda=34:fa:1c:17:4f:9f
09-21 23:38:54.986  2237  2370 D BluetoothUtils: blockedByLocationOff callingUid=1002
09-21 23:38:54.986  2237  2370 I BluetoothUtils: packagename is android.uid.bluetooth:1002 ,and its permission is false
09-21 23:38:54.988 25358 25428 D MiuiMiHomeConnectController: result.getRssi = -8900:00:00:17:4F:9F
09-21 23:38:54.988 26799 26893 E Perf    : Fail to get file list lib
09-21 23:38:54.988 26799 26893 E Perf    : getFolderSize() : Exception_1 = java.lang.NullPointerException: Attempt to get length of null array
09-21 23:38:55.024   768  3174 I vendor.qti.bluetooth@1.0-ibs_handler: ProcessIbsCmd: Received IBS_SLEEP_IND: 0xFE
09-21 23:38:55.024   768  3174 D vendor.qti.bluetooth@1.0-ibs_handler: SerialClockVote: vote for UART CLK OFF
09-21 23:38:55.031  2257  2257 D StatusBar: onNotificationPosted key=0|com.github.kr328.clash.foss|2131296550|null|10641 isUpdate=true
09-21 23:38:55.031  2257  2257 D StatusBar: updateNotification old=StatusBarNotification(pkg=com.github.kr328.clash.foss user=UserHandle{0} id=2131296550 tag=null key=0|com.github.kr328.clash.foss|2131296550|null|10641: Notification(channel=clash_status_channel pri=0 contentView=null vibrate=null sound=null defaults=0x0 flags=0x6a color=0xff1e4376 vis=PRIVATE))
09-21 23:38:55.031  2257  2257 D StatusBar:     pkgName=com.github.kr328.clash.foss appUid=10641 sdk=30 imp=2 sysApp=F priApp=F hasShown=F float=F keyguard=F peek=F fullscreen=F
09-21 23:38:55.031  2257  2257 D StatusBar:     showMiuiAction=F enableFloat=T enableKeyguard=T floatTime=5000 messageCount=1 persistent=F customHeight=F
09-21 23:38:55.032  5532  5979 V h       : flags=106
09-21 23:38:55.033  5532  5979 V h       : ret=0
09-21 23:38:55.056  2257  2257 D StatusBar: No peeking: unimportant notification: 0|com.github.kr328.clash.foss|2131296550|null|10641
09-21 23:38:55.056  2257  2257 D StatusBar: updateHeadsUp wasHeadsUp=false shouldPeek=false alertAgain=true
09-21 23:38:55.175   768  2923 D vendor.qti.bluetooth@1.0-wake_lock: Release wakelock is released 
09-21 23:38:55.624   669  2330 I netd    : firewallSetUidRule(2, 10239, 2) <0.04ms>
09-21 23:38:56.036  5532  5979 V h       : flags=106
09-21 23:38:56.037  2257  2257 D StatusBar: onNotificationPosted key=0|com.github.kr328.clash.foss|2131296550|null|10641 isUpdate=true
09-21 23:38:56.037  5532  5979 V h       : ret=0
09-21 23:38:56.037  2257  2257 D StatusBar: updateNotification old=StatusBarNotification(pkg=com.github.kr328.clash.foss user=UserHandle{0} id=2131296550 tag=null key=0|com.github.kr328.clash.foss|2131296550|null|10641: Notification(channel=clash_status_channel pri=0 contentView=null vibrate=null sound=null defaults=0x0 flags=0x6a color=0xff1e4376 vis=PRIVATE))
09-21 23:38:56.037  2257  2257 D StatusBar:     pkgName=com.github.kr328.clash.foss appUid=10641 sdk=30 imp=2 sysApp=F priApp=F hasShown=F float=F keyguard=F peek=F fullscreen=F
09-21 23:38:56.037  2257  2257 D StatusBar:     showMiuiAction=F enableFloat=T enableKeyguard=T floatTime=5000 messageCount=1 persistent=F customHeight=F
09-21 23:38:56.058  2257  2257 D StatusBar: No peeking: unimportant notification: 0|com.github.kr328.clash.foss|2131296550|null|10641
09-21 23:38:56.058  2257  2257 D StatusBar: updateHeadsUp wasHeadsUp=false shouldPeek=false alertAgain=true
09-21 23:38:57.034  2257  2257 D StatusBar: onNotificationPosted key=0|com.github.kr328.clash.foss|2131296550|null|10641 isUpdate=true
09-21 23:38:57.035  2257  2257 D StatusBar: updateNotification old=StatusBarNotification(pkg=com.github.kr328.clash.foss user=UserHandle{0} id=2131296550 tag=null key=0|com.github.kr328.clash.foss|2131296550|null|10641: Notification(channel=clash_status_channel pri=0 contentView=null vibrate=null sound=null defaults=0x0 flags=0x6a color=0xff1e4376 vis=PRIVATE))
09-21 23:38:57.035  2257  2257 D StatusBar:     pkgName=com.github.kr328.clash.foss appUid=10641 sdk=30 imp=2 sysApp=F priApp=F hasShown=F float=F keyguard=F peek=F fullscreen=F
09-21 23:38:57.035  2257  2257 D StatusBar:     showMiuiAction=F enableFloat=T enableKeyguard=T floatTime=5000 messageCount=1 persistent=F customHeight=F
09-21 23:38:57.035  5532  5979 V h       : flags=106
09-21 23:38:57.036  5532  5979 V h       : ret=0
09-21 23:38:57.061  2257  2257 D StatusBar: No peeking: unimportant notification: 0|com.github.kr328.clash.foss|2131296550|null|10641
09-21 23:38:57.061  2257  2257 D StatusBar: updateHeadsUp wasHeadsUp=false shouldPeek=false alertAgain=true
09-21 23:38:57.691  2257  2257 D KeyguardUpdateMonitor: received broadcast android.intent.action.BATTERY_CHANGED
09-21 23:38:57.692  5044  5044 D NfcService: Received android.intent.action.BATTERY_CHANGED
09-21 23:38:57.692  5532  5532 I BatteryInfoReceiver: ACTION_BATTERY_CHANGED
09-21 23:38:57.692  5532  5532 I PowerSaveService: onReceive: android.intent.action.BATTERY_CHANGED
09-21 23:38:57.694 17734 17763 D PowerKeeper.FrozenApp: onBatteryChanged plug=true mBatteryPlugged=2
09-21 23:38:57.694 17734 17773 D PowerCheckerService: onBatteryChanged, mBatteryLevel = 57, status = 2, level = 57, plug = 2, scale = 100
09-21 23:38:57.695  5532  5532 I PowerNoticeUI: handleBatteryChanged oldPlugType 2 mPlugType 2 oldBatteryLevel 57 mBatteryLevel 57 temperature 357
09-21 23:38:58.035  2257  2257 D StatusBar: onNotificationPosted key=0|com.github.kr328.clash.foss|2131296550|null|10641 isUpdate=true
09-21 23:38:58.036  5532  5979 V h       : flags=106
09-21 23:38:58.036  2257  2257 D StatusBar: updateNotification old=StatusBarNotification(pkg=com.github.kr328.clash.foss user=UserHandle{0} id=2131296550 tag=null key=0|com.github.kr328.clash.foss|2131296550|null|10641: Notification(channel=clash_status_channel pri=0 contentView=null vibrate=null sound=null defaults=0x0 flags=0x6a color=0xff1e4376 vis=PRIVATE))
09-21 23:38:58.036  2257  2257 D StatusBar:     pkgName=com.github.kr328.clash.foss appUid=10641 sdk=30 imp=2 sysApp=F priApp=F hasShown=F float=F keyguard=F peek=F fullscreen=F
09-21 23:38:58.036  2257  2257 D StatusBar:     showMiuiAction=F enableFloat=T enableKeyguard=T floatTime=5000 messageCount=1 persistent=F customHeight=F
09-21 23:38:58.036  5532  5979 V h       : ret=0
09-21 23:38:58.064  2257  2257 D StatusBar: No peeking: unimportant notification: 0|com.github.kr328.clash.foss|2131296550|null|10641
09-21 23:38:58.064  2257  2257 D StatusBar: updateHeadsUp wasHeadsUp=false shouldPeek=false alertAgain=true
09-21 23:38:58.854  2257  2257 D KeyguardUpdateMonitor: received broadcast android.intent.action.BATTERY_CHANGED
09-21 23:38:58.854  5532  5532 I BatteryInfoReceiver: ACTION_BATTERY_CHANGED
09-21 23:38:58.855  5532  5532 I PowerSaveService: onReceive: android.intent.action.BATTERY_CHANGED
09-21 23:38:58.855  5044  5044 D NfcService: Received android.intent.action.BATTERY_CHANGED
09-21 23:38:58.855  5532  5532 I PowerNoticeUI: handleBatteryChanged oldPlugType 2 mPlugType 2 oldBatteryLevel 57 mBatteryLevel 57 temperature 357
09-21 23:38:58.856 17734 17763 D PowerKeeper.FrozenApp: onBatteryChanged plug=true mBatteryPlugged=2
09-21 23:38:58.857 17734 17773 D PowerCheckerService: onBatteryChanged, mBatteryLevel = 57, status = 2, level = 57, plug = 2, scale = 100
09-21 23:38:59.036  2257  2257 D StatusBar: onNotificationPosted key=0|com.github.kr328.clash.foss|2131296550|null|10641 isUpdate=true
09-21 23:38:59.037  2257  2257 D StatusBar: updateNotification old=StatusBarNotification(pkg=com.github.kr328.clash.foss user=UserHandle{0} id=2131296550 tag=null key=0|com.github.kr328.clash.foss|2131296550|null|10641: Notification(channel=clash_status_channel pri=0 contentView=null vibrate=null sound=null defaults=0x0 flags=0x6a color=0xff1e4376 vis=PRIVATE))
09-21 23:38:59.037  2257  2257 D StatusBar:     pkgName=com.github.kr328.clash.foss appUid=10641 sdk=30 imp=2 sysApp=F priApp=F hasShown=F float=F keyguard=F peek=F fullscreen=F
09-21 23:38:59.037  2257  2257 D StatusBar:     showMiuiAction=F enableFloat=T enableKeyguard=T floatTime=5000 messageCount=1 persistent=F customHeight=F
09-21 23:38:59.041  5532  5979 V h       : flags=106
09-21 23:38:59.042  5532  5979 V h       : ret=0
09-21 23:38:59.064  2257  2257 D StatusBar: No peeking: unimportant notification: 0|com.github.kr328.clash.foss|2131296550|null|10641
09-21 23:38:59.064  2257  2257 D StatusBar: updateHeadsUp wasHeadsUp=false shouldPeek=false alertAgain=true
09-21 23:39:00.002  2257  2257 D KeyguardUpdateMonitor: handleTimeUpdate
09-21 23:39:00.035  2257  2257 D StatusBar: onNotificationPosted key=0|com.github.kr328.clash.foss|2131296550|null|10641 isUpdate=true
09-21 23:39:00.035  5532  5979 V h       : flags=106
09-21 23:39:00.035  2257  2257 D StatusBar: updateNotification old=StatusBarNotification(pkg=com.github.kr328.clash.foss user=UserHandle{0} id=2131296550 tag=null key=0|com.github.kr328.clash.foss|2131296550|null|10641: Notification(channel=clash_status_channel pri=0 contentView=null vibrate=null sound=null defaults=0x0 flags=0x6a color=0xff1e4376 vis=PRIVATE))
09-21 23:39:00.035  2257  2257 D StatusBar:     pkgName=com.github.kr328.clash.foss appUid=10641 sdk=30 imp=2 sysApp=F priApp=F hasShown=F float=F keyguard=F peek=F fullscreen=F
09-21 23:39:00.035  2257  2257 D StatusBar:     showMiuiAction=F enableFloat=T enableKeyguard=T floatTime=5000 messageCount=1 persistent=F customHeight=F
09-21 23:39:00.036  5532  5979 V h       : ret=0
09-21 23:39:00.049  2257  2257 D StatusBar: No peeking: unimportant notification: 0|com.github.kr328.clash.foss|2131296550|null|10641
09-21 23:39:00.049  2257  2257 D StatusBar: updateHeadsUp wasHeadsUp=false shouldPeek=false alertAgain=true
09-21 23:39:01.037  2257  2257 D StatusBar: onNotificationPosted key=0|com.github.kr328.clash.foss|2131296550|null|10641 isUpdate=true
09-21 23:39:01.037  5532  5979 V h       : flags=106
09-21 23:39:01.038  2257  2257 D StatusBar: updateNotification old=StatusBarNotification(pkg=com.github.kr328.clash.foss user=UserHandle{0} id=2131296550 tag=null key=0|com.github.kr328.clash.foss|2131296550|null|10641: Notification(channel=clash_status_channel pri=0 contentView=null vibrate=null sound=null defaults=0x0 flags=0x6a color=0xff1e4376 vis=PRIVATE))
09-21 23:39:01.038  2257  2257 D StatusBar:     pkgName=com.github.kr328.clash.foss appUid=10641 sdk=30 imp=2 sysApp=F priApp=F hasShown=F float=F keyguard=F peek=F fullscreen=F
09-21 23:39:01.038  2257  2257 D StatusBar:     showMiuiAction=F enableFloat=T enableKeyguard=T floatTime=5000 messageCount=1 persistent=F customHeight=F
09-21 23:39:01.038  5532  5979 V h       : ret=0
09-21 23:39:01.050  2257  2257 D StatusBar: No peeking: unimportant notification: 0|com.github.kr328.clash.foss|2131296550|null|10641
09-21 23:39:01.050  2257  2257 D StatusBar: updateHeadsUp wasHeadsUp=false shouldPeek=false alertAgain=true
09-21 23:39:01.420  2257  2561 D MobileSignalController: updateDataType mSelectedDataTypeIcon[0]=2131233307, mSelectedDataActivityIndex=6
09-21 23:39:01.420  2257  2561 D TelephonyIcons: getSignalStrengthIcon: slot=0, inetCondition=1, level=5, roaming=false, signalstrength=SignalStrength:{mCdma=CellSignalStrengthCdma: cdmaDbm=2147483647 cdmaEcio=2147483647 evdoDbm=2147483647 evdoEcio=2147483647 evdoSnr=2147483647 miuiLevel=0 level=0,mGsm=CellSignalStrengthGsm: rssi=2147483647 ber=2147483647 mTa=2147483647 miuiLevel=0 mLevel=0,mWcdma=CellSignalStrengthWcdma: ss=2147483647 ber=2147483647 rscp=2147483647 ecno=2147483647 miuiLevel=0 level=0,mTdscdma=CellSignalStrengthTdscdma: rssi=2147483647 ber=2147483647 rscp=2147483647 miuiLevel=0 level=0,mLte=CellSignalStrengthLte: rssi=-53 rsrp=-86 rsrq=-11 rssnr=12 cqi=2147483647 ta=2147483647 miuiLevel=5 level=2,mNr=CellSignalStrengthNr:{ csiRsrp = 2147483647 csiRsrq = 2147483647 csiSinr = 2147483647 ssRsrp = 2147483647 ssRsrq = 2147483647 ssSinr = 2147483647 miuiLevel = 0 level = 0 },primary=CellSignalStrengthLte}
09-21 23:39:01.420  2257  2561 D TelephonyIcons: getDataActivity, slot=0, activity=0
09-21 23:39:01.421  2257  2561 D TelephonyIcons: null signal icon name: drawable/stat_sys_signal_null
09-21 23:39:01.421  2257  2561 D TelephonyIcons: getDataTypeIcon sub=0
09-21 23:39:01.422  2257  2257 D SignalClusterView: updateMobileTypeImage  0
09-21 23:39:01.432  2257  2257 I chatty  : uid=1000(system) com.android.systemui identical 5 lines
09-21 23:39:01.432  2257  2257 D SignalClusterView: updateMobileTypeImage  0
09-21 23:39:02.039  5532  5979 V h       : flags=106
09-21 23:39:02.039  2257  2257 D StatusBar: onNotificationPosted key=0|com.github.kr328.clash.foss|2131296550|null|10641 isUpdate=true
09-21 23:39:02.040  5532  5979 V h       : ret=0
09-21 23:39:02.040  2257  2257 D StatusBar: updateNotification old=StatusBarNotification(pkg=com.github.kr328.clash.foss user=UserHandle{0} id=2131296550 tag=null key=0|com.github.kr328.clash.foss|2131296550|null|10641: Notification(channel=clash_status_channel pri=0 contentView=null vibrate=null sound=null defaults=0x0 flags=0x6a color=0xff1e4376 vis=PRIVATE))
09-21 23:39:02.040  2257  2257 D StatusBar:     pkgName=com.github.kr328.clash.foss appUid=10641 sdk=30 imp=2 sysApp=F priApp=F hasShown=F float=F keyguard=F peek=F fullscreen=F
09-21 23:39:02.040  2257  2257 D StatusBar:     showMiuiAction=F enableFloat=T enableKeyguard=T floatTime=5000 messageCount=1 persistent=F customHeight=F
09-21 23:39:02.069  2257  2257 D StatusBar: No peeking: unimportant notification: 0|com.github.kr328.clash.foss|2131296550|null|10641
09-21 23:39:02.069  2257  2257 D StatusBar: updateHeadsUp wasHeadsUp=false shouldPeek=false alertAgain=true
09-21 23:39:02.286  2009  5063 D MessageMonitor: Dump Looper message took 1ms
09-21 23:39:02.426  2257  2561 D MobileSignalController: updateDataType mSelectedDataTypeIcon[0]=2131233307, mSelectedDataActivityIndex=6
09-21 23:39:02.426  2257  2561 D TelephonyIcons: getSignalStrengthIcon: slot=0, inetCondition=1, level=5, roaming=false, signalstrength=SignalStrength:{mCdma=CellSignalStrengthCdma: cdmaDbm=2147483647 cdmaEcio=2147483647 evdoDbm=2147483647 evdoEcio=2147483647 evdoSnr=2147483647 miuiLevel=0 level=0,mGsm=CellSignalStrengthGsm: rssi=2147483647 ber=2147483647 mTa=2147483647 miuiLevel=0 mLevel=0,mWcdma=CellSignalStrengthWcdma: ss=2147483647 ber=2147483647 rscp=2147483647 ecno=2147483647 miuiLevel=0 level=0,mTdscdma=CellSignalStrengthTdscdma: rssi=2147483647 ber=2147483647 rscp=2147483647 miuiLevel=0 level=0,mLte=CellSignalStrengthLte: rssi=-53 rsrp=-86 rsrq=-11 rssnr=12 cqi=2147483647 ta=2147483647 miuiLevel=5 level=2,mNr=CellSignalStrengthNr:{ csiRsrp = 2147483647 csiRsrq = 2147483647 csiSinr = 2147483647 ssRsrp = 2147483647 ssRsrq = 2147483647 ssSinr = 2147483647 miuiLevel = 0 level = 0 },primary=CellSignalStrengthLte}
09-21 23:39:02.426  2257  2561 D TelephonyIcons: getDataActivity, slot=0, activity=3
09-21 23:39:02.427  2257  2561 D TelephonyIcons: null signal icon name: drawable/stat_sys_signal_null
09-21 23:39:02.427  2257  2561 D TelephonyIcons: getDataTypeIcon sub=0
09-21 23:39:02.428  2257  2257 D SignalClusterView: updateMobileTypeImage  0
09-21 23:39:02.454  2257  2257 I chatty  : uid=1000(system) com.android.systemui identical 5 lines
09-21 23:39:02.455  2257  2257 D SignalClusterView: updateMobileTypeImage  0
09-21 23:39:03.041  2257  2257 D StatusBar: onNotificationPosted key=0|com.github.kr328.clash.foss|2131296550|null|10641 isUpdate=true
09-21 23:39:03.042  2257  2257 D StatusBar: updateNotification old=StatusBarNotification(pkg=com.github.kr328.clash.foss user=UserHandle{0} id=2131296550 tag=null key=0|com.github.kr328.clash.foss|2131296550|null|10641: Notification(channel=clash_status_channel pri=0 contentView=null vibrate=null sound=null defaults=0x0 flags=0x6a color=0xff1e4376 vis=PRIVATE))
09-21 23:39:03.042  2257  2257 D StatusBar:     pkgName=com.github.kr328.clash.foss appUid=10641 sdk=30 imp=2 sysApp=F priApp=F hasShown=F float=F keyguard=F peek=F fullscreen=F
09-21 23:39:03.042  2257  2257 D StatusBar:     showMiuiAction=F enableFloat=T enableKeyguard=T floatTime=5000 messageCount=1 persistent=F customHeight=F
09-21 23:39:03.042  5532  5979 V h       : flags=106
09-21 23:39:03.044  5532  5979 V h       : ret=0
09-21 23:39:03.071  2257  2257 D StatusBar: No peeking: unimportant notification: 0|com.github.kr328.clash.foss|2131296550|null|10641
09-21 23:39:03.071  2257  2257 D StatusBar: updateHeadsUp wasHeadsUp=false shouldPeek=false alertAgain=true
09-21 23:39:04.041  2257  2257 D StatusBar: onNotificationPosted key=0|com.github.kr328.clash.foss|2131296550|null|10641 isUpdate=true
09-21 23:39:04.042  2257  2257 D StatusBar: updateNotification old=StatusBarNotification(pkg=com.github.kr328.clash.foss user=UserHandle{0} id=2131296550 tag=null key=0|com.github.kr328.clash.foss|2131296550|null|10641: Notification(channel=clash_status_channel pri=0 contentView=null vibrate=null sound=null defaults=0x0 flags=0x6a color=0xff1e4376 vis=PRIVATE))
09-21 23:39:04.042  2257  2257 D StatusBar:     pkgName=com.github.kr328.clash.foss appUid=10641 sdk=30 imp=2 sysApp=F priApp=F hasShown=F float=F keyguard=F peek=F fullscreen=F
09-21 23:39:04.042  2257  2257 D StatusBar:     showMiuiAction=F enableFloat=T enableKeyguard=T floatTime=5000 messageCount=1 persistent=F customHeight=F
09-21 23:39:04.042  5532  5979 V h       : flags=106
09-21 23:39:04.044  5532  5979 V h       : ret=0
09-21 23:39:04.053  2257  2257 D StatusBar: No peeking: unimportant notification: 0|com.github.kr328.clash.foss|2131296550|null|10641
09-21 23:39:04.053  2257  2257 D StatusBar: updateHeadsUp wasHeadsUp=false shouldPeek=false alertAgain=true
09-21 23:39:05.040  2257  2257 D StatusBar: onNotificationPosted key=0|com.github.kr328.clash.foss|2131296550|null|10641 isUpdate=true
09-21 23:39:05.041  5532  5979 V h       : flags=106
09-21 23:39:05.041  2257  2257 D StatusBar: updateNotification old=StatusBarNotification(pkg=com.github.kr328.clash.foss user=UserHandle{0} id=2131296550 tag=null key=0|com.github.kr328.clash.foss|2131296550|null|10641: Notification(channel=clash_status_channel pri=0 contentView=null vibrate=null sound=null defaults=0x0 flags=0x6a color=0xff1e4376 vis=PRIVATE))
09-21 23:39:05.041  2257  2257 D StatusBar:     pkgName=com.github.kr328.clash.foss appUid=10641 sdk=30 imp=2 sysApp=F priApp=F hasShown=F float=F keyguard=F peek=F fullscreen=F
09-21 23:39:05.041  2257  2257 D StatusBar:     showMiuiAction=F enableFloat=T enableKeyguard=T floatTime=5000 messageCount=1 persistent=F customHeight=F
09-21 23:39:05.042  5532  5979 V h       : ret=0
09-21 23:39:05.075  2257  2257 D StatusBar: No peeking: unimportant notification: 0|com.github.kr328.clash.foss|2131296550|null|10641
09-21 23:39:05.075  2257  2257 D StatusBar: updateHeadsUp wasHeadsUp=false shouldPeek=false alertAgain=true
09-21 23:39:05.648   768  3174 I vendor.qti.bluetooth@1.0-ibs_handler: ProcessIbsCmd: Received IBS_WAKE_IND: 0xFD
09-21 23:39:05.649   768  3174 D vendor.qti.bluetooth@1.0-ibs_handler: SerialClockVote: vote for UART CLK ON
09-21 23:39:05.649   768  3174 D vendor.qti.bluetooth@1.0-wake_lock: Acquire wakelock is acquired 
09-21 23:39:05.649   768  3174 I vendor.qti.bluetooth@1.0-ibs_handler: ProcessIbsCmd: Writing IBS_WAKE_ACK
09-21 23:39:05.651  2237  3177 V bt_stack: [VERBOSE1:btm_ble_gap.cc(1923)] btm_ble_process_ext_adv_pkt: bda=34:fa:1c:17:4f:9f
09-21 23:39:05.651  2237  3177 V bt_stack: [VERBOSE1:btm_ble_gap.cc(1847)] btm_ble_process_adv_addr: bda=34:fa:1c:17:4f:9f
09-21 23:39:05.651  2237  3177 V bt_stack: [VERBOSE1:btm_ble_gap.cc(2052)]  Waiting for scan response 34:fa:1c:17:4f:9f
09-21 23:39:05.651  2237  3177 V bt_stack: [VERBOSE1:btm_ble_gap.cc(1923)] btm_ble_process_ext_adv_pkt: bda=34:fa:1c:17:4f:9f
09-21 23:39:05.651  2237  3177 V bt_stack: [VERBOSE1:btm_ble_gap.cc(1847)] btm_ble_process_adv_addr: bda=34:fa:1c:17:4f:9f
09-21 23:39:05.652  2237  2370 D BluetoothUtils: blockedByLocationOff callingUid=1002
09-21 23:39:05.653  2237  2370 I BluetoothUtils: packagename is android.uid.bluetooth:1002 ,and its permission is false
09-21 23:39:05.656 25358 25428 D MiuiMiHomeConnectController: result.getRssi = -8800:00:00:17:4F:9F
09-21 23:39:05.690   768  3174 I vendor.qti.bluetooth@1.0-ibs_handler: ProcessIbsCmd: Received IBS_SLEEP_IND: 0xFE
09-21 23:39:05.690   768  3174 D vendor.qti.bluetooth@1.0-ibs_handler: SerialClockVote: vote for UART CLK OFF
09-21 23:39:05.841   768  2923 D vendor.qti.bluetooth@1.0-wake_lock: Release wakelock is released 
09-21 23:39:06.042  5532  5979 V h       : flags=106
09-21 23:39:06.043  2257  2257 D StatusBar: onNotificationPosted key=0|com.github.kr328.clash.foss|2131296550|null|10641 isUpdate=true
09-21 23:39:06.043  5532  5979 V h       : ret=0
09-21 23:39:06.044  2257  2257 D StatusBar: updateNotification old=StatusBarNotification(pkg=com.github.kr328.clash.foss user=UserHandle{0} id=2131296550 tag=null key=0|com.github.kr328.clash.foss|2131296550|null|10641: Notification(channel=clash_status_channel pri=0 contentView=null vibrate=null sound=null defaults=0x0 flags=0x6a color=0xff1e4376 vis=PRIVATE))
09-21 23:39:06.044  2257  2257 D StatusBar:     pkgName=com.github.kr328.clash.foss appUid=10641 sdk=30 imp=2 sysApp=F priApp=F hasShown=F float=F keyguard=F peek=F fullscreen=F
09-21 23:39:06.044  2257  2257 D StatusBar:     showMiuiAction=F enableFloat=T enableKeyguard=T floatTime=5000 messageCount=1 persistent=F customHeight=F
09-21 23:39:06.060  2257  2257 D StatusBar: No peeking: unimportant notification: 0|com.github.kr328.clash.foss|2131296550|null|10641
