09-21 23:38:21.110 25358 25379 D BluetoothLeScanner: onScannerRegistered() - status=0 scannerId=5 mScannerId=0
09-21 23:38:21.111  2237 23643 D BtGatt.GattService: start scan with filters. callingPackage: com.xiaomi.bluetooth
09-21 23:38:21.113  2237 23643 E BtGatt.GattService:  [Landroid.content.pm.ServiceInfo;@4bbd7b4
09-21 23:38:21.114  2237 23643 D BluetoothUtils: blockedByLocationOff callingUid=1002
09-21 23:38:21.115  2237 23643 I BluetoothUtils: packagename is android.uid.bluetooth:1002 ,and its permission is false
09-21 23:38:21.116  2237  2913 I BtGatt.ScanManager: msg.what = 0
09-21 23:38:21.116  2237  2913 D BtGatt.ScanManager: handling starting scan
09-21 23:38:21.117  2237  2913 D BtGatt.ScanManager: isAptXLowLatencyModeEnabled: false
09-21 23:38:21.119  2237  2370 D BtGatt.GattService: onScanFilterEnableDisabled() - clientIf=5, status=0, action=1
09-21 23:38:21.119  2237  2370 D BtGatt.ScanManager: callback done for scannerId - 5 status - 0
09-21 23:38:21.119  2237  2913 D BtGatt.ScanManager: Available Filter size: 13
09-21 23:38:21.120  2237  2370 D BtGatt.GattService: onScanFilterConfig() - clientIf=5, action = 0 status = 0, filterType=0, availableSpace=0
09-21 23:38:21.120  2237  2370 D BtGatt.ScanManager: callback done for scannerId - 5 status - 0
09-21 23:38:21.120  2237  2913 D BtGatt.ScanManager: configureFilterParamter 500 10000 1 0, deliveryMode=0
09-21 23:38:21.122  2237  2370 D BtGatt.GattService: onScanFilterParamsConfigured() - clientIf=5, status=0, action=0, availableSpace=15
09-21 23:38:21.122  2237  2370 D BtGatt.ScanManager: callback done for scannerId - 5 status - 0
09-21 23:38:21.123  2237  2370 D BtGatt.GattService: onScanFilterConfig() - clientIf=5, action = 0 status = 0, filterType=0, availableSpace=0
09-21 23:38:21.123  2237  2370 D BtGatt.ScanManager: callback done for scannerId - 5 status - 0
09-21 23:38:21.123  2237  2913 D BtGatt.ScanManager: configureFilterParamter 500 10000 1 0, deliveryMode=0
09-21 23:38:21.125  2237  2370 D BtGatt.GattService: onScanFilterParamsConfigured() - clientIf=5, status=0, action=0, availableSpace=14
09-21 23:38:21.125  2237  2370 D BtGatt.ScanManager: callback done for scannerId - 5 status - 0
09-21 23:38:21.126  2237  2370 D BtGatt.GattService: onScanFilterConfig() - clientIf=5, action = 0 status = 0, filterType=0, availableSpace=0
09-21 23:38:21.126  2237  2370 D BtGatt.ScanManager: callback done for scannerId - 5 status - 0
09-21 23:38:21.127  2237  2913 D BtGatt.ScanManager: configureFilterParamter 500 10000 1 0, deliveryMode=0
09-21 23:38:21.129  2237  2370 D BtGatt.GattService: onScanFilterParamsConfigured() - clientIf=5, status=0, action=0, availableSpace=13
09-21 23:38:21.129  2237  2370 D BtGatt.ScanManager: callback done for scannerId - 5 status - 0
09-21 23:38:21.129  2237  2370 D BtGatt.GattService: onScanFilterConfig() - clientIf=5, action = 0 status = 0, filterType=0, availableSpace=0
09-21 23:38:21.129  2237  2370 D BtGatt.ScanManager: callback done for scannerId - 5 status - 0
09-21 23:38:21.129  2237  2913 D BtGatt.ScanManager: configureFilterParamter 500 10000 1 0, deliveryMode=0
09-21 23:38:21.131  2237  2370 D BtGatt.GattService: onScanFilterParamsConfigured() - clientIf=5, status=0, action=0, availableSpace=12
09-21 23:38:21.131  2237  2370 D BtGatt.ScanManager: callback done for scannerId - 5 status - 0
09-21 23:38:21.132  2237  2370 D BtGatt.GattService: onScanFilterConfig() - clientIf=5, action = 0 status = 0, filterType=0, availableSpace=0
09-21 23:38:21.132  2237  2370 D BtGatt.ScanManager: callback done for scannerId - 5 status - 0
09-21 23:38:21.132  2237  2913 D BtGatt.ScanManager: configureFilterParamter 500 10000 1 0, deliveryMode=0
09-21 23:38:21.134  2237  2370 D BtGatt.GattService: onScanFilterParamsConfigured() - clientIf=5, status=0, action=0, availableSpace=11
09-21 23:38:21.134  2237  2370 D BtGatt.ScanManager: callback done for scannerId - 5 status - 0
09-21 23:38:21.134  2237  2913 D BtGatt.ScanManager: configureRegularScanParams() - queue=1
09-21 23:38:21.134  2237  2913 D BtGatt.ScanManager: configureRegularScanParams() - ScanSetting LE 1M Scan mode=0ScanSetting LE Coded Scan mode=0 mLastConfiguredScanSettingLE1M=-2147483648 mLastConfiguredScanSettingLECoded=-2147483648scanPhy=255
09-21 23:38:21.136  2237  2913 D BtGatt.ScanManager: configureRegularScanParams - scanInterval LE 1M = 1200configureRegularScanParams - scanWindow LE 1M= 80configureRegularScanParams - scanInterval LE Coded= 1200configureRegularScanParams - scanWindow LE Coded= 80
09-21 23:38:21.136  2237  2370 D BtGatt.GattService: onScanParamSetupCompleted : 0
09-21 23:38:21.153  2009  2162 D NtpTrustedTime: currentTimeMillis() cache hit
09-21 23:38:21.154  2009  2162 D NtpTrustedTime: currentTimeMillis() cache hit
09-21 23:38:21.181   768  3174 I vendor.qti.bluetooth@1.0-ibs_handler: ProcessIbsCmd: Received IBS_SLEEP_IND: 0xFE
09-21 23:38:22.015  2257  2257 D StatusBar: onNotificationPosted key=0|com.github.kr328.clash.foss|2131296550|null|10641 isUpdate=true
09-21 23:38:22.016  2257  2257 D StatusBar: updateNotification old=StatusBarNotification(pkg=com.github.kr328.clash.foss user=UserHandle{0} id=2131296550 tag=null key=0|com.github.kr328.clash.foss|2131296550|null|10641: Notification(channel=clash_status_channel pri=0 contentView=null vibrate=null sound=null defaults=0x0 flags=0x6a color=0xff1e4376 vis=PRIVATE))
09-21 23:38:22.016  2257  2257 D StatusBar:     pkgName=com.github.kr328.clash.foss appUid=10641 sdk=30 imp=2 sysApp=F priApp=F hasShown=F float=F keyguard=F peek=F fullscreen=F
09-21 23:38:22.016  2257  2257 D StatusBar:     showMiuiAction=F enableFloat=T enableKeyguard=T floatTime=5000 messageCount=1 persistent=F customHeight=F
09-21 23:38:22.016  5532  5979 V h       : flags=106
09-21 23:38:22.017  5532  5979 V h       : ret=0
09-21 23:38:22.026  2257  2257 D StatusBar: No peeking: unimportant notification: 0|com.github.kr328.clash.foss|2131296550|null|10641
09-21 23:38:22.026  2257  2257 D StatusBar: updateHeadsUp wasHeadsUp=false shouldPeek=false alertAgain=true
09-21 23:38:22.140   768  3180 I vendor.qti.bluetooth@1.0-ibs_handler: DeviceSleep: TX Awake, Sending SLEEP_IND
09-21 23:38:22.140   768  3180 D vendor.qti.bluetooth@1.0-ibs_handler: SerialClockVote: vote for UART CLK OFF
09-21 23:38:22.301   768  2923 D vendor.qti.bluetooth@1.0-wake_lock: Release wakelock is released 
09-21 23:38:23.016  5532  5979 V h       : flags=106
09-21 23:38:23.017  5532  5979 V h       : ret=0
09-21 23:38:23.017  2257  2257 D StatusBar: onNotificationPosted key=0|com.github.kr328.clash.foss|2131296550|null|10641 isUpdate=true
09-21 23:38:23.018  2257  2257 D StatusBar: updateNotification old=StatusBarNotification(pkg=com.github.kr328.clash.foss user=UserHandle{0} id=2131296550 tag=null key=0|com.github.kr328.clash.foss|2131296550|null|10641: Notification(channel=clash_status_channel pri=0 contentView=null vibrate=null sound=null defaults=0x0 flags=0x6a color=0xff1e4376 vis=PRIVATE))
09-21 23:38:23.018  2257  2257 D StatusBar:     pkgName=com.github.kr328.clash.foss appUid=10641 sdk=30 imp=2 sysApp=F priApp=F hasShown=F float=F keyguard=F peek=F fullscreen=F
09-21 23:38:23.018  2257  2257 D StatusBar:     showMiuiAction=F enableFloat=T enableKeyguard=T floatTime=5000 messageCount=1 persistent=F customHeight=F
09-21 23:38:23.032  2257  2257 D StatusBar: No peeking: unimportant notification: 0|com.github.kr328.clash.foss|2131296550|null|10641
09-21 23:38:23.032  2257  2257 D StatusBar: updateHeadsUp wasHeadsUp=false shouldPeek=false alertAgain=true
09-21 23:38:23.682   768  3174 I vendor.qti.bluetooth@1.0-ibs_handler: ProcessIbsCmd: Received IBS_WAKE_IND: 0xFD
09-21 23:38:23.682   768  3174 D vendor.qti.bluetooth@1.0-ibs_handler: SerialClockVote: vote for UART CLK ON
09-21 23:38:23.682   768  3174 D vendor.qti.bluetooth@1.0-wake_lock: Acquire wakelock is acquired 
09-21 23:38:23.682   768  3174 I vendor.qti.bluetooth@1.0-ibs_handler: ProcessIbsCmd: Writing IBS_WAKE_ACK
09-21 23:38:23.684  2237  3177 V bt_stack: [VERBOSE1:btm_ble_gap.cc(1923)] btm_ble_process_ext_adv_pkt: bda=1c:ea:ac:7f:4f:13
09-21 23:38:23.684  2237  3177 V bt_stack: [VERBOSE1:btm_ble_gap.cc(1847)] btm_ble_process_adv_addr: bda=1c:ea:ac:7f:4f:13
09-21 23:38:23.684  2237  3177 V bt_stack: [VERBOSE1:btm_ble_gap.cc(2052)]  Waiting for scan response 1c:ea:ac:7f:4f:13
09-21 23:38:23.684  2237  3177 V bt_stack: [VERBOSE1:btm_ble_gap.cc(1923)] btm_ble_process_ext_adv_pkt: bda=1c:ea:ac:7f:4f:13
09-21 23:38:23.684  2237  3177 V bt_stack: [VERBOSE1:btm_ble_gap.cc(1847)] btm_ble_process_adv_addr: bda=1c:ea:ac:7f:4f:13
09-21 23:38:23.685  2237  2370 D BluetoothUtils: blockedByLocationOff callingUid=1002
09-21 23:38:23.686  2237  2370 I BluetoothUtils: packagename is android.uid.bluetooth:1002 ,and its permission is false
09-21 23:38:23.689 25358 25428 D MiuiMiHomeConnectController: result.getRssi = -9200:00:00:7F:4F:13
09-21 23:38:23.724   768  3174 I vendor.qti.bluetooth@1.0-ibs_handler: ProcessIbsCmd: Received IBS_SLEEP_IND: 0xFE
09-21 23:38:23.724   768  3174 D vendor.qti.bluetooth@1.0-ibs_handler: SerialClockVote: vote for UART CLK OFF
09-21 23:38:23.874   768  2923 D vendor.qti.bluetooth@1.0-wake_lock: Release wakelock is released 
09-21 23:38:24.018  2257  2257 D StatusBar: onNotificationPosted key=0|com.github.kr328.clash.foss|2131296550|null|10641 isUpdate=true
09-21 23:38:24.019  5532  5979 V h       : flags=106
09-21 23:38:24.019  2257  2257 D StatusBar: updateNotification old=StatusBarNotification(pkg=com.github.kr328.clash.foss user=UserHandle{0} id=2131296550 tag=null key=0|com.github.kr328.clash.foss|2131296550|null|10641: Notification(channel=clash_status_channel pri=0 contentView=null vibrate=null sound=null defaults=0x0 flags=0x6a color=0xff1e4376 vis=PRIVATE))
09-21 23:38:24.019  2257  2257 D StatusBar:     pkgName=com.github.kr328.clash.foss appUid=10641 sdk=30 imp=2 sysApp=F priApp=F hasShown=F float=F keyguard=F peek=F fullscreen=F
09-21 23:38:24.019  2257  2257 D StatusBar:     showMiuiAction=F enableFloat=T enableKeyguard=T floatTime=5000 messageCount=1 persistent=F customHeight=F
09-21 23:38:24.019  5532  5979 V h       : ret=0
09-21 23:38:24.047  2257  2257 D StatusBar: No peeking: unimportant notification: 0|com.github.kr328.clash.foss|2131296550|null|10641
09-21 23:38:24.048  2257  2257 D StatusBar: updateHeadsUp wasHeadsUp=false shouldPeek=false alertAgain=true
09-21 23:38:25.018  2257  2257 D StatusBar: onNotificationPosted key=0|com.github.kr328.clash.foss|2131296550|null|10641 isUpdate=true
09-21 23:38:25.018  2257  2257 D StatusBar: updateNotification old=StatusBarNotification(pkg=com.github.kr328.clash.foss user=UserHandle{0} id=2131296550 tag=null key=0|com.github.kr328.clash.foss|2131296550|null|10641: Notification(channel=clash_status_channel pri=0 contentView=null vibrate=null sound=null defaults=0x0 flags=0x6a color=0xff1e4376 vis=PRIVATE))
09-21 23:38:25.018  2257  2257 D StatusBar:     pkgName=com.github.kr328.clash.foss appUid=10641 sdk=30 imp=2 sysApp=F priApp=F hasShown=F float=F keyguard=F peek=F fullscreen=F
09-21 23:38:25.018  2257  2257 D StatusBar:     showMiuiAction=F enableFloat=T enableKeyguard=T floatTime=5000 messageCount=1 persistent=F customHeight=F
09-21 23:38:25.019  5532  5979 V h       : flags=106
09-21 23:38:25.019  5532  5979 V h       : ret=0
09-21 23:38:25.032  2257  2257 D StatusBar: No peeking: unimportant notification: 0|com.github.kr328.clash.foss|2131296550|null|10641
09-21 23:38:25.032  2257  2257 D StatusBar: updateHeadsUp wasHeadsUp=false shouldPeek=false alertAgain=true
09-21 23:38:25.787  2009  2549 D MessageMonitor: Dump Looper message took 1ms
09-21 23:38:26.018  2257  2257 D StatusBar: onNotificationPosted key=0|com.github.kr328.clash.foss|2131296550|null|10641 isUpdate=true
09-21 23:38:26.020  2257  2257 D StatusBar: updateNotification old=StatusBarNotification(pkg=com.github.kr328.clash.foss user=UserHandle{0} id=2131296550 tag=null key=0|com.github.kr328.clash.foss|2131296550|null|10641: Notification(channel=clash_status_channel pri=0 contentView=null vibrate=null sound=null defaults=0x0 flags=0x6a color=0xff1e4376 vis=PRIVATE))
09-21 23:38:26.020  2257  2257 D StatusBar:     pkgName=com.github.kr328.clash.foss appUid=10641 sdk=30 imp=2 sysApp=F priApp=F hasShown=F float=F keyguard=F peek=F fullscreen=F
09-21 23:38:26.020  2257  2257 D StatusBar:     showMiuiAction=F enableFloat=T enableKeyguard=T floatTime=5000 messageCount=1 persistent=F customHeight=F
09-21 23:38:26.024  5532  5979 V h       : flags=106
09-21 23:38:26.025  5532  5979 V h       : ret=0
09-21 23:38:26.034  2257  2257 D StatusBar: No peeking: unimportant notification: 0|com.github.kr328.clash.foss|2131296550|null|10641
09-21 23:38:26.034  2257  2257 D StatusBar: updateHeadsUp wasHeadsUp=false shouldPeek=false alertAgain=true
09-21 23:38:26.377  2257  2257 D KeyguardUpdateMonitor: received broadcast android.intent.action.BATTERY_CHANGED
09-21 23:38:26.378  5044  5044 D NfcService: Received android.intent.action.BATTERY_CHANGED
09-21 23:38:26.378  5532  5532 I BatteryInfoReceiver: ACTION_BATTERY_CHANGED
09-21 23:38:26.379  5532  5532 I PowerSaveService: onReceive: android.intent.action.BATTERY_CHANGED
09-21 23:38:26.379 17734 17763 D PowerKeeper.FrozenApp: onBatteryChanged plug=true mBatteryPlugged=2
09-21 23:38:26.380 17734 17773 D PowerCheckerService: onBatteryChanged, mBatteryLevel = 57, status = 2, level = 57, plug = 2, scale = 100
09-21 23:38:26.380  5532  5532 I PowerNoticeUI: handleBatteryChanged oldPlugType 2 mPlugType 2 oldBatteryLevel 57 mBatteryLevel 57 temperature 357
09-21 23:38:27.017  2257  2257 D StatusBar: onNotificationPosted key=0|com.github.kr328.clash.foss|2131296550|null|10641 isUpdate=true
09-21 23:38:27.018  2257  2257 D StatusBar: updateNotification old=StatusBarNotification(pkg=com.github.kr328.clash.foss user=UserHandle{0} id=2131296550 tag=null key=0|com.github.kr328.clash.foss|2131296550|null|10641: Notification(channel=clash_status_channel pri=0 contentView=null vibrate=null sound=null defaults=0x0 flags=0x6a color=0xff1e4376 vis=PRIVATE))
09-21 23:38:27.018  2257  2257 D StatusBar:     pkgName=com.github.kr328.clash.foss appUid=10641 sdk=30 imp=2 sysApp=F priApp=F hasShown=F float=F keyguard=F peek=F fullscreen=F
09-21 23:38:27.018  2257  2257 D StatusBar:     showMiuiAction=F enableFloat=T enableKeyguard=T floatTime=5000 messageCount=1 persistent=F customHeight=F
09-21 23:38:27.022  5532  5979 V h       : flags=106
09-21 23:38:27.023  5532  5979 V h       : ret=0
09-21 23:38:27.037  2257  2257 D StatusBar: No peeking: unimportant notification: 0|com.github.kr328.clash.foss|2131296550|null|10641
09-21 23:38:27.037  2257  2257 D StatusBar: updateHeadsUp wasHeadsUp=false shouldPeek=false alertAgain=true
09-21 23:38:27.406  2009  2162 D NtpTrustedTime: currentTimeMillis() cache hit
09-21 23:38:27.408  2009  2162 D NtpTrustedTime: currentTimeMillis() cache hit
09-21 23:38:27.660  2009  2021 I system_server: Background concurrent copying GC freed 262207(23MB) AllocSpace objects, 57(1000KB) LOS objects, 22% free, 80MB/104MB, paused 82us total 252.922ms
09-21 23:38:28.019  2257  2257 D StatusBar: onNotificationPosted key=0|com.github.kr328.clash.foss|2131296550|null|10641 isUpdate=true
09-21 23:38:28.019  5532  5979 V h       : flags=106
09-21 23:38:28.019  2257  2257 D StatusBar: updateNotification old=StatusBarNotification(pkg=com.github.kr328.clash.foss user=UserHandle{0} id=2131296550 tag=null key=0|com.github.kr328.clash.foss|2131296550|null|10641: Notification(channel=clash_status_channel pri=0 contentView=null vibrate=null sound=null defaults=0x0 flags=0x6a color=0xff1e4376 vis=PRIVATE))
09-21 23:38:28.019  2257  2257 D StatusBar:     pkgName=com.github.kr328.clash.foss appUid=10641 sdk=30 imp=2 sysApp=F priApp=F hasShown=F float=F keyguard=F peek=F fullscreen=F
09-21 23:38:28.019  2257  2257 D StatusBar:     showMiuiAction=F enableFloat=T enableKeyguard=T floatTime=5000 messageCount=1 persistent=F customHeight=F
09-21 23:38:28.019  5532  5979 V h       : ret=0
09-21 23:38:28.040  2257  2257 D StatusBar: No peeking: unimportant notification: 0|com.github.kr328.clash.foss|2131296550|null|10641
09-21 23:38:28.040  2257  2257 D StatusBar: updateHeadsUp wasHeadsUp=false shouldPeek=false alertAgain=true
09-21 23:38:28.553   768  3174 I vendor.qti.bluetooth@1.0-ibs_handler: ProcessIbsCmd: Received IBS_WAKE_IND: 0xFD
09-21 23:38:28.554   768  3174 D vendor.qti.bluetooth@1.0-ibs_handler: SerialClockVote: vote for UART CLK ON
09-21 23:38:28.554   768  3174 D vendor.qti.bluetooth@1.0-wake_lock: Acquire wakelock is acquired 
09-21 23:38:28.554   768  3174 I vendor.qti.bluetooth@1.0-ibs_handler: ProcessIbsCmd: Writing IBS_WAKE_ACK
09-21 23:38:28.556  2237  3177 V bt_stack: [VERBOSE1:btm_ble_gap.cc(1923)] btm_ble_process_ext_adv_pkt: bda=1c:ea:ac:7f:4f:13
09-21 23:38:28.556  2237  3177 V bt_stack: [VERBOSE1:btm_ble_gap.cc(1847)] btm_ble_process_adv_addr: bda=1c:ea:ac:7f:4f:13
09-21 23:38:28.556  2237  3177 V bt_stack: [VERBOSE1:btm_ble_gap.cc(2052)]  Waiting for scan response 1c:ea:ac:7f:4f:13
09-21 23:38:28.556  2237  3177 V bt_stack: [VERBOSE1:btm_ble_gap.cc(1923)] btm_ble_process_ext_adv_pkt: bda=1c:ea:ac:7f:4f:13
09-21 23:38:28.556  2237  3177 V bt_stack: [VERBOSE1:btm_ble_gap.cc(1847)] btm_ble_process_adv_addr: bda=1c:ea:ac:7f:4f:13
09-21 23:38:28.557  2237  2370 D BluetoothUtils: blockedByLocationOff callingUid=1002
09-21 23:38:28.558  2237  2370 I BluetoothUtils: packagename is android.uid.bluetooth:1002 ,and its permission is false
09-21 23:38:28.561 25358 25428 D MiuiMiHomeConnectController: result.getRssi = -8800:00:00:7F:4F:13
09-21 23:38:28.596   768  3174 I vendor.qti.bluetooth@1.0-ibs_handler: ProcessIbsCmd: Received IBS_SLEEP_IND: 0xFE
09-21 23:38:28.596   768  3174 D vendor.qti.bluetooth@1.0-ibs_handler: SerialClockVote: vote for UART CLK OFF
09-21 23:38:28.746   768  2923 D vendor.qti.bluetooth@1.0-wake_lock: Release wakelock is released 
09-21 23:38:29.017  5532  5979 V h       : flags=106
09-21 23:38:29.018  5532  5979 V h       : ret=0
09-21 23:38:29.018  2257  2257 D StatusBar: onNotificationPosted key=0|com.github.kr328.clash.foss|2131296550|null|10641 isUpdate=true
09-21 23:38:29.019  2257  2257 D StatusBar: updateNotification old=StatusBarNotification(pkg=com.github.kr328.clash.foss user=UserHandle{0} id=2131296550 tag=null key=0|com.github.kr328.clash.foss|2131296550|null|10641: Notification(channel=clash_status_channel pri=0 contentView=null vibrate=null sound=null defaults=0x0 flags=0x6a color=0xff1e4376 vis=PRIVATE))
09-21 23:38:29.019  2257  2257 D StatusBar:     pkgName=com.github.kr328.clash.foss appUid=10641 sdk=30 imp=2 sysApp=F priApp=F hasShown=F float=F keyguard=F peek=F fullscreen=F
09-21 23:38:29.019  2257  2257 D StatusBar:     showMiuiAction=F enableFloat=T enableKeyguard=T floatTime=5000 messageCount=1 persistent=F customHeight=F
09-21 23:38:29.044  2257  2257 D StatusBar: No peeking: unimportant notification: 0|com.github.kr328.clash.foss|2131296550|null|10641
09-21 23:38:29.044  2257  2257 D StatusBar: updateHeadsUp wasHeadsUp=false shouldPeek=false alertAgain=true
09-21 23:38:29.673   768  3174 I vendor.qti.bluetooth@1.0-ibs_handler: ProcessIbsCmd: Received IBS_WAKE_IND: 0xFD
09-21 23:38:29.673   768  3174 D vendor.qti.bluetooth@1.0-ibs_handler: SerialClockVote: vote for UART CLK ON
09-21 23:38:29.674   768  3174 D vendor.qti.bluetooth@1.0-wake_lock: Acquire wakelock is acquired 
09-21 23:38:29.674   768  3174 I vendor.qti.bluetooth@1.0-ibs_handler: ProcessIbsCmd: Writing IBS_WAKE_ACK
09-21 23:38:29.675  2237  3177 V bt_stack: [VERBOSE1:btm_ble_gap.cc(1923)] btm_ble_process_ext_adv_pkt: bda=34:fa:1c:17:4f:9f
09-21 23:38:29.675  2237  3177 V bt_stack: [VERBOSE1:btm_ble_gap.cc(1847)] btm_ble_process_adv_addr: bda=34:fa:1c:17:4f:9f
09-21 23:38:29.675  2237  3177 V bt_stack: [VERBOSE1:btm_ble_gap.cc(2052)]  Waiting for scan response 34:fa:1c:17:4f:9f
09-21 23:38:29.675  2237  3177 V bt_stack: [VERBOSE1:btm_ble_gap.cc(1923)] btm_ble_process_ext_adv_pkt: bda=34:fa:1c:17:4f:9f
09-21 23:38:29.675  2237  3177 V bt_stack: [VERBOSE1:btm_ble_gap.cc(1847)] btm_ble_process_adv_addr: bda=34:fa:1c:17:4f:9f
09-21 23:38:29.676  2237  2370 D BluetoothUtils: blockedByLocationOff callingUid=1002
09-21 23:38:29.677  2237  2370 I BluetoothUtils: packagename is android.uid.bluetooth:1002 ,and its permission is false
09-21 23:38:29.680 25358 25428 D MiuiMiHomeConnectController: result.getRssi = -9100:00:00:17:4F:9F
09-21 23:38:29.715   768  3174 I vendor.qti.bluetooth@1.0-ibs_handler: ProcessIbsCmd: Received IBS_SLEEP_IND: 0xFE
09-21 23:38:29.715   768  3174 D vendor.qti.bluetooth@1.0-ibs_handler: SerialClockVote: vote for UART CLK OFF
09-21 23:38:29.866   768  2923 D vendor.qti.bluetooth@1.0-wake_lock: Release wakelock is released 
09-21 23:38:30.019  2257  2257 D StatusBar: onNotificationPosted key=0|com.github.kr328.clash.foss|2131296550|null|10641 isUpdate=true
09-21 23:38:30.019  5532  5979 V h       : flags=106
09-21 23:38:30.020  2257  2257 D StatusBar: updateNotification old=StatusBarNotification(pkg=com.github.kr328.clash.foss user=UserHandle{0} id=2131296550 tag=null key=0|com.github.kr328.clash.foss|2131296550|null|10641: Notification(channel=clash_status_channel pri=0 contentView=null vibrate=null sound=null defaults=0x0 flags=0x6a color=0xff1e4376 vis=PRIVATE))
09-21 23:38:30.020  2257  2257 D StatusBar:     pkgName=com.github.kr328.clash.foss appUid=10641 sdk=30 imp=2 sysApp=F priApp=F hasShown=F float=F keyguard=F peek=F fullscreen=F
09-21 23:38:30.020  2257  2257 D StatusBar:     showMiuiAction=F enableFloat=T enableKeyguard=T floatTime=5000 messageCount=1 persistent=F customHeight=F
09-21 23:38:30.020  5532  5979 V h       : ret=0
09-21 23:38:30.045  2257  2257 D StatusBar: No peeking: unimportant notification: 0|com.github.kr328.clash.foss|2131296550|null|10641
09-21 23:38:30.045  2257  2257 D StatusBar: updateHeadsUp wasHeadsUp=false shouldPeek=false alertAgain=true
09-21 23:38:31.021  2257  2257 D StatusBar: onNotificationPosted key=0|com.github.kr328.clash.foss|2131296550|null|10641 isUpdate=true
09-21 23:38:31.022  5532  5979 V h       : flags=106
09-21 23:38:31.022  2257  2257 D StatusBar: updateNotification old=StatusBarNotification(pkg=com.github.kr328.clash.foss user=UserHandle{0} id=2131296550 tag=null key=0|com.github.kr328.clash.foss|2131296550|null|10641: Notification(channel=clash_status_channel pri=0 contentView=null vibrate=null sound=null defaults=0x0 flags=0x6a color=0xff1e4376 vis=PRIVATE))
09-21 23:38:31.022  2257  2257 D StatusBar:     pkgName=com.github.kr328.clash.foss appUid=10641 sdk=30 imp=2 sysApp=F priApp=F hasShown=F float=F keyguard=F peek=F fullscreen=F
09-21 23:38:31.022  2257  2257 D StatusBar:     showMiuiAction=F enableFloat=T enableKeyguard=T floatTime=5000 messageCount=1 persistent=F customHeight=F
09-21 23:38:31.023  5532  5979 V h       : ret=0
09-21 23:38:31.046  2257  2257 D StatusBar: No peeking: unimportant notification: 0|com.github.kr328.clash.foss|2131296550|null|10641
09-21 23:38:31.047  2257  2257 D StatusBar: updateHeadsUp wasHeadsUp=false shouldPeek=false alertAgain=true
09-21 23:38:32.020  2257  2257 D StatusBar: onNotificationPosted key=0|com.github.kr328.clash.foss|2131296550|null|10641 isUpdate=true
09-21 23:38:32.021  2257  2257 D StatusBar: updateNotification old=StatusBarNotification(pkg=com.github.kr328.clash.foss user=UserHandle{0} id=2131296550 tag=null key=0|com.github.kr328.clash.foss|2131296550|null|10641: Notification(channel=clash_status_channel pri=0 contentView=null vibrate=null sound=null defaults=0x0 flags=0x6a color=0xff1e4376 vis=PRIVATE))
09-21 23:38:32.021  2257  2257 D StatusBar:     pkgName=com.github.kr328.clash.foss appUid=10641 sdk=30 imp=2 sysApp=F priApp=F hasShown=F float=F keyguard=F peek=F fullscreen=F
09-21 23:38:32.021  2257  2257 D StatusBar:     showMiuiAction=F enableFloat=T enableKeyguard=T floatTime=5000 messageCount=1 persistent=F customHeight=F
09-21 23:38:32.021  5532  5979 V h       : flags=106
09-21 23:38:32.022  5532  5979 V h       : ret=0
09-21 23:38:32.042  2257  2257 D StatusBar: No peeking: unimportant notification: 0|com.github.kr328.clash.foss|2131296550|null|10641
09-21 23:38:32.042  2257  2257 D StatusBar: updateHeadsUp wasHeadsUp=false shouldPeek=false alertAgain=true
09-21 23:38:33.022  2257  2257 D StatusBar: onNotificationPosted key=0|com.github.kr328.clash.foss|2131296550|null|10641 isUpdate=true
09-21 23:38:33.023  5532  5979 V h       : flags=106
09-21 23:38:33.023  2257  2257 D StatusBar: updateNotification old=StatusBarNotification(pkg=com.github.kr328.clash.foss user=UserHandle{0} id=2131296550 tag=null key=0|com.github.kr328.clash.foss|2131296550|null|10641: Notification(channel=clash_status_channel pri=0 contentView=null vibrate=null sound=null defaults=0x0 flags=0x6a color=0xff1e4376 vis=PRIVATE))
09-21 23:38:33.023  2257  2257 D StatusBar:     pkgName=com.github.kr328.clash.foss appUid=10641 sdk=30 imp=2 sysApp=F priApp=F hasShown=F float=F keyguard=F peek=F fullscreen=F
09-21 23:38:33.023  2257  2257 D StatusBar:     showMiuiAction=F enableFloat=T enableKeyguard=T floatTime=5000 messageCount=1 persistent=F customHeight=F
09-21 23:38:33.024  5532  5979 V h       : ret=0
09-21 23:38:33.049  2257  2257 D StatusBar: No peeking: unimportant notification: 0|com.github.kr328.clash.foss|2131296550|null|10641
09-21 23:38:33.049  2257  2257 D StatusBar: updateHeadsUp wasHeadsUp=false shouldPeek=false alertAgain=true
09-21 23:38:33.342   768  3174 I vendor.qti.bluetooth@1.0-ibs_handler: ProcessIbsCmd: Received IBS_WAKE_IND: 0xFD
09-21 23:38:33.342   768  3174 D vendor.qti.bluetooth@1.0-ibs_handler: SerialClockVote: vote for UART CLK ON
09-21 23:38:33.343   768  3174 D vendor.qti.bluetooth@1.0-wake_lock: Acquire wakelock is acquired 
09-21 23:38:33.343   768  3174 I vendor.qti.bluetooth@1.0-ibs_handler: ProcessIbsCmd: Writing IBS_WAKE_ACK
09-21 23:38:33.344  2237  3177 V bt_stack: [VERBOSE1:btm_ble_gap.cc(1923)] btm_ble_process_ext_adv_pkt: bda=34:fa:1c:17:4f:9f
09-21 23:38:33.344  2237  3177 V bt_stack: [VERBOSE1:btm_ble_gap.cc(1847)] btm_ble_process_adv_addr: bda=34:fa:1c:17:4f:9f
09-21 23:38:33.344  2237  3177 V bt_stack: [VERBOSE1:btm_ble_gap.cc(2052)]  Waiting for scan response 34:fa:1c:17:4f:9f
09-21 23:38:33.344  2237  3177 V bt_stack: [VERBOSE1:btm_ble_gap.cc(1923)] btm_ble_process_ext_adv_pkt: bda=34:fa:1c:17:4f:9f
09-21 23:38:33.344  2237  3177 V bt_stack: [VERBOSE1:btm_ble_gap.cc(1847)] btm_ble_process_adv_addr: bda=34:fa:1c:17:4f:9f
09-21 23:38:33.345  2237  2370 D BluetoothUtils: blockedByLocationOff callingUid=1002
09-21 23:38:33.346  2237  2370 I BluetoothUtils: packagename is android.uid.bluetooth:1002 ,and its permission is false
09-21 23:38:33.349 25358 25428 D MiuiMiHomeConnectController: result.getRssi = -9000:00:00:17:4F:9F
09-21 23:38:33.384   768  3174 I vendor.qti.bluetooth@1.0-ibs_handler: ProcessIbsCmd: Received IBS_SLEEP_IND: 0xFE
09-21 23:38:33.384   768  3174 D vendor.qti.bluetooth@1.0-ibs_handler: SerialClockVote: vote for UART CLK OFF
09-21 23:38:33.534   768  2923 D vendor.qti.bluetooth@1.0-wake_lock: Release wakelock is released 
09-21 23:38:34.023  2257  2257 D StatusBar: onNotificationPosted key=0|com.github.kr328.clash.foss|2131296550|null|10641 isUpdate=true
09-21 23:38:34.024  2257  2257 D StatusBar: updateNotification old=StatusBarNotification(pkg=com.github.kr328.clash.foss user=UserHandle{0} id=2131296550 tag=null key=0|com.github.kr328.clash.foss|2131296550|null|10641: Notification(channel=clash_status_channel pri=0 contentView=null vibrate=null sound=null defaults=0x0 flags=0x6a color=0xff1e4376 vis=PRIVATE))
09-21 23:38:34.024  2257  2257 D StatusBar:     pkgName=com.github.kr328.clash.foss appUid=10641 sdk=30 imp=2 sysApp=F priApp=F hasShown=F float=F keyguard=F peek=F fullscreen=F
09-21 23:38:34.024  2257  2257 D StatusBar:     showMiuiAction=F enableFloat=T enableKeyguard=T floatTime=5000 messageCount=1 persistent=F customHeight=F
09-21 23:38:34.025  5532  5979 V h       : flags=106
09-21 23:38:34.026  5532  5979 V h       : ret=0
09-21 23:38:34.052  2257  2257 D StatusBar: No peeking: unimportant notification: 0|com.github.kr328.clash.foss|2131296550|null|10641
09-21 23:38:34.052  2257  2257 D StatusBar: updateHeadsUp wasHeadsUp=false shouldPeek=false alertAgain=true
09-21 23:38:34.919  2009  5063 D MessageMonitor: Dump Looper message took 0ms
09-21 23:38:35.024  5532  5979 V h       : flags=106
09-21 23:38:35.023  2257  2257 D StatusBar: onNotificationPosted key=0|com.github.kr328.clash.foss|2131296550|null|10641 isUpdate=true
09-21 23:38:35.025  2257  2257 D StatusBar: updateNotification old=StatusBarNotification(pkg=com.github.kr328.clash.foss user=UserHandle{0} id=2131296550 tag=null key=0|com.github.kr328.clash.foss|2131296550|null|10641: Notification(channel=clash_status_channel pri=0 contentView=null vibrate=null sound=null defaults=0x0 flags=0x6a color=0xff1e4376 vis=PRIVATE))
09-21 23:38:35.025  2257  2257 D StatusBar:     pkgName=com.github.kr328.clash.foss appUid=10641 sdk=30 imp=2 sysApp=F priApp=F hasShown=F float=F keyguard=F peek=F fullscreen=F
09-21 23:38:35.025  2257  2257 D StatusBar:     showMiuiAction=F enableFloat=T enableKeyguard=T floatTime=5000 messageCount=1 persistent=F customHeight=F
09-21 23:38:35.025  5532  5979 V h       : ret=0
09-21 23:38:35.053  2257  2257 D StatusBar: No peeking: unimportant notification: 0|com.github.kr328.clash.foss|2131296550|null|10641
09-21 23:38:35.053  2257  2257 D StatusBar: updateHeadsUp wasHeadsUp=false shouldPeek=false alertAgain=true
09-21 23:38:35.112  2257  2561 D MobileSignalController: onSignalStrengthsChanged: SignalStrength:{mCdma=CellSignalStrengthCdma: cdmaDbm=2147483647 cdmaEcio=2147483647 evdoDbm=2147483647 evdoEcio=2147483647 evdoSnr=2147483647 miuiLevel=0 level=0,mGsm=CellSignalStrengthGsm: rssi=2147483647 ber=2147483647 mTa=2147483647 miuiLevel=0 mLevel=0,mWcdma=CellSignalStrengthWcdma: ss=2147483647 ber=2147483647 rscp=2147483647 ecno=2147483647 miuiLevel=0 level=0,mTdscdma=CellSignalStrengthTdscdma: rssi=2147483647 ber=2147483647 rscp=2147483647 miuiLevel=0 level=0,mLte=CellSignalStrengthLte: rssi=-53 rsrp=-87 rsrq=-13 rssnr=2 cqi=2147483647 ta=2147483647 miuiLevel=5 level=1,mNr=CellSignalStrengthNr:{ csiRsrp = 2147483647 csiRsrq = 2147483647 csiSinr = 2147483647 ssRsrp = 2147483647 ssRsrq = 2147483647 ssSinr = 2147483647 miuiLevel = 0 level = 0 },primary=CellSignalStrengthLte}
09-21 23:38:35.112  2257  2561 D NetworkController.MobileSignalController(5): 4G level = 5
09-21 23:38:35.381  2684  2772 I QcrilOemhookMsgTunnel: [0]processOemHookIndication length=22
09-21 23:38:35.382  2257  2561 D MobileSignalController: onSignalStrengthsChanged: SignalStrength:{mCdma=CellSignalStrengthCdma: cdmaDbm=2147483647 cdmaEcio=2147483647 evdoDbm=2147483647 evdoEcio=2147483647 evdoSnr=2147483647 miuiLevel=0 level=0,mGsm=CellSignalStrengthGsm: rssi=2147483647 ber=2147483647 mTa=2147483647 miuiLevel=0 mLevel=0,mWcdma=CellSignalStrengthWcdma: ss=2147483647 ber=2147483647 rscp=2147483647 ecno=2147483647 miuiLevel=0 level=0,mTdscdma=CellSignalStrengthTdscdma: rssi=2147483647 ber=2147483647 rscp=2147483647 miuiLevel=0 level=0,mLte=CellSignalStrengthLte: rssi=-67 rsrp=-87 rsrq=-12 rssnr=2 cqi=2147483647 ta=2147483647 miuiLevel=5 level=1,mNr=CellSignalStrengthNr:{ csiRsrp = 2147483647 csiRsrq = 2147483647 csiSinr = 2147483647 ssRsrp = 2147483647 ssRsrq = 2147483647 ssSinr = 2147483647 miuiLevel = 0 level = 0 },primary=CellSignalStrengthLte}
09-21 23:38:35.382  2257  2561 D NetworkController.MobileSignalController(5): 4G level = 5
09-21 23:38:35.410  2009  5794 W ActivityManager: Sending non-protected broadcast miui.action.metok.LAC_CHANGED from system 2709:com.android.phone/1001 pkg com.android.phone. Callers=
09-21 23:38:35.431  2257  2561 D MobileSignalController: onServiceStateChanged: {mVoiceRegState=0(IN_SERVICE), mDataRegState=0(IN_SERVICE), mChannelNumber=1350, duplexMode()=1, mCellBandwidths=[], mVoiceOperatorAlphaLong=CHINA MOBILE, mVoiceOperatorAlphaShort=CMCC, mDataOperatorAlphaLong=CHINA MOBILE, mDataOperatorAlphaShort=CMCC, isManualNetworkSelection=false(automatic), getRilVoiceRadioTechnology=14(LTE), getRilDataRadioTechnology=14(LTE), mCssIndicator=supported, mNetworkId=-1, mSystemId=-1, mNetworkId=-1, mSystemId=-1, mCdmaRoamingIndicator=-1, mCdmaDefaultRoamingIndicator=-1, mIsEmergencyOnly=false, isUsingCarrierAggregation=false, mLteEarfcnRsrpBoost=0, mNetworkRegistrationInfos=[NetworkRegistrationInfo{ domain=CS transportType=WWAN registrationState=HOME roamingType=NOT_ROAMING accessNetworkTechnology=LTE rejectCause=0 emergencyEnabled=false availableServices=[VOICE,SMS,VIDEO] cellIdentity=CellIdentityLte:{ mBandwidth=2147483647 mMcc=460 mMnc=00 mAlphaLong=CMCC mAlphaShort=CMCC} voiceSpecificInfo=VoiceSpecificRegistrationInfo { mCssSupported=true mRoamingIndicator=1 mSystemIsInPrl=-1 mDefaultRoamingIndicator=-1} dataSpecificInfo=null nrState=NONE}, NetworkRegistrationInfo{ domain=PS transportType=WWAN registrationState=HOME roamingType=NOT_ROAMING accessNetworkTechnology=LTE rejectCause=0 emergencyEnabled=false availableServices=[DATA] cellIdentity=CellIdentityLte:{ mBandwidth=2147483647 mMcc=460 mMnc=00 mAlphaLong=CMCC mAlphaShort=CMCC} voiceSpecificInfo=null dataSpecificInfo=android.telephony.DataSpecificRegistrationInfo :{ maxDataCalls = 20 isDcNrRestricted = false isNrAvailable = false isEnDcAvailable = false LteVopsSupportInfo :  mVopsSupport = 2 mEmcBearerSupport = 3 mIsUsingCarrierAggregation = false } nrState=NONE}], mNrFrequencyRange=-1, mOperatorAlphaLongRaw=CHINA MOBILE, mOperatorAlphaShortRaw=CMCC, mIsIwlanPreferred=false}, data type = 13
09-21 23:38:35.431  2257  2561 D NetworkController.MobileSignalController(5): 4G level = 5
09-21 23:38:35.433  8068 16954 D AppOpsAdapter: using permission notify! 32
09-21 23:38:35.434  2709  2709 D ServiceStateProvider: subId=5
09-21 23:38:35.434  2257  2257 D KeyguardUpdateMonitor: received broadcast android.intent.action.SERVICE_STATE
09-21 23:38:35.435  2257  2257 V KeyguardUpdateMonitor: action android.intent.action.SERVICE_STATE serviceState={mVoiceRegState=0(IN_SERVICE), mDataRegState=0(IN_SERVICE), mChannelNumber=1350, duplexMode()=1, mCellBandwidths=[], mVoiceOperatorAlphaLong=CHINA MOBILE, mVoiceOperatorAlphaShort=CMCC, mDataOperatorAlphaLong=CHINA MOBILE, mDataOperatorAlphaShort=CMCC, isManualNetworkSelection=false(automatic), getRilVoiceRadioTechnology=14(LTE), getRilDataRadioTechnology=14(LTE), mCssIndicator=supported, mNetworkId=-1, mSystemId=-1, mNetworkId=-1, mSystemId=-1, mCdmaRoamingIndicator=-1, mCdmaDefaultRoamingIndicator=-1, mIsEmergencyOnly=false, isUsingCarrierAggregation=false, mLteEarfcnRsrpBoost=0, mNetworkRegistrationInfos=[NetworkRegistrationInfo{ domain=CS transportType=WWAN registrationState=HOME roamingType=NOT_ROAMING accessNetworkTechnology=LTE rejectCause=0 emergencyEnabled=false availableServices=[VOICE,SMS,VIDEO] cellIdentity=CellIdentityLte:{ mBandwidth=2147483647 mMcc=460 mMnc=00 mAlphaLong=CMCC mAlphaShort=CMCC} voiceSpecificInfo=VoiceSpecificRegistrationInfo { mCssSupported=true mRoamingIndicator=1 mSystemIsInPrl=-1 mDefaultRoamingIndicator=-1} dataSpecificInfo=null nrState=NONE}, NetworkRegistrationInfo{ domain=PS transportType=WWAN registrationState=HOME roamingType=NOT_ROAMING accessNetworkTechnology=LTE rejectCause=0 emergencyEnabled=false availableServices=[DATA] cellIdentity=CellIdentityLte:{ mBandwidth=2147483647 mMcc=460 mMnc=00 mAlphaLong=CMCC mAlphaShort=CMCC} voiceSpecificInfo=null dataSpecificInfo=android.telephony.DataSpecificRegistrationInfo :{ maxDataCalls = 20 isDcNrRestricted = false isNrAvailable = false isEnDcAvailable = false LteVopsSupportInfo :  mVopsSupport = 2 mEmcBearerSupport = 3 mIsUsingCarrierAggregation = false } nrState=NONE}], mNrFrequencyRange=-1, mOperatorAlphaLongRaw=CHINA MOBILE, mOperatorAlphaShortRaw=CMCC, mIsIwlanPreferred=false} subId=5
09-21 23:38:35.436  2643  3688 D QCNEJ/WwanInfoRelay: onServiceStateChanged: dataState: 2 DDS:5 Notify service state update
09-21 23:38:35.436  2257  2257 D KeyguardUpdateMonitor: handleServiceStateChange(subId=5, serviceState={mVoiceRegState=0(IN_SERVICE), mDataRegState=0(IN_SERVICE), mChannelNumber=1350, duplexMode()=1, mCellBandwidths=[], mVoiceOperatorAlphaLong=CHINA MOBILE, mVoiceOperatorAlphaShort=CMCC, mDataOperatorAlphaLong=CHINA MOBILE, mDataOperatorAlphaShort=CMCC, isManualNetworkSelection=false(automatic), getRilVoiceRadioTechnology=14(LTE), getRilDataRadioTechnology=14(LTE), mCssIndicator=supported, mNetworkId=-1, mSystemId=-1, mNetworkId=-1, mSystemId=-1, mCdmaRoamingIndicator=-1, mCdmaDefaultRoamingIndicator=-1, mIsEmergencyOnly=false, isUsingCarrierAggregation=false, mLteEarfcnRsrpBoost=0, mNetworkRegistrationInfos=[NetworkRegistrationInfo{ domain=CS transportType=WWAN registrationState=HOME roamingType=NOT_ROAMING accessNetworkTechnology=LTE rejectCause=0 emergencyEnabled=false availableServices=[VOICE,SMS,VIDEO] cellIdentity=CellIdentityLte:{ mBandwidth=2147483647 mMcc=460 mMnc=00 mAlphaLong=CMCC mAlphaShort=CMCC} voiceSpecificInfo=VoiceSpecificRegistrationInfo { mCssSupported=true mRoamingIndicator=1 mSystemIsInPrl=-1 mDefaultRoamingIndicator=-1} dataSpecificInfo=null nrState=NONE}, NetworkRegistrationInfo{ domain=PS transportType=WWAN registrationState=HOME roamingType=NOT_ROAMING accessNetworkTechnology=LTE rejectCause=0 emergencyEnabled=false availableServices=[DATA] cellIdentity=CellIdentityLte:{ mBandwidth=2147483647 mMcc=460 mMnc=00 mAlphaLong=CMCC mAlphaShort=CMCC} voiceSpecificInfo=null dataSpecificInfo=android.telephony.DataSpecificRegistrationInfo :{ maxDataCalls = 20 isDcNrRestricted = false isNrAvailable = false isEnDcAvailable = false LteVopsSupportInfo :  mVopsSupport = 2 mEmcBearerSupport = 3 mIsUsingCarrierAggregation = false } nrState=NONE}], mNrFrequencyRange=-1, mOperatorAlphaLongRaw=CHINA MOBILE, mOperatorAlphaShortRaw=CMCC, mIsIwlanPreferred=false}
09-21 23:38:35.436 12696 12696 D AutoReg_RegistrationTracker: Try to register since ACTION_SERVICE_STATE_CHANGED
09-21 23:38:35.439  8068 16954 D AppOpsAdapter: using permission notify! 32
09-21 23:38:35.448  8068 16954 D AppOpsAdapter: using permission notify! 32
09-21 23:38:35.468  6290  6360 W .location.fuse: Reducing the number of considered missed Gc histogram windows from 221 to 100
09-21 23:38:35.959  2009  2162 D NtpTrustedTime: currentTimeMillis() cache hit
09-21 23:38:35.960  2009  2162 D NtpTrustedTime: currentTimeMillis() cache hit
09-21 23:38:36.023  2257  2257 D StatusBar: onNotificationPosted key=0|com.github.kr328.clash.foss|2131296550|null|10641 isUpdate=true
09-21 23:38:36.024  2257  2257 D StatusBar: updateNotification old=StatusBarNotification(pkg=com.github.kr328.clash.foss user=UserHandle{0} id=2131296550 tag=null key=0|com.github.kr328.clash.foss|2131296550|null|10641: Notification(channel=clash_status_channel pri=0 contentView=null vibrate=null sound=null defaults=0x0 flags=0x6a color=0xff1e4376 vis=PRIVATE))
09-21 23:38:36.024  2257  2257 D StatusBar:     pkgName=com.github.kr328.clash.foss appUid=10641 sdk=30 imp=2 sysApp=F priApp=F hasShown=F float=F keyguard=F peek=F fullscreen=F
09-21 23:38:36.024  2257  2257 D StatusBar:     showMiuiAction=F enableFloat=T enableKeyguard=T floatTime=5000 messageCount=1 persistent=F customHeight=F
09-21 23:38:36.025  5532  5979 V h       : flags=106
09-21 23:38:36.026  5532  5979 V h       : ret=0
09-21 23:38:36.038  2257  2257 D StatusBar: No peeking: unimportant notification: 0|com.github.kr328.clash.foss|2131296550|null|10641
09-21 23:38:36.038  2257  2257 D StatusBar: updateHeadsUp wasHeadsUp=false shouldPeek=false alertAgain=true
09-21 23:38:37.024  2257  2257 D StatusBar: onNotificationPosted key=0|com.github.kr328.clash.foss|2131296550|null|10641 isUpdate=true
09-21 23:38:37.025  2257  2257 D StatusBar: updateNotification old=StatusBarNotification(pkg=com.github.kr328.clash.foss user=UserHandle{0} id=2131296550 tag=null key=0|com.github.kr328.clash.foss|2131296550|null|10641: Notification(channel=clash_status_channel pri=0 contentView=null vibrate=null sound=null defaults=0x0 flags=0x6a color=0xff1e4376 vis=PRIVATE))
09-21 23:38:37.025  2257  2257 D StatusBar:     pkgName=com.github.kr328.clash.foss appUid=10641 sdk=30 imp=2 sysApp=F priApp=F hasShown=F float=F keyguard=F peek=F fullscreen=F
09-21 23:38:37.025  2257  2257 D StatusBar:     showMiuiAction=F enableFloat=T enableKeyguard=T floatTime=5000 messageCount=1 persistent=F customHeight=F
09-21 23:38:37.028  5532  5979 V h       : flags=106
09-21 23:38:37.029  5532  5979 V h       : ret=0
09-21 23:38:37.041  2257  2257 D StatusBar: No peeking: unimportant notification: 0|com.github.kr328.clash.foss|2131296550|null|10641
09-21 23:38:37.041  2257  2257 D StatusBar: updateHeadsUp wasHeadsUp=false shouldPeek=false alertAgain=true
09-21 23:38:38.025  2257  2257 D StatusBar: onNotificationPosted key=0|com.github.kr328.clash.foss|2131296550|null|10641 isUpdate=true
09-21 23:38:38.025  5532  5979 V h       : flags=106
09-21 23:38:38.026  5532  5979 V h       : ret=0
09-21 23:38:38.026  2257  2257 D StatusBar: updateNotification old=StatusBarNotification(pkg=com.github.kr328.clash.foss user=UserHandle{0} id=2131296550 tag=null key=0|com.github.kr328.clash.foss|2131296550|null|10641: Notification(channel=clash_status_channel pri=0 contentView=null vibrate=null sound=null defaults=0x0 flags=0x6a color=0xff1e4376 vis=PRIVATE))
09-21 23:38:38.026  2257  2257 D StatusBar:     pkgName=com.github.kr328.clash.foss appUid=10641 sdk=30 imp=2 sysApp=F priApp=F hasShown=F float=F keyguard=F peek=F fullscreen=F
09-21 23:38:38.026  2257  2257 D StatusBar:     showMiuiAction=F enableFloat=T enableKeyguard=T floatTime=5000 messageCount=1 persistent=F customHeight=F
09-21 23:38:38.043  2257  2257 D StatusBar: No peeking: unimportant notification: 0|com.github.kr328.clash.foss|2131296550|null|10641
09-21 23:38:38.043  2257  2257 D StatusBar: updateHeadsUp wasHeadsUp=false shouldPeek=false alertAgain=true
09-21 23:38:38.113  2257  2561 D MobileSignalController: onSignalStrengthsChanged: SignalStrength:{mCdma=CellSignalStrengthCdma: cdmaDbm=2147483647 cdmaEcio=2147483647 evdoDbm=2147483647 evdoEcio=2147483647 evdoSnr=2147483647 miuiLevel=0 level=0,mGsm=CellSignalStrengthGsm: rssi=2147483647 ber=2147483647 mTa=2147483647 miuiLevel=0 mLevel=0,mWcdma=CellSignalStrengthWcdma: ss=2147483647 ber=2147483647 rscp=2147483647 ecno=2147483647 miuiLevel=0 level=0,mTdscdma=CellSignalStrengthTdscdma: rssi=2147483647 ber=2147483647 rscp=2147483647 miuiLevel=0 level=0,mLte=CellSignalStrengthLte: rssi=-53 rsrp=-87 rsrq=-12 rssnr=6 cqi=2147483647 ta=2147483647 miuiLevel=5 level=1,mNr=CellSignalStrengthNr:{ csiRsrp = 2147483647 csiRsrq = 2147483647 csiSinr = 2147483647 ssRsrp = 2147483647 ssRsrq = 2147483647 ssSinr = 2147483647 miuiLevel = 0 level = 0 },primary=CellSignalStrengthLte}
09-21 23:38:38.113  2257  2561 D NetworkController.MobileSignalController(5): 4G level = 5
09-21 23:38:39.026  2257  2257 D StatusBar: onNotificationPosted key=0|com.github.kr328.clash.foss|2131296550|null|10641 isUpdate=true
09-21 23:38:39.027  2257  2257 D StatusBar: updateNotification old=StatusBarNotification(pkg=com.github.kr328.clash.foss user=UserHandle{0} id=2131296550 tag=null key=0|com.github.kr328.clash.foss|2131296550|null|10641: Notification(channel=clash_status_channel pri=0 contentView=null vibrate=null sound=null defaults=0x0 flags=0x6a color=0xff1e4376 vis=PRIVATE))
09-21 23:38:39.027  2257  2257 D StatusBar:     pkgName=com.github.kr328.clash.foss appUid=10641 sdk=30 imp=2 sysApp=F priApp=F hasShown=F float=F keyguard=F peek=F fullscreen=F
09-21 23:38:39.027  2257  2257 D StatusBar:     showMiuiAction=F enableFloat=T enableKeyguard=T floatTime=5000 messageCount=1 persistent=F customHeight=F
09-21 23:38:39.030  5532  5979 V h       : flags=106
09-21 23:38:39.031  5532  5979 V h       : ret=0
09-21 23:38:39.042  2257  2257 D StatusBar: No peeking: unimportant notification: 0|com.github.kr328.clash.foss|2131296550|null|10641
09-21 23:38:39.042  2257  2257 D StatusBar: updateHeadsUp wasHeadsUp=false shouldPeek=false alertAgain=true
09-21 23:38:40.029  2257  2257 D StatusBar: onNotificationPosted key=0|com.github.kr328.clash.foss|2131296550|null|10641 isUpdate=true
09-21 23:38:40.029  5532  5979 V h       : flags=106
09-21 23:38:40.029  2257  2257 D StatusBar: updateNotification old=StatusBarNotification(pkg=com.github.kr328.clash.foss user=UserHandle{0} id=2131296550 tag=null key=0|com.github.kr328.clash.foss|2131296550|null|10641: Notification(channel=clash_status_channel pri=0 contentView=null vibrate=null sound=null defaults=0x0 flags=0x6a color=0xff1e4376 vis=PRIVATE))
09-21 23:38:40.029  2257  2257 D StatusBar:     pkgName=com.github.kr328.clash.foss appUid=10641 sdk=30 imp=2 sysApp=F priApp=F hasShown=F float=F keyguard=F peek=F fullscreen=F
09-21 23:38:40.029  2257  2257 D StatusBar:     showMiuiAction=F enableFloat=T enableKeyguard=T floatTime=5000 messageCount=1 persistent=F customHeight=F
09-21 23:38:40.030  5532  5979 V h       : ret=0
09-21 23:38:40.045  2257  2257 D StatusBar: No peeking: unimportant notification: 0|com.github.kr328.clash.foss|2131296550|null|10641
09-21 23:38:40.045  2257  2257 D StatusBar: updateHeadsUp wasHeadsUp=false shouldPeek=false alertAgain=true
09-21 23:38:40.651   768  3174 I vendor.qti.bluetooth@1.0-ibs_handler: ProcessIbsCmd: Received IBS_WAKE_IND: 0xFD
09-21 23:38:40.651   768  3174 D vendor.qti.bluetooth@1.0-ibs_handler: SerialClockVote: vote for UART CLK ON
09-21 23:38:40.652   768  3174 D vendor.qti.bluetooth@1.0-wake_lock: Acquire wakelock is acquired 
09-21 23:38:40.652   768  3174 I vendor.qti.bluetooth@1.0-ibs_handler: ProcessIbsCmd: Writing IBS_WAKE_ACK
09-21 23:38:40.654  2237  3177 V bt_stack: [VERBOSE1:btm_ble_gap.cc(1923)] btm_ble_process_ext_adv_pkt: bda=34:fa:1c:17:4f:9f
09-21 23:38:40.654  2237  3177 V bt_stack: [VERBOSE1:btm_ble_gap.cc(1847)] btm_ble_process_adv_addr: bda=34:fa:1c:17:4f:9f
09-21 23:38:40.654  2237  3177 V bt_stack: [VERBOSE1:btm_ble_gap.cc(2052)]  Waiting for scan response 34:fa:1c:17:4f:9f
09-21 23:38:40.654  2237  3177 V bt_stack: [VERBOSE1:btm_ble_gap.cc(1923)] btm_ble_process_ext_adv_pkt: bda=34:fa:1c:17:4f:9f
09-21 23:38:40.654  2237  3177 V bt_stack: [VERBOSE1:btm_ble_gap.cc(1847)] btm_ble_process_adv_addr: bda=34:fa:1c:17:4f:9f
09-21 23:38:40.655  2237  2370 D BluetoothUtils: blockedByLocationOff callingUid=1002
09-21 23:38:40.655  2237  2370 I BluetoothUtils: packagename is android.uid.bluetooth:1002 ,and its permission is false
09-21 23:38:40.658 25358 25428 D MiuiMiHomeConnectController: result.getRssi = -9000:00:00:17:4F:9F
09-21 23:38:40.693   768  3174 I vendor.qti.bluetooth@1.0-ibs_handler: ProcessIbsCmd: Received IBS_SLEEP_IND: 0xFE
09-21 23:38:40.693   768  3174 D vendor.qti.bluetooth@1.0-ibs_handler: SerialClockVote: vote for UART CLK OFF
09-21 23:38:40.843   768  2923 D vendor.qti.bluetooth@1.0-wake_lock: Release wakelock is released 
09-21 23:38:41.027  2257  2257 D StatusBar: onNotificationPosted key=0|com.github.kr328.clash.foss|2131296550|null|10641 isUpdate=true
09-21 23:38:41.028  5532  5979 V h       : flags=106
09-21 23:38:41.028  2257  2257 D StatusBar: updateNotification old=StatusBarNotification(pkg=com.github.kr328.clash.foss user=UserHandle{0} id=2131296550 tag=null key=0|com.github.kr328.clash.foss|2131296550|null|10641: Notification(channel=clash_status_channel pri=0 contentView=null vibrate=null sound=null defaults=0x0 flags=0x6a color=0xff1e4376 vis=PRIVATE))
09-21 23:38:41.028  2257  2257 D StatusBar:     pkgName=com.github.kr328.clash.foss appUid=10641 sdk=30 imp=2 sysApp=F priApp=F hasShown=F float=F keyguard=F peek=F fullscreen=F
09-21 23:38:41.028  2257  2257 D StatusBar:     showMiuiAction=F enableFloat=T enableKeyguard=T floatTime=5000 messageCount=1 persistent=F customHeight=F
09-21 23:38:41.028  5532  5979 V h       : ret=0
09-21 23:38:41.047  2257  2257 D StatusBar: No peeking: unimportant notification: 0|com.github.kr328.clash.foss|2131296550|null|10641
09-21 23:38:41.047  2257  2257 D StatusBar: updateHeadsUp wasHeadsUp=false shouldPeek=false alertAgain=true
09-21 23:38:41.338  2257  2561 D MobileSignalController: updateDataType mSelectedDataTypeIcon[0]=2131233307, mSelectedDataActivityIndex=6
09-21 23:38:41.338  2257  2561 D TelephonyIcons: getSignalStrengthIcon: slot=0, inetCondition=1, level=5, roaming=false, signalstrength=SignalStrength:{mCdma=CellSignalStrengthCdma: cdmaDbm=2147483647 cdmaEcio=2147483647 evdoDbm=2147483647 evdoEcio=2147483647 evdoSnr=2147483647 miuiLevel=0 level=0,mGsm=CellSignalStrengthGsm: rssi=2147483647 ber=2147483647 mTa=2147483647 miuiLevel=0 mLevel=0,mWcdma=CellSignalStrengthWcdma: ss=2147483647 ber=2147483647 rscp=2147483647 ecno=2147483647 miuiLevel=0 level=0,mTdscdma=CellSignalStrengthTdscdma: rssi=2147483647 ber=2147483647 rscp=2147483647 miuiLevel=0 level=0,mLte=CellSignalStrengthLte: rssi=-53 rsrp=-87 rsrq=-12 rssnr=6 cqi=2147483647 ta=2147483647 miuiLevel=5 level=1,mNr=CellSignalStrengthNr:{ csiRsrp = 2147483647 csiRsrq = 2147483647 csiSinr = 2147483647 ssRsrp = 2147483647 ssRsrq = 2147483647 ssSinr = 2147483647 miuiLevel = 0 level = 0 },primary=CellSignalStrengthLte}
09-21 23:38:41.338  2257  2561 D TelephonyIcons: getDataActivity, slot=0, activity=0
09-21 23:38:41.340  2257  2561 D TelephonyIcons: null signal icon name: drawable/stat_sys_signal_null
09-21 23:38:41.340  2257  2561 D TelephonyIcons: getDataTypeIcon sub=0
09-21 23:38:41.341  2257  2257 D SignalClusterView: updateMobileTypeImage  0
09-21 23:38:41.362  2257  2257 I chatty  : uid=1000(system) com.android.systemui identical 5 lines
09-21 23:38:41.362  2257  2257 D SignalClusterView: updateMobileTypeImage  0
09-21 23:38:41.632   768  3174 I vendor.qti.bluetooth@1.0-ibs_handler: ProcessIbsCmd: Received IBS_WAKE_IND: 0xFD
